Archive member included to satisfy reference by file (symbol)

C:/Program Files/SEGGER/SEGGER Embedded Studio for ARM 5.42a/lib/libc_v7em_fpv4_sp_d16_hard_t_le_eabi.a(libc2_asm.o)
                              Output/Debug/Obj/ECG/nrf_memobj.o (memcpy)
C:/Program Files/SEGGER/SEGGER Embedded Studio for ARM 5.42a/lib/libc_v7em_fpv4_sp_d16_hard_t_le_eabi.a(libvfprintf.o)
                              (__vfprintf_long)
C:/Program Files/SEGGER/SEGGER Embedded Studio for ARM 5.42a/lib/libc_v7em_fpv4_sp_d16_hard_t_le_eabi.a(libvfscanf.o)
                              (__vfscanf_int)
C:/Program Files/SEGGER/SEGGER Embedded Studio for ARM 5.42a/lib/libc_v7em_fpv4_sp_d16_hard_t_le_eabi.a(libc_asm.o)
                              C:/Program Files/SEGGER/SEGGER Embedded Studio for ARM 5.42a/lib/libc_v7em_fpv4_sp_d16_hard_t_le_eabi.a(libvfprintf.o) (__aeabi_uldivmod)
C:/Program Files/SEGGER/SEGGER Embedded Studio for ARM 5.42a/lib/libc_v7em_fpv4_sp_d16_hard_t_le_eabi.a(libc2.o)
                              C:/Program Files/SEGGER/SEGGER Embedded Studio for ARM 5.42a/lib/libc_v7em_fpv4_sp_d16_hard_t_le_eabi.a(libvfscanf.o) (__getc)
C:/Program Files/SEGGER/SEGGER Embedded Studio for ARM 5.42a/lib/libc_v7em_fpv4_sp_d16_hard_t_le_eabi.a(libc.o)
                              C:/Program Files/SEGGER/SEGGER Embedded Studio for ARM 5.42a/lib/libc_v7em_fpv4_sp_d16_hard_t_le_eabi.a(libc2.o) (__heap_lock)
C:/Program Files/SEGGER/SEGGER Embedded Studio for ARM 5.42a/lib/libdebugio_v7em_fpv4_sp_d16_hard_t_le_eabi.a(libdebugio.o)
                              Output/Debug/Obj/ECG/thumb_crt0.o (debug_fopen)
C:/Program Files/SEGGER/SEGGER Embedded Studio for ARM 5.42a/lib/libdebugio_v7em_fpv4_sp_d16_hard_t_le_eabi.a(do_nv_debug_operation.o)
                              C:/Program Files/SEGGER/SEGGER Embedded Studio for ARM 5.42a/lib/libdebugio_v7em_fpv4_sp_d16_hard_t_le_eabi.a(libdebugio.o) (__do_nvdebug_operation)
C:/Program Files/SEGGER/SEGGER Embedded Studio for ARM 5.42a/lib/libdebugio_v7em_fpv4_sp_d16_hard_t_le_eabi.a(mempoll_debug_operations.o)
                              (__do_debug_operation_mempoll)
C:/Program Files/SEGGER/SEGGER Embedded Studio for ARM 5.42a/lib/libm_v7em_fpv4_sp_d16_hard_t_le_eabi.a(libm_asm.o)
                              C:/Program Files/SEGGER/SEGGER Embedded Studio for ARM 5.42a/lib/libc_v7em_fpv4_sp_d16_hard_t_le_eabi.a(libvfprintf.o) (__aeabi_dadd)
C:/Program Files/SEGGER/SEGGER Embedded Studio for ARM 5.42a/lib/libm_v7em_fpv4_sp_d16_hard_t_le_eabi.a(libm2.o)
                              C:/Program Files/SEGGER/SEGGER Embedded Studio for ARM 5.42a/lib/libc_v7em_fpv4_sp_d16_hard_t_le_eabi.a(libvfprintf.o) (frexp)

Discarded input sections

 .text          0x0000000000000000        0x0 Output/Debug/Obj/ECG/thumb_crt0.o
 .data          0x0000000000000000        0x0 Output/Debug/Obj/ECG/thumb_crt0.o
 .bss           0x0000000000000000        0x0 Output/Debug/Obj/ECG/thumb_crt0.o
 .text.__aeabi_read_tp
                0x0000000000000000        0x8 Output/Debug/Obj/ECG/thumb_crt0.o
 .text.abort    0x0000000000000000        0x2 Output/Debug/Obj/ECG/thumb_crt0.o
 .text.__assert
                0x0000000000000000        0x2 Output/Debug/Obj/ECG/thumb_crt0.o
 .text.__assert_func
                0x0000000000000000        0x2 Output/Debug/Obj/ECG/thumb_crt0.o
 .text.__aeabi_assert
                0x0000000000000000        0x2 Output/Debug/Obj/ECG/thumb_crt0.o
 .text.__sync_synchronize
                0x0000000000000000        0x2 Output/Debug/Obj/ECG/thumb_crt0.o
 .text.__getchar
                0x0000000000000000        0x4 Output/Debug/Obj/ECG/thumb_crt0.o
 .text.__putchar
                0x0000000000000000        0x4 Output/Debug/Obj/ECG/thumb_crt0.o
 .text.__open   0x0000000000000000        0x4 Output/Debug/Obj/ECG/thumb_crt0.o
 .text.__close  0x0000000000000000        0x4 Output/Debug/Obj/ECG/thumb_crt0.o
 .text.__write  0x0000000000000000        0xa Output/Debug/Obj/ECG/thumb_crt0.o
 .text.__read   0x0000000000000000        0xa Output/Debug/Obj/ECG/thumb_crt0.o
 .text.__seek   0x0000000000000000       0x1a Output/Debug/Obj/ECG/thumb_crt0.o
 .text.remove   0x0000000000000000        0x4 Output/Debug/Obj/ECG/thumb_crt0.o
 .text.rename   0x0000000000000000        0x4 Output/Debug/Obj/ECG/thumb_crt0.o
 .bss.__user_locale_name_buffer
                0x0000000000000000        0x4 Output/Debug/Obj/ECG/thumb_crt0.o
 .stack         0x0000000000000000        0x0 Output/Debug/Obj/ECG/thumb_crt0.o
 .stack_process
                0x0000000000000000        0x0 Output/Debug/Obj/ECG/thumb_crt0.o
 .heap          0x0000000000000000        0x0 Output/Debug/Obj/ECG/thumb_crt0.o
 .group         0x0000000000000000        0xc Output/Debug/Obj/ECG/nrf_log_frontend.o
 .group         0x0000000000000000        0xc Output/Debug/Obj/ECG/nrf_log_frontend.o
 .group         0x0000000000000000        0xc Output/Debug/Obj/ECG/nrf_log_frontend.o
 .group         0x0000000000000000        0xc Output/Debug/Obj/ECG/nrf_log_frontend.o
[...]
Memory Configuration

Name             Origin             Length             Attributes
UNPLACED_SECTIONS 0x0000000100000000 0x0000000000000000 xw
RAM              0x0000000020000000 0x0000000000010000 xw
FLASH            0x0000000000000000 0x0000000000080000 xw
*default*        0x0000000000000000 0xffffffffffffffff

Linker script and memory map

                0x0000000000000000                __do_debug_operation = __do_debug_operation_mempoll
                0x0000000000000000                __vfprintf = __vfprintf_long
                0x0000000000000000                __vfscanf = __vfscanf_int
                0x0000000020000000                __RAM_segment_start__ = 0x20000000
                0x0000000020010000                __RAM_segment_end__ = 0x20010000
                0x0000000000010000                __RAM_segment_size__ = 0x10000
                0x0000000000000000                __FLASH_segment_start__ = 0x0
                0x0000000000080000                __FLASH_segment_end__ = 0x80000
                0x0000000000080000                __FLASH_segment_size__ = 0x80000
                0x0000000000000200                __HEAPSIZE__ = 0x200
                0x0000000000000000                __STACKSIZE_PROCESS__ = 0x0
                0x0000000000000800                __STACKSIZE__ = 0x800
                0x0000000020000000                __reserved_ram_load_start__ = 0x20000000

.reserved_ram   0x0000000020000000      0xb80
                0x0000000020000000                __reserved_ram_start__ = .
 *(.reserved_ram .reserved_ram.*)
                0x0000000020000b80                . = MAX (((__reserved_ram_start__ + 0x20000b80) - 0x20000000), .)
 *fill*         0x0000000020000000      0xb80 
                0x0000000020000b80                __reserved_ram_end__ = (__reserved_ram_start__ + SIZEOF (.reserved_ram))
                0x0000000000000b80                __reserved_ram_size__ = SIZEOF (.reserved_ram)
                0x0000000020000b80                __reserved_ram_load_end__ = __reserved_ram_end__
                0x0000000000000001                . = ASSERT (((__reserved_ram_start__ == __reserved_ram_end__) || ((__reserved_ram_end__ - __RAM_segment_start__) <= __RAM_segment_size__)), error: .reserved_ram is too large to fit in RAM memory segment)
                0x0000000020000b80                __vectors_ram_load_start__ = 0x20000b80

.vectors_ram    0x0000000020000b80        0x0
                0x0000000020000b80                __vectors_ram_start__ = .
                0x0000000020000b80                __app_ram_start__ = __vectors_ram_start__
 *(.vectors_ram .vectors_ram.*)
                0x0000000020000b80                __vectors_ram_end__ = (__vectors_ram_start__ + SIZEOF (.vectors_ram))
                0x0000000000000000                __vectors_ram_size__ = SIZEOF (.vectors_ram)
                0x0000000020000b80                __vectors_ram_load_end__ = __vectors_ram_end__
                0x0000000000000001                . = ASSERT (((__vectors_ram_start__ == __vectors_ram_end__) || ((__vectors_ram_end__ - __RAM_segment_start__) <= __RAM_segment_size__)), error: .vectors_ram is too large to fit in RAM memory segment)
                0x0000000000000001                . = ASSERT ((__reserved_ram_end__ <= __vectors_ram_start__), error: section .reserved_ram overlaps absolute placed section .vectors_ram)
                0x0000000020000b80                __nrf_sections_run_load_start__ = ALIGN (__vectors_ram_end__, 0x4)

.nrf_sections_run
                0x0000000020000b80        0x0
                0x0000000020000b80                __nrf_sections_run_start__ = .
                0x0000000020000b80                __start_nrf_sections_run = __nrf_sections_run_start__
 *(.nrf_sections_run .nrf_sections_run.*)
                0x0000000020000b80                __nrf_sections_run_end__ = (__nrf_sections_run_start__ + SIZEOF (.nrf_sections_run))
                0x0000000000000000                __nrf_sections_run_size__ = SIZEOF (.nrf_sections_run)
                0x0000000020000b80                __nrf_sections_run_load_end__ = __nrf_sections_run_end__
                0x0000000000000001                . = ASSERT (((__nrf_sections_run_start__ == __nrf_sections_run_end__) || ((__nrf_sections_run_end__ - __RAM_segment_start__) <= __RAM_segment_size__)), error: .nrf_sections_run is too large to fit in RAM memory segment)
                0x0000000000000000                __reserved_flash_load_start__ = 0x0

.reserved_flash
                0x0000000000000000    0x12000
                0x0000000000000000                __reserved_flash_start__ = .
 *(.reserved_flash .reserved_flash.*)
                0x0000000000012000                . = MAX (((__reserved_flash_start__ + 0x12000) - 0x0), .)
 *fill*         0x0000000000000000    0x12000 
                0x0000000000012000                __reserved_flash_end__ = (__reserved_flash_start__ + SIZEOF (.reserved_flash))
                0x0000000000012000                __reserved_flash_size__ = SIZEOF (.reserved_flash)
                0x0000000000012000                __reserved_flash_load_end__ = __reserved_flash_end__
                0x0000000000000001                . = ASSERT (((__reserved_flash_start__ == __reserved_flash_end__) || ((__reserved_flash_end__ - __FLASH_segment_start__) <= __FLASH_segment_size__)), error: .reserved_flash is too large to fit in FLASH memory segment)
                0x0000000000012000                __vectors_load_start__ = 0x12000

.vectors        0x0000000000012000       0xdc
                0x0000000000012000                __vectors_start__ = .
 *(.vectors .vectors.*)
 .vectors       0x0000000000012000       0xdc Output/Debug/Obj/ECG/ses_nrf52_Vectors.o
                0x0000000000012000                _vectors
                0x00000000000120dc                __vectors_end__ = (__vectors_start__ + SIZEOF (.vectors))
                0x00000000000000dc                __vectors_size__ = SIZEOF (.vectors)
                0x00000000000120dc                __vectors_load_end__ = __vectors_end__
                0x0000000000000001                . = ASSERT (((__vectors_start__ == __vectors_end__) || ((__vectors_end__ - __FLASH_segment_start__) <= __FLASH_segment_size__)), error: .vectors is too large to fit in FLASH memory segment)
                0x0000000000000001                . = ASSERT ((__reserved_flash_end__ <= __vectors_start__), error: section .reserved_flash overlaps absolute placed section .vectors)
                0x00000000000120dc                __init_load_start__ = ALIGN (__vectors_end__, 0x4)

.init           0x00000000000120dc      0x214
                0x00000000000120dc                __init_start__ = .
 *(.init .init.*)
 .init          0x00000000000120dc      0x15c Output/Debug/Obj/ECG/thumb_crt0.o
                0x00000000000120dc                _start
                0x0000000000012190                exit
 .init          0x0000000000012238       0x58 Output/Debug/Obj/ECG/ses_nRF_Startup.o
                0x0000000000012238                Reset_Handler
                0x000000000001225c                InitializeUserMemorySections
 .init          0x0000000000012290       0x60 Output/Debug/Obj/ECG/ses_nrf52_Vectors.o
                0x0000000000012290                NMI_Handler
                0x0000000000012292                HardFault_Handler
                0x0000000000012294                MemoryManagement_Handler
                0x0000000000012296                BusFault_Handler
                0x0000000000012298                UsageFault_Handler
                0x000000000001229a                SVC_Handler
                0x000000000001229c                DebugMon_Handler
                0x000000000001229e                PendSV_Handler
                0x00000000000122a0                SysTick_Handler
                0x00000000000122a6                RADIO_IRQHandler
                0x00000000000122aa                SPIM0_SPIS0_TWIM0_TWIS0_SPI0_TWI0_IRQHandler
                0x00000000000122ac                SPIM1_SPIS1_TWIM1_TWIS1_SPI1_TWI1_IRQHandler
                0x00000000000122ae                NFCT_IRQHandler
                0x00000000000122b0                GPIOTE_IRQHandler
                0x00000000000122b4                TIMER0_IRQHandler
                0x00000000000122b6                TIMER1_IRQHandler
                0x00000000000122b8                TIMER2_IRQHandler
                0x00000000000122bc                TEMP_IRQHandler
                0x00000000000122be                RNG_IRQHandler
                0x00000000000122c0                ECB_IRQHandler
                0x00000000000122c2                CCM_AAR_IRQHandler
                0x00000000000122c4                WDT_IRQHandler
                0x00000000000122c6                RTC1_IRQHandler
                0x00000000000122c8                QDEC_IRQHandler
                0x00000000000122ca                COMP_LPCOMP_IRQHandler
                0x00000000000122cc                SWI0_EGU0_IRQHandler
                0x00000000000122ce                SWI1_EGU1_IRQHandler
                0x00000000000122d2                SWI3_EGU3_IRQHandler
                0x00000000000122d4                SWI4_EGU4_IRQHandler
                0x00000000000122d6                SWI5_EGU5_IRQHandler
                0x00000000000122d8                TIMER3_IRQHandler
                0x00000000000122da                TIMER4_IRQHandler
                0x00000000000122dc                PWM0_IRQHandler
                0x00000000000122de                PDM_IRQHandler
                0x00000000000122e0                MWU_IRQHandler
                0x00000000000122e2                PWM1_IRQHandler
                0x00000000000122e4                PWM2_IRQHandler
                0x00000000000122e6                SPIM2_SPIS2_SPI2_IRQHandler
                0x00000000000122e8                RTC2_IRQHandler
                0x00000000000122ea                I2S_IRQHandler
                0x00000000000122ec                FPU_IRQHandler
                0x00000000000122f0                __init_end__ = (__init_start__ + SIZEOF (.init))
                0x0000000000000214                __init_size__ = SIZEOF (.init)
                0x00000000000122f0                __init_load_end__ = __init_end__
                0x0000000000000001                . = ASSERT (((__init_start__ == __init_end__) || ((__init_end__ - __FLASH_segment_start__) <= __FLASH_segment_size__)), error: .init is too large to fit in FLASH memory segment)
                0x00000000000122f0                __init_rodata_load_start__ = ALIGN (__init_end__, 0x4)

.init_rodata    0x00000000000122f0        0x0
                0x00000000000122f0                __init_rodata_start__ = .
 *(.init_rodata .init_rodata.*)
                0x00000000000122f0                __init_rodata_end__ = (__init_rodata_start__ + SIZEOF (.init_rodata))
                0x0000000000000000                __init_rodata_size__ = SIZEOF (.init_rodata)
                0x00000000000122f0                __init_rodata_load_end__ = __init_rodata_end__
                0x0000000000000001                . = ASSERT (((__init_rodata_start__ == __init_rodata_end__) || ((__init_rodata_end__ - __FLASH_segment_start__) <= __FLASH_segment_size__)), error: .init_rodata is too large to fit in FLASH memory segment)
                0x00000000000122f0                __text_load_start__ = ALIGN (__init_rodata_end__, 0x4)

.text           0x00000000000122f0     0x2d62
                0x00000000000122f0                __text_start__ = .
 *(.text .text.* .glue_7t .glue_7 .gnu.linkonce.t.* .gcc_except_table .ARM.extab* .gnu.linkonce.armextab.*)
 .glue_7        0x00000000000122f0        0x0 linker stubs
 .glue_7t       0x00000000000122f0        0x0 linker stubs
 .text.app_error_handler
                0x00000000000122f0       0x30 Output/Debug/Obj/ECG/app_error.o
                0x00000000000122f0                app_error_handler
 .text.app_error_save_and_stop
                0x0000000000012320       0x9c Output/Debug/Obj/ECG/app_error.o
                0x0000000000012320                app_error_save_and_stop
 .text.app_error_fault_handler
                0x00000000000123bc       0x50 Output/Debug/Obj/ECG/app_error_weak.o
                0x00000000000123bc                app_error_fault_handler
 .text.app_util_disable_irq
                0x000000000001240c       0x18 Output/Debug/Obj/ECG/app_util_platform.o
                0x000000000001240c                app_util_disable_irq
 .text.app_util_enable_irq
                0x0000000000012424       0x20 Output/Debug/Obj/ECG/app_util_platform.o
                0x0000000000012424                app_util_enable_irq
 .text.app_util_critical_region_enter
                0x0000000000012444       0x28 Output/Debug/Obj/ECG/app_util_platform.o
                0x0000000000012444                app_util_critical_region_enter
 .text.app_util_critical_region_exit
                0x000000000001246c       0x2c Output/Debug/Obj/ECG/app_util_platform.o
                0x000000000001246c                app_util_critical_region_exit
 .text.privilege_level_get
                0x0000000000012498       0x3a Output/Debug/Obj/ECG/app_util_platform.o
                0x0000000000012498                privilege_level_get
 .text.assert_nrf_callback
                0x00000000000124d2       0x2e Output/Debug/Obj/ECG/nrf_assert.o
                0x00000000000124d2                assert_nrf_callback
 .text.nrf_clock_int_enable
                0x0000000000012500       0x14 Output/Debug/Obj/ECG/nrf_drv_clock.o
 .text.nrf_clock_int_disable
                0x0000000000012514       0x14 Output/Debug/Obj/ECG/nrf_drv_clock.o
 .text.nrf_clock_task_trigger
                0x0000000000012528       0x1a Output/Debug/Obj/ECG/nrf_drv_clock.o
 .text.nrf_clock_event_clear
                0x0000000000012542       0x28 Output/Debug/Obj/ECG/nrf_drv_clock.o
 .text.nrf_clock_event_check
                0x000000000001256a       0x22 Output/Debug/Obj/ECG/nrf_drv_clock.o
 .text.nrf_clock_lf_src_set
                0x000000000001258c       0x1e Output/Debug/Obj/ECG/nrf_drv_clock.o
 *fill*         0x00000000000125aa        0x2 
 .text.nrf_drv_common_irq_enable_check
                0x00000000000125ac       0x38 Output/Debug/Obj/ECG/nrf_drv_clock.o
 .text.nrf_drv_common_power_clock_irq_init
                0x00000000000125e4       0x20 Output/Debug/Obj/ECG/nrf_drv_clock.o
 .text.lfclk_start
                0x0000000000012604       0x1a Output/Debug/Obj/ECG/nrf_drv_clock.o
 .text.hfclk_start
                0x000000000001261e       0x1a Output/Debug/Obj/ECG/nrf_drv_clock.o
 .text.nrf_drv_clock_init
                0x0000000000012638       0x4c Output/Debug/Obj/ECG/nrf_drv_clock.o
                0x0000000000012638                nrf_drv_clock_init
 .text.item_enqueue
                0x0000000000012684       0x38 Output/Debug/Obj/ECG/nrf_drv_clock.o
 .text.item_dequeue
                0x00000000000126bc       0x20 Output/Debug/Obj/ECG/nrf_drv_clock.o
 .text.nrf_drv_clock_lfclk_request
                0x00000000000126dc       0x9c Output/Debug/Obj/ECG/nrf_drv_clock.o
                0x00000000000126dc                nrf_drv_clock_lfclk_request
 .text.nrf_drv_clock_hfclk_request
                0x0000000000012778       0xa0 Output/Debug/Obj/ECG/nrf_drv_clock.o
                0x0000000000012778                nrf_drv_clock_hfclk_request
 .text.clock_clk_started_notify
                0x0000000000012818       0x4c Output/Debug/Obj/ECG/nrf_drv_clock.o
 .text.POWER_CLOCK_IRQHandler
                0x0000000000012864       0x5c Output/Debug/Obj/ECG/nrf_drv_clock.o
                0x0000000000012864                POWER_CLOCK_IRQHandler
 .text.NVIC_EnableIRQ
                0x00000000000128c0       0x2c Output/Debug/Obj/ECG/nrf_drv_common.o
 .text.NVIC_ClearPendingIRQ
                0x00000000000128ec       0x30 Output/Debug/Obj/ECG/nrf_drv_common.o
 .text.NVIC_SetPriority
                0x000000000001291c       0x50 Output/Debug/Obj/ECG/nrf_drv_common.o
 .text.nrf_drv_common_irq_enable
                0x000000000001296c       0x54 Output/Debug/Obj/ECG/nrf_drv_common.o
                0x000000000001296c                nrf_drv_common_irq_enable
 .text.nrf_rtc_int_enable
                0x00000000000129c0       0x14 Output/Debug/Obj/ECG/nrf_drv_rtc.o
 .text.nrf_rtc_int_disable
                0x00000000000129d4       0x14 Output/Debug/Obj/ECG/nrf_drv_rtc.o
 .text.nrf_rtc_int_is_enabled
                0x00000000000129e8       0x16 Output/Debug/Obj/ECG/nrf_drv_rtc.o
 .text.nrf_rtc_event_pending
                0x00000000000129fe       0x1a Output/Debug/Obj/ECG/nrf_drv_rtc.o
 .text.nrf_rtc_event_clear
                0x0000000000012a18       0x2a Output/Debug/Obj/ECG/nrf_drv_rtc.o
 *fill*         0x0000000000012a42        0x2 
 .text.nrf_rtc_prescaler_set
                0x0000000000012a44       0x30 Output/Debug/Obj/ECG/nrf_drv_rtc.o
 .text.nrf_rtc_task_trigger
                0x0000000000012a74       0x1e Output/Debug/Obj/ECG/nrf_drv_rtc.o
 .text.nrf_rtc_event_enable
                0x0000000000012a92       0x14 Output/Debug/Obj/ECG/nrf_drv_rtc.o
 .text.nrf_rtc_event_disable
                0x0000000000012aa6       0x14 Output/Debug/Obj/ECG/nrf_drv_rtc.o
 *fill*         0x0000000000012aba        0x2 
 .text.nrf_drv_rtc_init
                0x0000000000012abc       0xd8 Output/Debug/Obj/ECG/nrf_drv_rtc.o
                0x0000000000012abc                nrf_drv_rtc_init
 .text.nrf_drv_rtc_enable
                0x0000000000012b94       0x54 Output/Debug/Obj/ECG/nrf_drv_rtc.o
                0x0000000000012b94                nrf_drv_rtc_enable
 .text.nrf_drv_rtc_tick_enable
                0x0000000000012be8       0x50 Output/Debug/Obj/ECG/nrf_drv_rtc.o
                0x0000000000012be8                nrf_drv_rtc_tick_enable
 .text.nrf_drv_rtc_int_handler
                0x0000000000012c38      0x114 Output/Debug/Obj/ECG/nrf_drv_rtc.o
 .text.RTC0_IRQHandler
                0x0000000000012d4c       0x14 Output/Debug/Obj/ECG/nrf_drv_rtc.o
                0x0000000000012d4c                RTC0_IRQHandler
 .text.nrf_saadc_task_trigger
                0x0000000000012d60       0x1e Output/Debug/Obj/ECG/nrf_drv_saadc.o
 .text.nrf_saadc_task_address_get
                0x0000000000012d7e       0x1a Output/Debug/Obj/ECG/nrf_drv_saadc.o
 .text.nrf_saadc_event_check
                0x0000000000012d98       0x26 Output/Debug/Obj/ECG/nrf_drv_saadc.o
 .text.nrf_saadc_event_clear
                0x0000000000012dbe       0x30 Output/Debug/Obj/ECG/nrf_drv_saadc.o
 *fill*         0x0000000000012dee        0x2 
 .text.nrf_saadc_channel_input_set
                0x0000000000012df0       0x44 Output/Debug/Obj/ECG/nrf_drv_saadc.o
 .text.nrf_saadc_int_enable
                0x0000000000012e34       0x18 Output/Debug/Obj/ECG/nrf_drv_saadc.o
 .text.nrf_saadc_int_disable
                0x0000000000012e4c       0x18 Output/Debug/Obj/ECG/nrf_drv_saadc.o
 .text.nrf_saadc_enable
                0x0000000000012e64       0x10 Output/Debug/Obj/ECG/nrf_drv_saadc.o
 .text.nrf_saadc_disable
                0x0000000000012e74       0x10 Output/Debug/Obj/ECG/nrf_drv_saadc.o
 .text.nrf_saadc_buffer_init
                0x0000000000012e84       0x20 Output/Debug/Obj/ECG/nrf_drv_saadc.o
 .text.nrf_saadc_resolution_set
                0x0000000000012ea4       0x1c Output/Debug/Obj/ECG/nrf_drv_saadc.o
 .text.nrf_saadc_oversample_set
                0x0000000000012ec0       0x1c Output/Debug/Obj/ECG/nrf_drv_saadc.o
 .text.nrf_saadc_oversample_get
                0x0000000000012edc       0x10 Output/Debug/Obj/ECG/nrf_drv_saadc.o
 .text.SAADC_IRQHandler
                0x0000000000012eec      0x250 Output/Debug/Obj/ECG/nrf_drv_saadc.o
                0x0000000000012eec                SAADC_IRQHandler
 .text.nrf_drv_saadc_init
                0x000000000001313c       0xd0 Output/Debug/Obj/ECG/nrf_drv_saadc.o
                0x000000000001313c                nrf_drv_saadc_init
 .text.nrf_drv_saadc_channel_init
                0x000000000001320c      0x134 Output/Debug/Obj/ECG/nrf_drv_saadc.o
                0x000000000001320c                nrf_drv_saadc_channel_init
 .text.nrf_drv_saadc_sample_task_get
                0x0000000000013340       0x24 Output/Debug/Obj/ECG/nrf_drv_saadc.o
                0x0000000000013340                nrf_drv_saadc_sample_task_get
 .text.nrf_drv_saadc_buffer_convert
                0x0000000000013364      0x148 Output/Debug/Obj/ECG/nrf_drv_saadc.o
                0x0000000000013364                nrf_drv_saadc_buffer_convert
 .text.nrf_uart_event_clear
                0x00000000000134ac       0x2a Output/Debug/Obj/ECG/nrf_drv_uart.o
 .text.nrf_uart_event_check
                0x00000000000134d6       0x24 Output/Debug/Obj/ECG/nrf_drv_uart.o
 .text.nrf_uart_int_enable_check
                0x00000000000134fa       0x20 Output/Debug/Obj/ECG/nrf_drv_uart.o
 .text.nrf_uart_int_disable
                0x000000000001351a       0x14 Output/Debug/Obj/ECG/nrf_drv_uart.o
 .text.nrf_uart_errorsrc_get_and_clear
                0x000000000001352e       0x1c Output/Debug/Obj/ECG/nrf_drv_uart.o
 .text.nrf_uart_rxd_get
                0x000000000001354a       0x12 Output/Debug/Obj/ECG/nrf_drv_uart.o
 .text.nrf_uart_txd_set
                0x000000000001355c       0x1a Output/Debug/Obj/ECG/nrf_drv_uart.o
 .text.nrf_uart_task_trigger
                0x0000000000013576       0x1c Output/Debug/Obj/ECG/nrf_drv_uart.o
 .text.nrf_uarte_event_clear
                0x0000000000013592       0x2a Output/Debug/Obj/ECG/nrf_drv_uart.o
 .text.nrf_uarte_event_check
                0x00000000000135bc       0x24 Output/Debug/Obj/ECG/nrf_drv_uart.o
 .text.nrf_uarte_shorts_disable
                0x00000000000135e0       0x1e Output/Debug/Obj/ECG/nrf_drv_uart.o
 .text.nrf_uarte_errorsrc_get_and_clear
                0x00000000000135fe       0x1c Output/Debug/Obj/ECG/nrf_drv_uart.o
 .text.nrf_uarte_tx_amount_get
                0x000000000001361a       0x10 Output/Debug/Obj/ECG/nrf_drv_uart.o
 .text.nrf_uarte_rx_amount_get
                0x000000000001362a       0x10 Output/Debug/Obj/ECG/nrf_drv_uart.o
 .text.tx_byte  0x000000000001363a       0x46 Output/Debug/Obj/ECG/nrf_drv_uart.o
 .text.rx_byte  0x0000000000013680       0x54 Output/Debug/Obj/ECG/nrf_drv_uart.o
 .text.rx_done_event
                0x00000000000136d4       0x36 Output/Debug/Obj/ECG/nrf_drv_uart.o
 .text.tx_done_event
                0x000000000001370a       0x3c Output/Debug/Obj/ECG/nrf_drv_uart.o
 .text.uart_irq_handler
                0x0000000000013746      0x1d4 Output/Debug/Obj/ECG/nrf_drv_uart.o
 .text.uarte_irq_handler
                0x000000000001391a      0x160 Output/Debug/Obj/ECG/nrf_drv_uart.o
 *fill*         0x0000000000013a7a        0x2 
 .text.UARTE0_UART0_IRQHandler
                0x0000000000013a7c       0x28 Output/Debug/Obj/ECG/nrf_drv_uart.o
                0x0000000000013a7c                UARTE0_UART0_IRQHandler
 .text.sd_ant_channel_assign
                0x0000000000013aa4        0x8 Output/Debug/Obj/ECG/ant_channel_config.o
 .text.sd_ant_channel_radio_freq_set
                0x0000000000013aac        0x8 Output/Debug/Obj/ECG/ant_channel_config.o
 .text.sd_ant_channel_period_set
                0x0000000000013ab4        0x8 Output/Debug/Obj/ECG/ant_channel_config.o
 .text.sd_ant_channel_id_set
                0x0000000000013abc        0x8 Output/Debug/Obj/ECG/ant_channel_config.o
 .text.ant_channel_init
                0x0000000000013ac4       0x92 Output/Debug/Obj/ECG/ant_channel_config.o
                0x0000000000013ac4                ant_channel_init
 *fill*         0x0000000000013b56        0x2 
 .text.NVIC_EnableIRQ
                0x0000000000013b58       0x2c Output/Debug/Obj/ECG/nrf_sdh.o
 .text.NVIC_SetPriority
                0x0000000000013b84       0x50 Output/Debug/Obj/ECG/nrf_sdh.o
 .text.nrf_section_iter_get
                0x0000000000013bd4       0x24 Output/Debug/Obj/ECG/nrf_sdh.o
 .text.sd_softdevice_enable
                0x0000000000013bf8        0x8 Output/Debug/Obj/ECG/nrf_sdh.o
 .text.sdh_request_observer_notify
                0x0000000000013c00       0x64 Output/Debug/Obj/ECG/nrf_sdh.o
 .text.sdh_state_observer_notify
                0x0000000000013c64       0x58 Output/Debug/Obj/ECG/nrf_sdh.o
 .text.softdevices_evt_irq_enable
                0x0000000000013cbc        0xc Output/Debug/Obj/ECG/nrf_sdh.o
 .text.swi_interrupt_priority_workaround
                0x0000000000013cc8       0x16 Output/Debug/Obj/ECG/nrf_sdh.o
 *fill*         0x0000000000013cde        0x2 
 .text.nrf_sdh_enable_request
                0x0000000000013ce0       0x8c Output/Debug/Obj/ECG/nrf_sdh.o
                0x0000000000013ce0                nrf_sdh_enable_request
 .text.nrf_sdh_is_enabled
                0x0000000000013d6c        0xc Output/Debug/Obj/ECG/nrf_sdh.o
                0x0000000000013d6c                nrf_sdh_is_enabled
 .text.nrf_sdh_evts_poll
                0x0000000000013d78       0x50 Output/Debug/Obj/ECG/nrf_sdh.o
                0x0000000000013d78                nrf_sdh_evts_poll
 .text.SWI2_EGU2_IRQHandler
                0x0000000000013dc8        0xa Output/Debug/Obj/ECG/nrf_sdh.o
                0x0000000000013dc8                SWI2_EGU2_IRQHandler
 *fill*         0x0000000000013dd2        0x2 
 .text.nrf_section_iter_get
                0x0000000000013dd4       0x24 Output/Debug/Obj/ECG/nrf_sdh_ant.o
 .text.sd_ant_event_get
                0x0000000000013df8        0x8 Output/Debug/Obj/ECG/nrf_sdh_ant.o
 .text.sd_ant_enable
                0x0000000000013e00        0x8 Output/Debug/Obj/ECG/nrf_sdh_ant.o
 .text.nrf_sdh_ant_enable
                0x0000000000013e08       0x28 Output/Debug/Obj/ECG/nrf_sdh_ant.o
                0x0000000000013e08                nrf_sdh_ant_enable
 .text.nrf_sdh_ant_evts_poll
                0x0000000000013e30       0x84 Output/Debug/Obj/ECG/nrf_sdh_ant.o
 .text.nrf_section_iter_init
                0x0000000000013eb4       0x54 Output/Debug/Obj/ECG/nrf_section_iter.o
                0x0000000000013eb4                nrf_section_iter_init
 .text.nrf_section_iter_next
                0x0000000000013f08       0x64 Output/Debug/Obj/ECG/nrf_section_iter.o
                0x0000000000013f08                nrf_section_iter_next
 .text.nrf_saadc_channel_input_set
                0x0000000000013f6c       0x44 Output/Debug/Obj/ECG/nrf_saadc.o
 .text.nrf_saadc_channel_init
                0x0000000000013fb0       0x8c Output/Debug/Obj/ECG/nrf_saadc.o
                0x0000000000013fb0                nrf_saadc_channel_init
 .text.nrf_rtc_event_address_get
                0x000000000001403c       0x18 Output/Debug/Obj/ECG/ppi.o
 .text.nrf_drv_rtc_event_address_get
                0x0000000000014054       0x26 Output/Debug/Obj/ECG/ppi.o
 *fill*         0x000000000001407a        0x2 
 .text.ppi_init
                0x000000000001407c       0xa8 Output/Debug/Obj/ECG/ppi.o
                0x000000000001407c                ppi_init
 .text.nrf_saadc_int_enable
                0x0000000000014124       0x18 Output/Debug/Obj/ECG/adc.o
 .text.saadc_callback_handler
                0x000000000001413c       0xd8 Output/Debug/Obj/ECG/adc.o
                0x000000000001413c                saadc_callback_handler
 .text.saadc_init
                0x0000000000014214       0xac Output/Debug/Obj/ECG/adc.o
                0x0000000000014214                saadc_init
 .text.nrf_rtc_task_trigger
                0x00000000000142c0       0x1e Output/Debug/Obj/ECG/rtc.o
 .text.rtc_handler
                0x00000000000142de        0xe Output/Debug/Obj/ECG/rtc.o
                0x00000000000142de                rtc_handler
 .text.lfclk_config
                0x00000000000142ec       0x38 Output/Debug/Obj/ECG/rtc.o
                0x00000000000142ec                lfclk_config
 .text.rtc_config
                0x0000000000014324       0x64 Output/Debug/Obj/ECG/rtc.o
                0x0000000000014324                rtc_config
 .text.rtc_start
                0x0000000000014388       0x18 Output/Debug/Obj/ECG/rtc.o
                0x0000000000014388                rtc_start
 .text.sd_ant_channel_open_with_offset
                0x00000000000143a0        0x8 Output/Debug/Obj/ECG/ant.o
 .text.sd_ant_broadcast_message_tx
                0x00000000000143a8        0x8 Output/Debug/Obj/ECG/ant.o
 .text.sd_ant_channel_radio_tx_power_set
                0x00000000000143b0        0x8 Output/Debug/Obj/ECG/ant.o
 .text.ant_send
                0x00000000000143b8       0x34 Output/Debug/Obj/ECG/ant.o
                0x00000000000143b8                ant_send
 .text.ant_channel_tx_broadcast_setup
                0x00000000000143ec       0x64 Output/Debug/Obj/ECG/ant.o
                0x00000000000143ec                ant_channel_tx_broadcast_setup
 .text.ant_evt_handler
                0x0000000000014450       0x80 Output/Debug/Obj/ECG/ant.o
                0x0000000000014450                ant_evt_handler
 .text.nrf_gpio_pin_port_decode
                0x00000000000144d0       0x28 Output/Debug/Obj/ECG/main.o
 .text.nrf_gpio_cfg
                0x00000000000144f8       0x62 Output/Debug/Obj/ECG/main.o
 .text.nrf_gpio_cfg_output
                0x000000000001455a       0x22 Output/Debug/Obj/ECG/main.o
 .text.nrf_gpio_pin_set
                0x000000000001457c       0x28 Output/Debug/Obj/ECG/main.o
 .text.nrf_gpio_port_out_set
                0x00000000000145a4       0x14 Output/Debug/Obj/ECG/main.o
 .text.nrf_delay_us
                0x00000000000145b8       0xa0 Output/Debug/Obj/ECG/main.o
 .text.nrf_delay_ms
                0x0000000000014658       0x1e Output/Debug/Obj/ECG/main.o
 *fill*         0x0000000000014676        0x2 
 .text.log_init
                0x0000000000014678       0x28 Output/Debug/Obj/ECG/main.o
                0x0000000000014678                log_init
 .text.softdevice_setup
                0x00000000000146a0       0x58 Output/Debug/Obj/ECG/main.o
                0x00000000000146a0                softdevice_setup
 .text.main     0x00000000000146f8       0x42 Output/Debug/Obj/ECG/main.o
                0x00000000000146f8                main
 *fill*         0x000000000001473a        0x2 
 .text.NVIC_SystemReset
                0x000000000001473c       0x2c Output/Debug/Obj/ECG/system_nrf52.o
 .text.SystemCoreClockUpdate
                0x0000000000014768       0x14 Output/Debug/Obj/ECG/system_nrf52.o
                0x0000000000014768                SystemCoreClockUpdate
 .text.SystemInit
                0x000000000001477c      0x2c0 Output/Debug/Obj/ECG/system_nrf52.o
                0x000000000001477c                SystemInit
 .text.errata_12
                0x0000000000014a3c       0x58 Output/Debug/Obj/ECG/system_nrf52.o
 .text.errata_16
                0x0000000000014a94       0x38 Output/Debug/Obj/ECG/system_nrf52.o
 .text.errata_31
                0x0000000000014acc       0x58 Output/Debug/Obj/ECG/system_nrf52.o
 .text.errata_32
                0x0000000000014b24       0x38 Output/Debug/Obj/ECG/system_nrf52.o
 .text.errata_36
                0x0000000000014b5c       0x58 Output/Debug/Obj/ECG/system_nrf52.o
 .text.errata_37
                0x0000000000014bb4       0x38 Output/Debug/Obj/ECG/system_nrf52.o
 .text.errata_57
                0x0000000000014bec       0x38 Output/Debug/Obj/ECG/system_nrf52.o
 .text.errata_66
                0x0000000000014c24       0x38 Output/Debug/Obj/ECG/system_nrf52.o
 .text.errata_108
                0x0000000000014c5c       0x58 Output/Debug/Obj/ECG/system_nrf52.o
 .text.errata_136
                0x0000000000014cb4       0x58 Output/Debug/Obj/ECG/system_nrf52.o
 .text.nrf_ppi_channel_enable
                0x0000000000014d0c       0x24 Output/Debug/Obj/ECG/nrf_drv_ppi.o
 .text.nrf_ppi_channel_endpoint_setup
                0x0000000000014d30       0x34 Output/Debug/Obj/ECG/nrf_drv_ppi.o
 .text.nrf_drv_ppi_channel_to_mask
                0x0000000000014d64       0x18 Output/Debug/Obj/ECG/nrf_drv_ppi.o
 .text.is_programmable_app_channel
                0x0000000000014d7c       0x2c Output/Debug/Obj/ECG/nrf_drv_ppi.o
 .text.are_app_channels
                0x0000000000014da8        0xc Output/Debug/Obj/ECG/nrf_drv_ppi.o
 .text.is_app_channel
                0x0000000000014db4       0x26 Output/Debug/Obj/ECG/nrf_drv_ppi.o
 *fill*         0x0000000000014dda        0x2 
 .text.is_allocated_channel
                0x0000000000014ddc       0x34 Output/Debug/Obj/ECG/nrf_drv_ppi.o
 .text.channel_allocated_set
                0x0000000000014e10       0x2c Output/Debug/Obj/ECG/nrf_drv_ppi.o
 .text.nrf_drv_ppi_init
                0x0000000000014e3c       0x28 Output/Debug/Obj/ECG/nrf_drv_ppi.o
                0x0000000000014e3c                nrf_drv_ppi_init
 .text.nrf_drv_ppi_channel_alloc
                0x0000000000014e64       0xa8 Output/Debug/Obj/ECG/nrf_drv_ppi.o
                0x0000000000014e64                nrf_drv_ppi_channel_alloc
 .text.nrf_drv_ppi_channel_assign
                0x0000000000014f0c       0x76 Output/Debug/Obj/ECG/nrf_drv_ppi.o
                0x0000000000014f0c                nrf_drv_ppi_channel_assign
 .text.nrf_drv_ppi_channel_enable
                0x0000000000014f82       0x6a Output/Debug/Obj/ECG/nrf_drv_ppi.o
                0x0000000000014f82                nrf_drv_ppi_channel_enable
 .text.libc.memset
                0x0000000000014fec       0x66 C:/Program Files/SEGGER/SEGGER Embedded Studio for ARM 5.42a/lib/libc_v7em_fpv4_sp_d16_hard_t_le_eabi.a(libc2_asm.o)
                0x0000000000014fec                memset
                0x0000000000015052                __text_end__ = (__text_start__ + SIZEOF (.text))
                0x0000000000002d62                __text_size__ = SIZEOF (.text)
                0x0000000000015052                __text_load_end__ = __text_end__

.vfp11_veneer   0x0000000100000000        0x0
 .vfp11_veneer  0x0000000100000000        0x0 linker stubs

.v4_bx          0x0000000100000000        0x0
 .v4_bx         0x0000000100000000        0x0 linker stubs

.iplt           0x0000000100000000        0x0
 .iplt          0x0000000100000000        0x0 Output/Debug/Obj/ECG/thumb_crt0.o
                0x0000000000000001                . = ASSERT (((__text_start__ == __text_end__) || ((__text_end__ - __FLASH_segment_start__) <= __FLASH_segment_size__)), error: .text is too large to fit in FLASH memory segment)
                0x0000000000015054                __sdh_ant_observers_load_start__ = ALIGN (__text_end__, 0x4)

.sdh_ant_observers
                0x0000000000015054        0x8
                0x0000000000015054                __sdh_ant_observers_start__ = .
                0x0000000000015054                __start_sdh_ant_observers = __sdh_ant_observers_start__
 *(SORT_BY_NAME(.sdh_ant_observers*))
 .sdh_ant_observers1
                0x0000000000015054        0x8 Output/Debug/Obj/ECG/ant.o
                0x000000000001505c                __sdh_ant_observers_end__ = (__sdh_ant_observers_start__ + SIZEOF (.sdh_ant_observers))
                0x0000000000000008                __sdh_ant_observers_size__ = SIZEOF (.sdh_ant_observers)
                0x000000000001505c                __stop_sdh_ant_observers = __sdh_ant_observers_end__
                0x000000000001505c                __sdh_ant_observers_load_end__ = __sdh_ant_observers_end__
                0x0000000000000001                . = ASSERT (((__sdh_ant_observers_start__ == __sdh_ant_observers_end__) || ((__sdh_ant_observers_end__ - __FLASH_segment_start__) <= __FLASH_segment_size__)), error: .sdh_ant_observers is too large to fit in FLASH memory segment)
                0x000000000001505c                __pwr_mgmt_data_load_start__ = ALIGN (__sdh_ant_observers_end__, 0x4)

.pwr_mgmt_data  0x000000000001505c        0x0
                0x000000000001505c                __pwr_mgmt_data_start__ = .
                0x000000000001505c                __start_pwr_mgmt_data = __pwr_mgmt_data_start__
 *(SORT_BY_NAME(.pwr_mgmt_data*))
                0x000000000001505c                __pwr_mgmt_data_end__ = (__pwr_mgmt_data_start__ + SIZEOF (.pwr_mgmt_data))
                0x0000000000000000                __pwr_mgmt_data_size__ = SIZEOF (.pwr_mgmt_data)
                0x000000000001505c                __stop_pwr_mgmt_data = __pwr_mgmt_data_end__
                0x000000000001505c                __pwr_mgmt_data_load_end__ = __pwr_mgmt_data_end__
                0x0000000000000001                . = ASSERT (((__pwr_mgmt_data_start__ == __pwr_mgmt_data_end__) || ((__pwr_mgmt_data_end__ - __FLASH_segment_start__) <= __FLASH_segment_size__)), error: .pwr_mgmt_data is too large to fit in FLASH memory segment)
                0x000000000001505c                __log_const_data_load_start__ = ALIGN (__pwr_mgmt_data_end__, 0x4)

.log_const_data
                0x000000000001505c        0x0
                0x000000000001505c                __log_const_data_start__ = .
                0x000000000001505c                __start_log_const_data = __log_const_data_start__
 *(SORT_BY_NAME(.log_const_data*))
                0x000000000001505c                __log_const_data_end__ = (__log_const_data_start__ + SIZEOF (.log_const_data))
                0x0000000000000000                __log_const_data_size__ = SIZEOF (.log_const_data)
                0x000000000001505c                __stop_log_const_data = __log_const_data_end__
                0x000000000001505c                __log_const_data_load_end__ = __log_const_data_end__
                0x0000000000000001                . = ASSERT (((__log_const_data_start__ == __log_const_data_end__) || ((__log_const_data_end__ - __FLASH_segment_start__) <= __FLASH_segment_size__)), error: .log_const_data is too large to fit in FLASH memory segment)
                0x000000000001505c                __sdh_req_observers_load_start__ = ALIGN (__log_const_data_end__, 0x4)

.sdh_req_observers
                0x000000000001505c        0x0
                0x000000000001505c                __sdh_req_observers_start__ = .
                0x000000000001505c                __start_sdh_req_observers = __sdh_req_observers_start__
 *(SORT_BY_NAME(.sdh_req_observers*))
                0x000000000001505c                __sdh_req_observers_end__ = (__sdh_req_observers_start__ + SIZEOF (.sdh_req_observers))
                0x0000000000000000                __sdh_req_observers_size__ = SIZEOF (.sdh_req_observers)
                0x000000000001505c                __stop_sdh_req_observers = __sdh_req_observers_end__
                0x000000000001505c                __sdh_req_observers_load_end__ = __sdh_req_observers_end__
                0x0000000000000001                . = ASSERT (((__sdh_req_observers_start__ == __sdh_req_observers_end__) || ((__sdh_req_observers_end__ - __FLASH_segment_start__) <= __FLASH_segment_size__)), error: .sdh_req_observers is too large to fit in FLASH memory segment)
                0x000000000001505c                __sdh_state_observers_load_start__ = ALIGN (__sdh_req_observers_end__, 0x4)

.sdh_state_observers
                0x000000000001505c        0x0
                0x000000000001505c                __sdh_state_observers_start__ = .
                0x000000000001505c                __start_sdh_state_observers = __sdh_state_observers_start__
 *(SORT_BY_NAME(.sdh_state_observers*))
                0x000000000001505c                __sdh_state_observers_end__ = (__sdh_state_observers_start__ + SIZEOF (.sdh_state_observers))
                0x0000000000000000                __sdh_state_observers_size__ = SIZEOF (.sdh_state_observers)
                0x000000000001505c                __stop_sdh_state_observers = __sdh_state_observers_end__
                0x000000000001505c                __sdh_state_observers_load_end__ = __sdh_state_observers_end__
                0x0000000000000001                . = ASSERT (((__sdh_state_observers_start__ == __sdh_state_observers_end__) || ((__sdh_state_observers_end__ - __FLASH_segment_start__) <= __FLASH_segment_size__)), error: .sdh_state_observers is too large to fit in FLASH memory segment)
                0x000000000001505c                __sdh_stack_observers_load_start__ = ALIGN (__sdh_state_observers_end__, 0x4)

.sdh_stack_observers
                0x000000000001505c        0x8
                0x000000000001505c                __sdh_stack_observers_start__ = .
                0x000000000001505c                __start_sdh_stack_observers = __sdh_stack_observers_start__
 *(SORT_BY_NAME(.sdh_stack_observers*))
 .sdh_stack_observers0
                0x000000000001505c        0x8 Output/Debug/Obj/ECG/nrf_sdh_ant.o
                0x0000000000015064                __sdh_stack_observers_end__ = (__sdh_stack_observers_start__ + SIZEOF (.sdh_stack_observers))
                0x0000000000000008                __sdh_stack_observers_size__ = SIZEOF (.sdh_stack_observers)
                0x0000000000015064                __stop_sdh_stack_observers = __sdh_stack_observers_end__
                0x0000000000015064                __sdh_stack_observers_load_end__ = __sdh_stack_observers_end__
                0x0000000000000001                . = ASSERT (((__sdh_stack_observers_start__ == __sdh_stack_observers_end__) || ((__sdh_stack_observers_end__ - __FLASH_segment_start__) <= __FLASH_segment_size__)), error: .sdh_stack_observers is too large to fit in FLASH memory segment)
                0x0000000000015064                __nrf_sections_load_start__ = ALIGN (__sdh_stack_observers_end__, 0x4)

.nrf_sections   0x0000000000015064        0x0
                0x0000000000015064                __nrf_sections_start__ = .
                0x0000000000015064                __start_nrf_sections = __nrf_sections_start__
 *(.nrf_sections .nrf_sections.*)
                0x0000000000015064                __nrf_sections_end__ = (__nrf_sections_start__ + SIZEOF (.nrf_sections))
                0x0000000000000000                __nrf_sections_size__ = SIZEOF (.nrf_sections)
                0x0000000000015064                __nrf_sections_load_end__ = __nrf_sections_end__
                0x0000000000000001                . = ASSERT (((__nrf_sections_start__ == __nrf_sections_end__) || ((__nrf_sections_end__ - __FLASH_segment_start__) <= __FLASH_segment_size__)), error: .nrf_sections is too large to fit in FLASH memory segment)
                0x0000000000015064                __log_dynamic_data_load_start__ = ALIGN (__nrf_sections_end__, 0x4)

.log_dynamic_data
                0x0000000020000b80        0x0 load address 0x0000000000015064
                0x0000000020000b80                __log_dynamic_data_start__ = .
 *(SORT_BY_NAME(.log_dynamic_data*))
                0x0000000020000b80                __log_dynamic_data_end__ = (__log_dynamic_data_start__ + SIZEOF (.log_dynamic_data))
                0x0000000000000000                __log_dynamic_data_size__ = SIZEOF (.log_dynamic_data)
                0x0000000000015064                __log_dynamic_data_load_end__ = (__log_dynamic_data_load_start__ + SIZEOF (.log_dynamic_data))
                0x0000000000000001                . = ASSERT (((__log_dynamic_data_load_start__ == __log_dynamic_data_load_end__) || ((__log_dynamic_data_load_end__ - __FLASH_segment_start__) <= __FLASH_segment_size__)), error: .log_dynamic_data is too large to fit in FLASH memory segment)

.log_dynamic_data_run
                0x0000000020000b80        0x0
                0x0000000020000b80                __log_dynamic_data_run_start__ = .
                0x0000000020000b80                __start_log_dynamic_data = __log_dynamic_data_run_start__
                0x0000000020000b80                __log_dynamic_data_run_end__ = (__log_dynamic_data_run_start__ + SIZEOF (.log_dynamic_data))
                0x0000000000000000                __log_dynamic_data_run_size__ = (__log_dynamic_data_run_end__ - __log_dynamic_data_run_start__)
                0x0000000020000b80                __stop_log_dynamic_data = __log_dynamic_data_run_end__
                0x0000000020000b80                __log_dynamic_data_run_load_end__ = __log_dynamic_data_run_end__
                0x0000000000000001                . = ASSERT (((__log_dynamic_data_run_start__ == __log_dynamic_data_run_end__) || ((__log_dynamic_data_run_end__ - __RAM_segment_start__) <= __RAM_segment_size__)), error: .log_dynamic_data_run is too large to fit in RAM memory segment)
                0x0000000020000b80                __nrf_sections_run_end_load_start__ = ALIGN (__log_dynamic_data_run_end__, 0x4)

.nrf_sections_run_end
                0x0000000020000b80        0x0
                0x0000000020000b80                __nrf_sections_run_end_start__ = .
                0x0000000020000b80                __end_nrf_sections_run = __nrf_sections_run_end_start__
 *(.nrf_sections_run_end .nrf_sections_run_end.*)
                0x0000000020000b80                __nrf_sections_run_end_end__ = (__nrf_sections_run_end_start__ + SIZEOF (.nrf_sections_run_end))
                0x0000000000000000                __nrf_sections_run_end_size__ = SIZEOF (.nrf_sections_run_end)
                0x0000000020000b80                __nrf_sections_run_end_load_end__ = __nrf_sections_run_end_end__
                0x0000000000000001                . = ASSERT (((__nrf_sections_run_end_start__ == __nrf_sections_run_end_end__) || ((__nrf_sections_run_end_end__ - __RAM_segment_start__) <= __RAM_segment_size__)), error: .nrf_sections_run_end is too large to fit in RAM memory segment)
                0x0000000000015064                __dtors_load_start__ = ALIGN ((__log_dynamic_data_load_start__ + SIZEOF (.log_dynamic_data)), 0x4)

.dtors          0x0000000000015064        0x0
                0x0000000000015064                __dtors_start__ = .
 *(SORT_BY_NAME(.dtors.*))
 *(.dtors)
 *(.fini_array)
 *(SORT_BY_NAME(.fini_array.*))
                0x0000000000015064                __dtors_end__ = (__dtors_start__ + SIZEOF (.dtors))
                0x0000000000000000                __dtors_size__ = SIZEOF (.dtors)
                0x0000000000015064                __dtors_load_end__ = __dtors_end__
                0x0000000000000001                . = ASSERT (((__dtors_start__ == __dtors_end__) || ((__dtors_end__ - __FLASH_segment_start__) <= __FLASH_segment_size__)), error: .dtors is too large to fit in FLASH memory segment)
                0x0000000000015064                __ctors_load_start__ = ALIGN (__dtors_end__, 0x4)

.ctors          0x0000000000015064        0x0
                0x0000000000015064                __ctors_start__ = .
 *(SORT_BY_NAME(.ctors.*))
 *(.ctors)
 *(.init_array)
 *(SORT_BY_NAME(.init_array.*))
                0x0000000000015064                __ctors_end__ = (__ctors_start__ + SIZEOF (.ctors))
                0x0000000000000000                __ctors_size__ = SIZEOF (.ctors)
                0x0000000000015064                __ctors_load_end__ = __ctors_end__
                0x0000000000000001                . = ASSERT (((__ctors_start__ == __ctors_end__) || ((__ctors_end__ - __FLASH_segment_start__) <= __FLASH_segment_size__)), error: .ctors is too large to fit in FLASH memory segment)
                0x0000000000015064                __rodata_load_start__ = ALIGN (__ctors_end__, 0x4)

.rodata         0x0000000000015064      0x56a
                0x0000000000015064                __rodata_start__ = .
 *(.rodata .rodata.* .gnu.linkonce.r.*)
 .rodata        0x0000000000015064       0x49 Output/Debug/Obj/ECG/app_util_platform.o
 *fill*         0x00000000000150ad        0x3 
 .rodata        0x00000000000150b0       0x48 Output/Debug/Obj/ECG/nrf_drv_clock.o
 .rodata        0x00000000000150f8       0x4a Output/Debug/Obj/ECG/nrf_drv_common.o
 *fill*         0x0000000000015142        0x2 
 .rodata        0x0000000000015144       0x7c Output/Debug/Obj/ECG/nrf_drv_rtc.o
 .rodata        0x00000000000151c0       0x84 Output/Debug/Obj/ECG/nrf_drv_saadc.o
 .rodata.m_default_config
                0x0000000000015244        0x4 Output/Debug/Obj/ECG/nrf_drv_saadc.o
 .rodata        0x0000000000015248       0x80 Output/Debug/Obj/ECG/nrf_sdh.o
 .rodata.sdh_req_observers
                0x00000000000152c8        0xc Output/Debug/Obj/ECG/nrf_sdh.o
 .rodata.sdh_state_observers
                0x00000000000152d4        0xc Output/Debug/Obj/ECG/nrf_sdh.o
 .rodata.sdh_stack_observers
                0x00000000000152e0        0xc Output/Debug/Obj/ECG/nrf_sdh.o
 .rodata        0x00000000000152ec       0xa6 Output/Debug/Obj/ECG/nrf_sdh_ant.o
 *fill*         0x0000000000015392        0x2 
 .rodata.sdh_ant_observers
                0x0000000000015394        0xc Output/Debug/Obj/ECG/nrf_sdh_ant.o
 .rodata        0x00000000000153a0       0x5d Output/Debug/Obj/ECG/nrf_section_iter.o
 *fill*         0x00000000000153fd        0x3 
 .rodata        0x0000000000015400       0x4f Output/Debug/Obj/ECG/ppi.o
 *fill*         0x000000000001544f        0x1 
 .rodata        0x0000000000015450       0x59 Output/Debug/Obj/ECG/adc.o
 *fill*         0x00000000000154a9        0x3 
 .rodata        0x00000000000154ac       0x4f Output/Debug/Obj/ECG/rtc.o
 *fill*         0x00000000000154fb        0x1 
 .rodata        0x00000000000154fc       0x5c Output/Debug/Obj/ECG/ant.o
 .rodata        0x0000000000015558       0x76 Output/Debug/Obj/ECG/main.o
                0x00000000000155ce                __rodata_end__ = (__rodata_start__ + SIZEOF (.rodata))
                0x000000000000056a                __rodata_size__ = SIZEOF (.rodata)
                0x00000000000155ce                __rodata_load_end__ = __rodata_end__

.rel.dyn        0x00000000000155d0        0x0
 .rel.iplt      0x00000000000155d0        0x0 Output/Debug/Obj/ECG/thumb_crt0.o
                0x0000000000000001                . = ASSERT (((__rodata_start__ == __rodata_end__) || ((__rodata_end__ - __FLASH_segment_start__) <= __FLASH_segment_size__)), error: .rodata is too large to fit in FLASH memory segment)
                0x00000000000155d0                __ARM.exidx_load_start__ = ALIGN (__rodata_end__, 0x4)

.ARM.exidx      0x00000000000155d0        0x0
                0x00000000000155d0                __ARM.exidx_start__ = .
                0x00000000000155d0                __exidx_start = __ARM.exidx_start__
 *(.ARM.exidx .ARM.exidx.*)
                0x00000000000155d0                __ARM.exidx_end__ = (__ARM.exidx_start__ + SIZEOF (.ARM.exidx))
                0x0000000000000000                __ARM.exidx_size__ = SIZEOF (.ARM.exidx)
                0x00000000000155d0                __exidx_end = __ARM.exidx_end__
                0x00000000000155d0                __ARM.exidx_load_end__ = __ARM.exidx_end__
                0x0000000000000001                . = ASSERT (((__ARM.exidx_start__ == __ARM.exidx_end__) || ((__ARM.exidx_end__ - __FLASH_segment_start__) <= __FLASH_segment_size__)), error: .ARM.exidx is too large to fit in FLASH memory segment)
                0x00000000000155d0                __fast_load_start__ = ALIGN (__ARM.exidx_end__, 0x4)

.fast           0x0000000020000b80        0x0 load address 0x00000000000155d0
                0x0000000020000b80                __fast_start__ = .
 *(.fast .fast.*)
                0x0000000020000b80                __fast_end__ = (__fast_start__ + SIZEOF (.fast))
                0x0000000000000000                __fast_size__ = SIZEOF (.fast)
                0x00000000000155d0                __fast_load_end__ = (__fast_load_start__ + SIZEOF (.fast))
                0x0000000000000001                . = ASSERT (((__fast_load_start__ == __fast_load_end__) || ((__fast_load_end__ - __FLASH_segment_start__) <= __FLASH_segment_size__)), error: .fast is too large to fit in FLASH memory segment)

.fast_run       0x0000000020000b80        0x0
                0x0000000020000b80                __fast_run_start__ = .
                0x0000000020000b80                __fast_run_end__ = (__fast_run_start__ + SIZEOF (.fast))
                0x0000000000000000                __fast_run_size__ = (__fast_run_end__ - __fast_run_start__)
                0x0000000020000b80                __fast_run_load_end__ = __fast_run_end__
                0x0000000000000001                . = ASSERT (((__fast_run_start__ == __fast_run_end__) || ((__fast_run_end__ - __RAM_segment_start__) <= __RAM_segment_size__)), error: .fast_run is too large to fit in RAM memory segment)
                0x00000000000155d0                __data_load_start__ = ALIGN ((__fast_load_start__ + SIZEOF (.fast)), 0x4)

.data           0x0000000020000b80       0x14 load address 0x00000000000155d0
                0x0000000020000b80                __data_start__ = .
 *(.data .data.* .gnu.linkonce.d.*)
 .data.rtc      0x0000000020000b80        0x8 Output/Debug/Obj/ECG/ppi.o
 .data.rtc      0x0000000020000b88        0x8 Output/Debug/Obj/ECG/rtc.o
 .data.SystemCoreClock
                0x0000000020000b90        0x4 Output/Debug/Obj/ECG/system_nrf52.o
                0x0000000020000b90                SystemCoreClock
                0x0000000020000b94                __data_end__ = (__data_start__ + SIZEOF (.data))
                0x0000000000000014                __data_size__ = SIZEOF (.data)
                0x00000000000155e4                __data_load_end__ = (__data_load_start__ + SIZEOF (.data))

.igot.plt       0x0000000100000000        0x0
 .igot.plt      0x0000000100000000        0x0 Output/Debug/Obj/ECG/thumb_crt0.o
                0x0000000000000001                . = ASSERT (((__data_load_start__ == __data_load_end__) || ((__data_load_end__ - __FLASH_segment_start__) <= __FLASH_segment_size__)), error: .data is too large to fit in FLASH memory segment)

.data_run       0x0000000020000b80        0x0
                0x0000000020000b80                __data_run_start__ = .
                0x0000000020000b94                __data_run_end__ = (__data_run_start__ + SIZEOF (.data))
                0x0000000000000014                __data_run_size__ = (__data_run_end__ - __data_run_start__)
                0x0000000020000b94                __data_run_load_end__ = __data_run_end__
                0x0000000000000001                . = ASSERT (((__data_run_start__ == __data_run_end__) || ((__data_run_end__ - __RAM_segment_start__) <= __RAM_segment_size__)), error: .data_run is too large to fit in RAM memory segment)
                0x00000000000155e4                __tdata_load_start__ = ALIGN ((__data_load_start__ + SIZEOF (.data)), 0x4)

.tdata          0x0000000020000b94        0x0 load address 0x00000000000155e4
                0x0000000020000b94                __tdata_start__ = .
 *(.tdata .tdata.*)
                0x0000000020000b94                __tdata_end__ = (__tdata_start__ + SIZEOF (.tdata))
                0x0000000000000000                __tdata_size__ = SIZEOF (.tdata)
                0x00000000000155e4                __tdata_load_end__ = (__tdata_load_start__ + SIZEOF (.tdata))
                0x00000000000155e4                __FLASH_segment_used_end__ = (ALIGN ((__data_load_start__ + SIZEOF (.data)), 0x4) + SIZEOF (.tdata))
                0x00000000000155e4                __FLASH_segment_used_size__ = (__FLASH_segment_used_end__ - __FLASH_segment_start__)
                0x0000000000000001                . = ASSERT (((__tdata_load_start__ == __tdata_load_end__) || ((__tdata_load_end__ - __FLASH_segment_start__) <= __FLASH_segment_size__)), error: .tdata is too large to fit in FLASH memory segment)

.tdata_run      0x0000000020000b94        0x0
                0x0000000020000b94                __tdata_run_start__ = .
                0x0000000020000b94                __tdata_run_end__ = (__tdata_run_start__ + SIZEOF (.tdata))
                0x0000000000000000                __tdata_run_size__ = (__tdata_run_end__ - __tdata_run_start__)
                0x0000000020000b94                __tdata_run_load_end__ = __tdata_run_end__
                0x0000000000000001                . = ASSERT (((__tdata_run_start__ == __tdata_run_end__) || ((__tdata_run_end__ - __RAM_segment_start__) <= __RAM_segment_size__)), error: .tdata_run is too large to fit in RAM memory segment)
                0x0000000020000b94                __bss_load_start__ = ALIGN (__tdata_run_end__, 0x4)

.bss            0x0000000020000b94      0x138
                0x0000000020000b94                __bss_start__ = .
 *(.bss .bss.* .gnu.linkonce.b.*)
 .bss.m_error_data.0
                0x0000000020000b94       0x20 Output/Debug/Obj/ECG/app_error.o
 .bss.m_in_critical_region
                0x0000000020000bb4        0x4 Output/Debug/Obj/ECG/app_util_platform.o
 .bss.m_clock_cb
                0x0000000020000bb8       0x14 Output/Debug/Obj/ECG/nrf_drv_clock.o
 .bss.m_handlers
                0x0000000020000bcc        0x4 Output/Debug/Obj/ECG/nrf_drv_rtc.o
 .bss.m_cb      0x0000000020000bd0        0x3 Output/Debug/Obj/ECG/nrf_drv_rtc.o
 *fill*         0x0000000020000bd3        0x1 
 .bss.m_cb      0x0000000020000bd4       0x30 Output/Debug/Obj/ECG/nrf_drv_saadc.o
 .bss.m_cb      0x0000000020000c04       0x20 Output/Debug/Obj/ECG/nrf_drv_uart.o
 .bss.m_nrf_sdh_enabled
                0x0000000020000c24        0x1 Output/Debug/Obj/ECG/nrf_sdh.o
 .bss.m_nrf_sdh_suspended
                0x0000000020000c25        0x1 Output/Debug/Obj/ECG/nrf_sdh.o
 .bss.m_nrf_sdh_continue
                0x0000000020000c26        0x1 Output/Debug/Obj/ECG/nrf_sdh.o
 *fill*         0x0000000020000c27        0x1 
 .bss.m_ant_stack_buffer
                0x0000000020000c28       0x80 Output/Debug/Obj/ECG/nrf_sdh_ant.o
 .bss.ppi_channel_adc
                0x0000000020000ca8        0x1 Output/Debug/Obj/ECG/ppi.o
 *fill*         0x0000000020000ca9        0x3 
 .bss.m_buffer_pool
                0x0000000020000cac        0xc Output/Debug/Obj/ECG/adc.o
 .bss.count     0x0000000020000cb8        0x1 Output/Debug/Obj/ECG/adc.o
 *fill*         0x0000000020000cb9        0x3 
 .bss.message_payload
                0x0000000020000cbc        0x8 Output/Debug/Obj/ECG/adc.o
                0x0000000020000cbc                message_payload
 .bss.m_drv_state
                0x0000000020000cc4        0x1 Output/Debug/Obj/ECG/nrf_drv_ppi.o
 *fill*         0x0000000020000cc5        0x3 
 .bss.m_channels_allocated
                0x0000000020000cc8        0x4 Output/Debug/Obj/ECG/nrf_drv_ppi.o
 *(COMMON)
                0x0000000020000ccc                __bss_end__ = (__bss_start__ + SIZEOF (.bss))
                0x0000000000000138                __bss_size__ = SIZEOF (.bss)
                0x0000000020000ccc                __bss_load_end__ = __bss_end__
                0x0000000000000001                . = ASSERT (((__bss_start__ == __bss_end__) || ((__bss_end__ - __RAM_segment_start__) <= __RAM_segment_size__)), error: .bss is too large to fit in RAM memory segment)
                0x0000000020000ccc                __tbss_load_start__ = ALIGN (__bss_end__, 0x4)

.tbss           0x0000000020000ccc        0x0
                0x0000000020000ccc                __tbss_start__ = .
 *(.tbss .tbss.*)
                0x0000000020000ccc                __tbss_end__ = (__tbss_start__ + SIZEOF (.tbss))
                0x0000000000000000                __tbss_size__ = SIZEOF (.tbss)
                0x0000000020000ccc                __tbss_load_end__ = __tbss_end__
                0x0000000000000001                . = ASSERT (((__tbss_start__ == __tbss_end__) || ((__tbss_end__ - __RAM_segment_start__) <= __RAM_segment_size__)), error: .tbss is too large to fit in RAM memory segment)
                0x0000000020000ccc                __non_init_load_start__ = ALIGN (__tbss_end__, 0x4)

.non_init       0x0000000020000ccc        0x0
                0x0000000020000ccc                __non_init_start__ = .
 *(.non_init .non_init.*)
                0x0000000020000ccc                __non_init_end__ = (__non_init_start__ + SIZEOF (.non_init))
                0x0000000000000000                __non_init_size__ = SIZEOF (.non_init)
                0x0000000020000ccc                __non_init_load_end__ = __non_init_end__
                0x0000000000000001                . = ASSERT (((__non_init_start__ == __non_init_end__) || ((__non_init_end__ - __RAM_segment_start__) <= __RAM_segment_size__)), error: .non_init is too large to fit in RAM memory segment)
                0x0000000020000ccc                __heap_load_start__ = ALIGN (__non_init_end__, 0x4)

.heap           0x0000000020000ccc      0x200
                0x0000000020000ccc                __heap_start__ = .
 *(.heap .heap.*)
                0x0000000020000ecc                . = ALIGN (MAX ((__heap_start__ + __HEAPSIZE__), .), 0x4)
 *fill*         0x0000000020000ccc      0x200 
                0x0000000020000ecc                __heap_end__ = (__heap_start__ + SIZEOF (.heap))
                0x0000000000000200                __heap_size__ = SIZEOF (.heap)
                0x0000000020000ecc                __heap_load_end__ = __heap_end__
                0x0000000000000001                . = ASSERT (((__heap_start__ == __heap_end__) || ((__heap_end__ - __RAM_segment_start__) <= __RAM_segment_size__)), error: .heap is too large to fit in RAM memory segment)
                0x000000002000f800                __stack_load_start__ = (__RAM_segment_start__ + (__RAM_segment_size__ - 0x800))

.stack          0x000000002000f800      0x800
                0x000000002000f800                __stack_start__ = .
                0x000000002000f800                __StackLimit = __stack_start__
 *(.stack .stack.*)
                0x0000000020010000                . = ALIGN (MAX ((__stack_start__ + __STACKSIZE__), .), 0x8)
 *fill*         0x000000002000f800      0x800 
                0x0000000020010000                __stack_end__ = (__stack_start__ + SIZEOF (.stack))
                0x0000000000000800                __stack_size__ = SIZEOF (.stack)
                0x0000000020010000                __StackTop = __stack_end__
                0x0000000020010000                __stack_load_end__ = __stack_end__
                0x0000000000000001                . = ASSERT (((__stack_start__ == __stack_end__) || ((__stack_end__ - __RAM_segment_start__) <= __RAM_segment_size__)), error: .stack is too large to fit in RAM memory segment)
                0x0000000000000001                . = ASSERT ((__heap_end__ <= __stack_start__), error: section .heap overlaps absolute placed section .stack)
                0x0000000020010000                __stack_process_load_start__ = ALIGN (__stack_end__, 0x8)

.stack_process  0x0000000020010000        0x0
                0x0000000020010000                __stack_process_start__ = .
 *(.stack_process .stack_process.*)
                0x0000000020010000                . = ALIGN (MAX ((__stack_process_start__ + __STACKSIZE_PROCESS__), .), 0x8)
                0x0000000020010000                __stack_process_end__ = (__stack_process_start__ + SIZEOF (.stack_process))
                0x0000000000000000                __stack_process_size__ = SIZEOF (.stack_process)
                0x0000000020010000                __stack_process_load_end__ = __stack_process_end__
                0x0000000020010000                __RAM_segment_used_end__ = (ALIGN (__stack_end__, 0x8) + SIZEOF (.stack_process))
                0x0000000000010000                __RAM_segment_used_size__ = (__RAM_segment_used_end__ - __RAM_segment_start__)
                0x0000000000000001                . = ASSERT (((__stack_process_start__ == __stack_process_end__) || ((__stack_process_end__ - __RAM_segment_start__) <= __RAM_segment_size__)), error: .stack_process is too large to fit in RAM memory segment)
START GROUP
LOAD Output/Debug/Obj/ECG/thumb_crt0.o
LOAD Output/Debug/Obj/ECG/nrf_log_frontend.o
LOAD Output/Debug/Obj/ECG/app_error.o
LOAD Output/Debug/Obj/ECG/app_error_weak.o
LOAD Output/Debug/Obj/ECG/app_util_platform.o
LOAD Output/Debug/Obj/ECG/nrf_assert.o
LOAD Output/Debug/Obj/ECG/nrf_balloc.o
LOAD Output/Debug/Obj/ECG/nrf_memobj.o
LOAD Output/Debug/Obj/ECG/nrf_strerror.o
LOAD Output/Debug/Obj/ECG/nrf_serial.o
LOAD Output/Debug/Obj/ECG/nrf_queue.o
LOAD Output/Debug/Obj/ECG/app_scheduler.o
LOAD Output/Debug/Obj/ECG/app_uart_fifo.o
LOAD Output/Debug/Obj/ECG/app_fifo.o
LOAD Output/Debug/Obj/ECG/nrf_drv_clock.o
LOAD Output/Debug/Obj/ECG/nrf_drv_common.o
LOAD Output/Debug/Obj/ECG/nrf_drv_rtc.o
LOAD Output/Debug/Obj/ECG/nrf_nvic.o
LOAD Output/Debug/Obj/ECG/nrf_soc.o
LOAD Output/Debug/Obj/ECG/nrf_drv_saadc.o
LOAD Output/Debug/Obj/ECG/nrf_drv_uart.o
LOAD Output/Debug/Obj/ECG/ant_channel_config.o
LOAD Output/Debug/Obj/ECG/nrf_sdh.o
LOAD Output/Debug/Obj/ECG/nrf_sdh_ant.o
LOAD Output/Debug/Obj/ECG/nrf_section_iter.o
LOAD Output/Debug/Obj/ECG/nrf_drv_mpu_twi.o
LOAD Output/Debug/Obj/ECG/nrf_saadc.o
LOAD Output/Debug/Obj/ECG/boards.o
LOAD Output/Debug/Obj/ECG/ppi.o
LOAD Output/Debug/Obj/ECG/adc.o
LOAD Output/Debug/Obj/ECG/dma.o
LOAD Output/Debug/Obj/ECG/rtc.o
LOAD Output/Debug/Obj/ECG/ant.o
LOAD Output/Debug/Obj/ECG/uart.o
LOAD Output/Debug/Obj/ECG/main.o
LOAD Output/Debug/Obj/ECG/ses_nRF_Startup.o
LOAD Output/Debug/Obj/ECG/ses_nrf52_Vectors.o
LOAD Output/Debug/Obj/ECG/system_nrf52.o
LOAD Output/Debug/Obj/ECG/nrf_drv_ppi.o
LOAD C:/Program Files/SEGGER/SEGGER Embedded Studio for ARM 5.42a/lib/libm_v7em_fpv4_sp_d16_hard_t_le_eabi.a
LOAD C:/Program Files/SEGGER/SEGGER Embedded Studio for ARM 5.42a/lib/libc_v7em_fpv4_sp_d16_hard_t_le_eabi.a
LOAD C:/Program Files/SEGGER/SEGGER Embedded Studio for ARM 5.42a/lib/libdebugio_v7em_fpv4_sp_d16_hard_t_le_eabi.a
END GROUP
OUTPUT(Output/Debug/Exe/ECG.elf elf32-littlearm)
LOAD linker stubs

.ARM.attributes
                0x0000000000000000       0x30
 .ARM.attributes
                0x0000000000000000       0x20 Output/Debug/Obj/ECG/thumb_crt0.o
 .ARM.attributes
                0x0000000000000020       0x39 Output/Debug/Obj/ECG/app_error.o
 .ARM.attributes
                0x0000000000000059       0x39 Output/Debug/Obj/ECG/app_error_weak.o
 .ARM.attributes
                0x0000000000000092       0x39 Output/Debug/Obj/ECG/app_util_platform.o
 .ARM.attributes
                0x00000000000000cb       0x39 Output/Debug/Obj/ECG/nrf_assert.o
 .ARM.attributes
                0x0000000000000104       0x39 Output/Debug/Obj/ECG/nrf_drv_clock.o
 .ARM.attributes
                0x000000000000013d       0x39 Output/Debug/Obj/ECG/nrf_drv_common.o
 .ARM.attributes
                0x0000000000000176       0x39 Output/Debug/Obj/ECG/nrf_drv_rtc.o
 .ARM.attributes
                0x00000000000001af       0x39 Output/Debug/Obj/ECG/nrf_drv_saadc.o
 .ARM.attributes
                0x00000000000001e8       0x39 Output/Debug/Obj/ECG/nrf_drv_uart.o
 .ARM.attributes
                0x0000000000000221       0x39 Output/Debug/Obj/ECG/ant_channel_config.o
 .ARM.attributes
                0x000000000000025a       0x39 Output/Debug/Obj/ECG/nrf_sdh.o
 .ARM.attributes
                0x0000000000000293       0x39 Output/Debug/Obj/ECG/nrf_sdh_ant.o
 .ARM.attributes
                0x00000000000002cc       0x39 Output/Debug/Obj/ECG/nrf_section_iter.o
 .ARM.attributes
                0x0000000000000305       0x39 Output/Debug/Obj/ECG/nrf_saadc.o
 .ARM.attributes
                0x000000000000033e       0x39 Output/Debug/Obj/ECG/ppi.o
 .ARM.attributes
                0x0000000000000377       0x39 Output/Debug/Obj/ECG/adc.o
 .ARM.attributes
                0x00000000000003b0       0x39 Output/Debug/Obj/ECG/rtc.o
 .ARM.attributes
                0x00000000000003e9       0x39 Output/Debug/Obj/ECG/ant.o
 .ARM.attributes
                0x0000000000000422       0x39 Output/Debug/Obj/ECG/main.o
 .ARM.attributes
                0x000000000000045b       0x20 Output/Debug/Obj/ECG/ses_nRF_Startup.o
 .ARM.attributes
                0x000000000000047b       0x20 Output/Debug/Obj/ECG/ses_nrf52_Vectors.o
 .ARM.attributes
                0x000000000000049b       0x39 Output/Debug/Obj/ECG/system_nrf52.o
 .ARM.attributes
                0x00000000000004d4       0x39 Output/Debug/Obj/ECG/nrf_drv_ppi.o
 .ARM.attributes
                0x000000000000050d       0x20 C:/Program Files/SEGGER/SEGGER Embedded Studio for ARM 5.42a/lib/libc_v7em_fpv4_sp_d16_hard_t_le_eabi.a(libc2_asm.o)

.comment        0x0000000000000000       0x25
 .comment       0x0000000000000000       0x25 Output/Debug/Obj/ECG/app_error.o
                                         0x26 (size before relaxing)
 .comment       0x0000000000000025       0x26 Output/Debug/Obj/ECG/app_error_weak.o
 .comment       0x0000000000000025       0x26 Output/Debug/Obj/ECG/app_util_platform.o
 .comment       0x0000000000000025       0x26 Output/Debug/Obj/ECG/nrf_assert.o
 .comment       0x0000000000000025       0x26 Output/Debug/Obj/ECG/nrf_drv_clock.o
 .comment       0x0000000000000025       0x26 Output/Debug/Obj/ECG/nrf_drv_common.o
 .comment       0x0000000000000025       0x26 Output/Debug/Obj/ECG/nrf_drv_rtc.o
 .comment       0x0000000000000025       0x26 Output/Debug/Obj/ECG/nrf_drv_saadc.o
 .comment       0x0000000000000025       0x26 Output/Debug/Obj/ECG/nrf_drv_uart.o
 .comment       0x0000000000000025       0x26 Output/Debug/Obj/ECG/ant_channel_config.o
 .comment       0x0000000000000025       0x26 Output/Debug/Obj/ECG/nrf_sdh.o
 .comment       0x0000000000000025       0x26 Output/Debug/Obj/ECG/nrf_sdh_ant.o
 .comment       0x0000000000000025       0x26 Output/Debug/Obj/ECG/nrf_section_iter.o
 .comment       0x0000000000000025       0x26 Output/Debug/Obj/ECG/nrf_saadc.o
 .comment       0x0000000000000025       0x26 Output/Debug/Obj/ECG/ppi.o
 .comment       0x0000000000000025       0x26 Output/Debug/Obj/ECG/adc.o
 .comment       0x0000000000000025       0x26 Output/Debug/Obj/ECG/rtc.o
 .comment       0x0000000000000025       0x26 Output/Debug/Obj/ECG/ant.o
 .comment       0x0000000000000025       0x26 Output/Debug/Obj/ECG/main.o
 .comment       0x0000000000000025       0x26 Output/Debug/Obj/ECG/system_nrf52.o
 .comment       0x0000000000000025       0x26 Output/Debug/Obj/ECG/nrf_drv_ppi.o

.debug_line     0x0000000000000000     0xc283
 .debug_line    0x0000000000000000      0x21f Output/Debug/Obj/ECG/thumb_crt0.o
 .debug_line    0x000000000000021f      0x39b Output/Debug/Obj/ECG/app_error.o
 .debug_line    0x00000000000005ba      0x5ec Output/Debug/Obj/ECG/app_error_weak.o
 .debug_line    0x0000000000000ba6      0x442 Output/Debug/Obj/ECG/app_util_platform.o
 .debug_line    0x0000000000000fe8      0x2fe Output/Debug/Obj/ECG/nrf_assert.o
 .debug_line    0x00000000000012e6      0xa15 Output/Debug/Obj/ECG/nrf_drv_clock.o
 .debug_line    0x0000000000001cfb      0x4fa Output/Debug/Obj/ECG/nrf_drv_common.o
 .debug_line    0x00000000000021f5      0x9de Output/Debug/Obj/ECG/nrf_drv_rtc.o
 .debug_line    0x0000000000002bd3      0xd99 Output/Debug/Obj/ECG/nrf_drv_saadc.o
 .debug_line    0x000000000000396c     0x1501 Output/Debug/Obj/ECG/nrf_drv_uart.o
 .debug_line    0x0000000000004e6d      0x885 Output/Debug/Obj/ECG/ant_channel_config.o
 .debug_line    0x00000000000056f2      0xc64 Output/Debug/Obj/ECG/nrf_sdh.o
 .debug_line    0x0000000000006356      0xa6f Output/Debug/Obj/ECG/nrf_sdh_ant.o
 .debug_line    0x0000000000006dc5      0x446 Output/Debug/Obj/ECG/nrf_section_iter.o
 .debug_line    0x000000000000720b      0x3c7 Output/Debug/Obj/ECG/nrf_saadc.o
 .debug_line    0x00000000000075d2      0x5f3 Output/Debug/Obj/ECG/ppi.o
 .debug_line    0x0000000000007bc5      0xdc8 Output/Debug/Obj/ECG/adc.o
 .debug_line    0x000000000000898d      0x560 Output/Debug/Obj/ECG/rtc.o
 .debug_line    0x0000000000008eed      0xb10 Output/Debug/Obj/ECG/ant.o
 .debug_line    0x00000000000099fd     0x1329 Output/Debug/Obj/ECG/main.o
 .debug_line    0x000000000000ad26       0xa0 Output/Debug/Obj/ECG/ses_nRF_Startup.o
 .debug_line    0x000000000000adc6       0xa9 Output/Debug/Obj/ECG/ses_nrf52_Vectors.o
 .debug_line    0x000000000000ae6f      0x7df Output/Debug/Obj/ECG/system_nrf52.o
 .debug_line    0x000000000000b64e      0xc35 Output/Debug/Obj/ECG/nrf_drv_ppi.o

.debug_info     0x0000000000000000    0x12c6b
 .debug_info    0x0000000000000000       0x22 Output/Debug/Obj/ECG/thumb_crt0.o
 .debug_info    0x0000000000000022      0x2c3 Output/Debug/Obj/ECG/app_error.o
 .debug_info    0x00000000000002e5      0x1f3 Output/Debug/Obj/ECG/app_error_weak.o
 .debug_info    0x00000000000004d8      0x71a Output/Debug/Obj/ECG/app_util_platform.o
 .debug_info    0x0000000000000bf2      0x10f Output/Debug/Obj/ECG/nrf_assert.o
 .debug_info    0x0000000000000d01      0xc68 Output/Debug/Obj/ECG/nrf_drv_clock.o
 .debug_info    0x0000000000001969      0x5ed Output/Debug/Obj/ECG/nrf_drv_common.o
 .debug_info    0x0000000000001f56      0xe81 Output/Debug/Obj/ECG/nrf_drv_rtc.o
 .debug_info    0x0000000000002dd7     0x154b Output/Debug/Obj/ECG/nrf_drv_saadc.o
 .debug_info    0x0000000000004322     0x27cf Output/Debug/Obj/ECG/nrf_drv_uart.o
 .debug_info    0x0000000000006af1     0x1151 Output/Debug/Obj/ECG/ant_channel_config.o
 .debug_info    0x0000000000007c42     0x1842 Output/Debug/Obj/ECG/nrf_sdh.o
 .debug_info    0x0000000000009484     0x1599 Output/Debug/Obj/ECG/nrf_sdh_ant.o
 .debug_info    0x000000000000aa1d      0x195 Output/Debug/Obj/ECG/nrf_section_iter.o
 .debug_info    0x000000000000abb2      0x694 Output/Debug/Obj/ECG/nrf_saadc.o
 .debug_info    0x000000000000b246      0x690 Output/Debug/Obj/ECG/ppi.o
 .debug_info    0x000000000000b8d6     0x1dcd Output/Debug/Obj/ECG/adc.o
 .debug_info    0x000000000000d6a3      0x5f3 Output/Debug/Obj/ECG/rtc.o
 .debug_info    0x000000000000dc96     0x1502 Output/Debug/Obj/ECG/ant.o
 .debug_info    0x000000000000f198     0x1c0b Output/Debug/Obj/ECG/main.o
 .debug_info    0x0000000000010da3       0x23 Output/Debug/Obj/ECG/ses_nRF_Startup.o
 .debug_info    0x0000000000010dc6       0x23 Output/Debug/Obj/ECG/ses_nrf52_Vectors.o
 .debug_info    0x0000000000010de9     0x115c Output/Debug/Obj/ECG/system_nrf52.o
 .debug_info    0x0000000000011f45      0xd26 Output/Debug/Obj/ECG/nrf_drv_ppi.o

.debug_abbrev   0x0000000000000000     0x2be3
 .debug_abbrev  0x0000000000000000       0x12 Output/Debug/Obj/ECG/thumb_crt0.o
 .debug_abbrev  0x0000000000000012      0x114 Output/Debug/Obj/ECG/app_error.o
 .debug_abbrev  0x0000000000000126      0x108 Output/Debug/Obj/ECG/app_error_weak.o
 .debug_abbrev  0x000000000000022e      0x235 Output/Debug/Obj/ECG/app_util_platform.o
 .debug_abbrev  0x0000000000000463       0xab Output/Debug/Obj/ECG/nrf_assert.o
 .debug_abbrev  0x000000000000050e      0x34f Output/Debug/Obj/ECG/nrf_drv_clock.o
 .debug_abbrev  0x000000000000085d      0x191 Output/Debug/Obj/ECG/nrf_drv_common.o
 .debug_abbrev  0x00000000000009ee      0x2e6 Output/Debug/Obj/ECG/nrf_drv_rtc.o
 .debug_abbrev  0x0000000000000cd4      0x372 Output/Debug/Obj/ECG/nrf_drv_saadc.o
 .debug_abbrev  0x0000000000001046      0x2ff Output/Debug/Obj/ECG/nrf_drv_uart.o
 .debug_abbrev  0x0000000000001345      0x14f Output/Debug/Obj/ECG/ant_channel_config.o
 .debug_abbrev  0x0000000000001494      0x352 Output/Debug/Obj/ECG/nrf_sdh.o
 .debug_abbrev  0x00000000000017e6      0x253 Output/Debug/Obj/ECG/nrf_sdh_ant.o
 .debug_abbrev  0x0000000000001a39       0xbd Output/Debug/Obj/ECG/nrf_section_iter.o
 .debug_abbrev  0x0000000000001af6      0x14b Output/Debug/Obj/ECG/nrf_saadc.o
 .debug_abbrev  0x0000000000001c41      0x1b1 Output/Debug/Obj/ECG/ppi.o
 .debug_abbrev  0x0000000000001df2      0x284 Output/Debug/Obj/ECG/adc.o
 .debug_abbrev  0x0000000000002076      0x1c6 Output/Debug/Obj/ECG/rtc.o
 .debug_abbrev  0x000000000000223c      0x1f8 Output/Debug/Obj/ECG/ant.o
 .debug_abbrev  0x0000000000002434      0x2f1 Output/Debug/Obj/ECG/main.o
 .debug_abbrev  0x0000000000002725       0x14 Output/Debug/Obj/ECG/ses_nRF_Startup.o
 .debug_abbrev  0x0000000000002739       0x14 Output/Debug/Obj/ECG/ses_nrf52_Vectors.o
 .debug_abbrev  0x000000000000274d      0x201 Output/Debug/Obj/ECG/system_nrf52.o
 .debug_abbrev  0x000000000000294e      0x295 Output/Debug/Obj/ECG/nrf_drv_ppi.o

.debug_aranges  0x0000000000000000     0x16d0
 .debug_aranges
                0x0000000000000000       0x98 Output/Debug/Obj/ECG/thumb_crt0.o
 .debug_aranges
                0x0000000000000098       0x30 Output/Debug/Obj/ECG/app_error.o
 .debug_aranges
                0x00000000000000c8       0x20 Output/Debug/Obj/ECG/app_error_weak.o
 .debug_aranges
                0x00000000000000e8       0x50 Output/Debug/Obj/ECG/app_util_platform.o
 .debug_aranges
                0x0000000000000138       0x20 Output/Debug/Obj/ECG/nrf_assert.o
 .debug_aranges
                0x0000000000000158      0x108 Output/Debug/Obj/ECG/nrf_drv_clock.o
 .debug_aranges
                0x0000000000000260       0x50 Output/Debug/Obj/ECG/nrf_drv_common.o
 .debug_aranges
                0x00000000000002b0       0xe8 Output/Debug/Obj/ECG/nrf_drv_rtc.o
 .debug_aranges
                0x0000000000000398      0x108 Output/Debug/Obj/ECG/nrf_drv_saadc.o
 .debug_aranges
                0x00000000000004a0      0x2c0 Output/Debug/Obj/ECG/nrf_drv_uart.o
 .debug_aranges
                0x0000000000000760      0x200 Output/Debug/Obj/ECG/ant_channel_config.o
 .debug_aranges
                0x0000000000000960      0x228 Output/Debug/Obj/ECG/nrf_sdh.o
 .debug_aranges
                0x0000000000000b88      0x210 Output/Debug/Obj/ECG/nrf_sdh_ant.o
 .debug_aranges
                0x0000000000000d98       0x28 Output/Debug/Obj/ECG/nrf_section_iter.o
 .debug_aranges
                0x0000000000000dc0       0x28 Output/Debug/Obj/ECG/nrf_saadc.o
 .debug_aranges
                0x0000000000000de8       0x30 Output/Debug/Obj/ECG/ppi.o
 .debug_aranges
                0x0000000000000e18      0x210 Output/Debug/Obj/ECG/adc.o
 .debug_aranges
                0x0000000000001028       0x40 Output/Debug/Obj/ECG/rtc.o
 .debug_aranges
                0x0000000000001068      0x210 Output/Debug/Obj/ECG/ant.o
 .debug_aranges
                0x0000000000001278      0x250 Output/Debug/Obj/ECG/main.o
 .debug_aranges
                0x00000000000014c8       0x20 Output/Debug/Obj/ECG/ses_nRF_Startup.o
 .debug_aranges
                0x00000000000014e8       0x20 Output/Debug/Obj/ECG/ses_nrf52_Vectors.o
 .debug_aranges
                0x0000000000001508       0x80 Output/Debug/Obj/ECG/system_nrf52.o
 .debug_aranges
                0x0000000000001588      0x148 Output/Debug/Obj/ECG/nrf_drv_ppi.o

.debug_str      0x0000000000000000    0x7b8f0
 .debug_str     0x0000000000000000       0xa8 Output/Debug/Obj/ECG/thumb_crt0.o
 .debug_str     0x00000000000000a8    0x60d3d Output/Debug/Obj/ECG/app_error.o
                                      0x618c8 (size before relaxing)
 .debug_str     0x0000000000060de5     0x73f3 Output/Debug/Obj/ECG/app_error_weak.o
                                      0x68be6 (size before relaxing)
 .debug_str     0x00000000000681d8      0x470 Output/Debug/Obj/ECG/app_util_platform.o
                                      0x61ffa (size before relaxing)
 .debug_str     0x0000000000068648       0x56 Output/Debug/Obj/ECG/nrf_assert.o
                                      0x618c1 (size before relaxing)
 .debug_str     0x000000000006869e      0xc4b Output/Debug/Obj/ECG/nrf_drv_clock.o
                                      0x68b48 (size before relaxing)
 .debug_str     0x00000000000692e9      0xa17 Output/Debug/Obj/ECG/nrf_drv_common.o
                                      0x66fa4 (size before relaxing)
 .debug_str     0x0000000000069d00      0xae8 Output/Debug/Obj/ECG/nrf_drv_rtc.o
                                      0x69559 (size before relaxing)
 .debug_str     0x000000000006a7e8     0x1734 Output/Debug/Obj/ECG/nrf_drv_saadc.o
                                      0x6998e (size before relaxing)
 .debug_str     0x000000000006bf1c     0x1b7e Output/Debug/Obj/ECG/nrf_drv_uart.o
                                      0x6a790 (size before relaxing)
 .debug_str     0x000000000006da9a     0x5c42 Output/Debug/Obj/ECG/ant_channel_config.o
                                      0x6b76d (size before relaxing)
 .debug_str     0x00000000000736dc     0x28ee Output/Debug/Obj/ECG/nrf_sdh.o
                                      0x6ab00 (size before relaxing)
 .debug_str     0x0000000000075fca      0x781 Output/Debug/Obj/ECG/nrf_sdh_ant.o
                                      0x6e3c1 (size before relaxing)
 .debug_str     0x000000000007674b       0x89 Output/Debug/Obj/ECG/nrf_section_iter.o
                                      0x663c6 (size before relaxing)
 .debug_str     0x00000000000767d4       0x59 Output/Debug/Obj/ECG/nrf_saadc.o
                                      0x61ebb (size before relaxing)
 .debug_str     0x000000000007682d      0x64f Output/Debug/Obj/ECG/ppi.o
                                      0x67cb1 (size before relaxing)
 .debug_str     0x0000000000076e7c       0xdd Output/Debug/Obj/ECG/adc.o
                                      0x70838 (size before relaxing)
 .debug_str     0x0000000000076f59       0x86 Output/Debug/Obj/ECG/rtc.o
                                      0x67369 (size before relaxing)
 .debug_str     0x0000000000076fdf       0xb9 Output/Debug/Obj/ECG/ant.o
                                      0x6e9e7 (size before relaxing)
 .debug_str     0x0000000000077098     0x3f1b Output/Debug/Obj/ECG/main.o
                                      0x755a6 (size before relaxing)
 .debug_str     0x000000000007afb3       0x46 Output/Debug/Obj/ECG/ses_nRF_Startup.o
                                         0x9d (size before relaxing)
 .debug_str     0x000000000007aff9       0x48 Output/Debug/Obj/ECG/ses_nrf52_Vectors.o
                                         0x9f (size before relaxing)
 .debug_str     0x000000000007b041      0x353 Output/Debug/Obj/ECG/system_nrf52.o
                                      0x5b91a (size before relaxing)
 .debug_str     0x000000000007b394      0x55c Output/Debug/Obj/ECG/nrf_drv_ppi.o
                                      0x692c1 (size before relaxing)

.debug_ranges   0x0000000000000000     0x1568
 .debug_ranges  0x0000000000000000       0x90 Output/Debug/Obj/ECG/thumb_crt0.o
 .debug_ranges  0x0000000000000090       0x20 Output/Debug/Obj/ECG/app_error.o
 .debug_ranges  0x00000000000000b0       0x10 Output/Debug/Obj/ECG/app_error_weak.o
 .debug_ranges  0x00000000000000c0       0x40 Output/Debug/Obj/ECG/app_util_platform.o
 .debug_ranges  0x0000000000000100       0x10 Output/Debug/Obj/ECG/nrf_assert.o
 .debug_ranges  0x0000000000000110      0x110 Output/Debug/Obj/ECG/nrf_drv_clock.o
 .debug_ranges  0x0000000000000220       0x40 Output/Debug/Obj/ECG/nrf_drv_common.o
 .debug_ranges  0x0000000000000260       0xd8 Output/Debug/Obj/ECG/nrf_drv_rtc.o
 .debug_ranges  0x0000000000000338       0xf8 Output/Debug/Obj/ECG/nrf_drv_saadc.o
 .debug_ranges  0x0000000000000430      0x2b0 Output/Debug/Obj/ECG/nrf_drv_uart.o
 .debug_ranges  0x00000000000006e0      0x1f0 Output/Debug/Obj/ECG/ant_channel_config.o
 .debug_ranges  0x00000000000008d0      0x218 Output/Debug/Obj/ECG/nrf_sdh.o
 .debug_ranges  0x0000000000000ae8      0x218 Output/Debug/Obj/ECG/nrf_sdh_ant.o
 .debug_ranges  0x0000000000000d00       0x18 Output/Debug/Obj/ECG/nrf_section_iter.o
 .debug_ranges  0x0000000000000d18       0x18 Output/Debug/Obj/ECG/nrf_saadc.o
 .debug_ranges  0x0000000000000d30       0x20 Output/Debug/Obj/ECG/ppi.o
 .debug_ranges  0x0000000000000d50      0x200 Output/Debug/Obj/ECG/adc.o
 .debug_ranges  0x0000000000000f50       0x30 Output/Debug/Obj/ECG/rtc.o
 .debug_ranges  0x0000000000000f80      0x200 Output/Debug/Obj/ECG/ant.o
 .debug_ranges  0x0000000000001180      0x240 Output/Debug/Obj/ECG/main.o
 .debug_ranges  0x00000000000013c0       0x70 Output/Debug/Obj/ECG/system_nrf52.o
 .debug_ranges  0x0000000000001430      0x138 Output/Debug/Obj/ECG/nrf_drv_ppi.o

.debug_frame    0x0000000000000000     0x3dcc
 .debug_frame   0x0000000000000000       0x80 Output/Debug/Obj/ECG/app_error.o
 .debug_frame   0x0000000000000080       0x38 Output/Debug/Obj/ECG/app_error_weak.o
 .debug_frame   0x00000000000000b8       0xe8 Output/Debug/Obj/ECG/app_util_platform.o
 .debug_frame   0x00000000000001a0       0x38 Output/Debug/Obj/ECG/nrf_assert.o
 .debug_frame   0x00000000000001d8      0x3a4 Output/Debug/Obj/ECG/nrf_drv_clock.o
 .debug_frame   0x000000000000057c       0xfc Output/Debug/Obj/ECG/nrf_drv_common.o
 .debug_frame   0x0000000000000678      0x3b4 Output/Debug/Obj/ECG/nrf_drv_rtc.o
 .debug_frame   0x0000000000000a2c      0x3f4 Output/Debug/Obj/ECG/nrf_drv_saadc.o
 .debug_frame   0x0000000000000e20      0xbe0 Output/Debug/Obj/ECG/nrf_drv_uart.o
 .debug_frame   0x0000000000001a00      0x3f8 Output/Debug/Obj/ECG/ant_channel_config.o
 .debug_frame   0x0000000000001df8      0x554 Output/Debug/Obj/ECG/nrf_sdh.o
 .debug_frame   0x000000000000234c      0x448 Output/Debug/Obj/ECG/nrf_sdh_ant.o
 .debug_frame   0x0000000000002794       0x60 Output/Debug/Obj/ECG/nrf_section_iter.o
 .debug_frame   0x00000000000027f4       0x58 Output/Debug/Obj/ECG/nrf_saadc.o
 .debug_frame   0x000000000000284c       0x80 Output/Debug/Obj/ECG/ppi.o
 .debug_frame   0x00000000000028cc      0x440 Output/Debug/Obj/ECG/adc.o
 .debug_frame   0x0000000000002d0c       0xbc Output/Debug/Obj/ECG/rtc.o
 .debug_frame   0x0000000000002dc8      0x448 Output/Debug/Obj/ECG/ant.o
 .debug_frame   0x0000000000003210      0x56c Output/Debug/Obj/ECG/main.o
 .debug_frame   0x000000000000377c       0xec Output/Debug/Obj/ECG/system_nrf52.o
 .debug_frame   0x0000000000003868      0x564 Output/Debug/Obj/ECG/nrf_drv_ppi.o

.debug_pubnames
                0x0000000000000000     0xbc40
 .debug_pubnames
                0x0000000000000000       0x82 Output/Debug/Obj/ECG/app_error.o
 .debug_pubnames
                0x0000000000000082       0x2e Output/Debug/Obj/ECG/app_error_weak.o
 .debug_pubnames
                0x00000000000000b0      0x204 Output/Debug/Obj/ECG/app_util_platform.o
 .debug_pubnames
                0x00000000000002b4       0x2a Output/Debug/Obj/ECG/nrf_assert.o
 .debug_pubnames
                0x00000000000002de      0x92c Output/Debug/Obj/ECG/nrf_drv_clock.o
 .debug_pubnames
                0x0000000000000c0a      0x414 Output/Debug/Obj/ECG/nrf_drv_common.o
 .debug_pubnames
                0x000000000000101e      0x594 Output/Debug/Obj/ECG/nrf_drv_rtc.o
 .debug_pubnames
                0x00000000000015b2     0x1020 Output/Debug/Obj/ECG/nrf_drv_saadc.o
 .debug_pubnames
                0x00000000000025d2      0xf95 Output/Debug/Obj/ECG/nrf_drv_uart.o
 .debug_pubnames
                0x0000000000003567      0xee7 Output/Debug/Obj/ECG/ant_channel_config.o
 .debug_pubnames
                0x000000000000444e     0x1171 Output/Debug/Obj/ECG/nrf_sdh.o
 .debug_pubnames
                0x00000000000055bf      0xf7c Output/Debug/Obj/ECG/nrf_sdh_ant.o
 .debug_pubnames
                0x000000000000653b       0x46 Output/Debug/Obj/ECG/nrf_section_iter.o
 .debug_pubnames
                0x0000000000006581       0x4d Output/Debug/Obj/ECG/nrf_saadc.o
 .debug_pubnames
                0x00000000000065ce      0x484 Output/Debug/Obj/ECG/ppi.o
 .debug_pubnames
                0x0000000000006a52     0x1937 Output/Debug/Obj/ECG/adc.o
 .debug_pubnames
                0x0000000000008389      0x4cc Output/Debug/Obj/ECG/rtc.o
 .debug_pubnames
                0x0000000000008855      0xf29 Output/Debug/Obj/ECG/ant.o
 .debug_pubnames
                0x000000000000977e     0x1b2d Output/Debug/Obj/ECG/main.o
 .debug_pubnames
                0x000000000000b2ab      0x110 Output/Debug/Obj/ECG/system_nrf52.o
 .debug_pubnames
                0x000000000000b3bb      0x885 Output/Debug/Obj/ECG/nrf_drv_ppi.o

.debug_pubtypes
                0x0000000000000000     0x28a8
 .debug_pubtypes
                0x0000000000000000      0x117 Output/Debug/Obj/ECG/app_error.o
 .debug_pubtypes
                0x0000000000000117      0x12b Output/Debug/Obj/ECG/app_error_weak.o
 .debug_pubtypes
                0x0000000000000242      0x110 Output/Debug/Obj/ECG/app_util_platform.o
 .debug_pubtypes
                0x0000000000000352       0xed Output/Debug/Obj/ECG/nrf_assert.o
 .debug_pubtypes
                0x000000000000043f      0x22e Output/Debug/Obj/ECG/nrf_drv_clock.o
 .debug_pubtypes
                0x000000000000066d      0x120 Output/Debug/Obj/ECG/nrf_drv_common.o
 .debug_pubtypes
                0x000000000000078d      0x1ed Output/Debug/Obj/ECG/nrf_drv_rtc.o
 .debug_pubtypes
                0x000000000000097a      0x3e1 Output/Debug/Obj/ECG/nrf_drv_saadc.o
 .debug_pubtypes
                0x0000000000000d5b      0x3e5 Output/Debug/Obj/ECG/nrf_drv_uart.o
 .debug_pubtypes
                0x0000000000001140      0x130 Output/Debug/Obj/ECG/ant_channel_config.o
 .debug_pubtypes
                0x0000000000001270      0x3e0 Output/Debug/Obj/ECG/nrf_sdh.o
 .debug_pubtypes
                0x0000000000001650      0x228 Output/Debug/Obj/ECG/nrf_sdh_ant.o
 .debug_pubtypes
                0x0000000000001878      0x128 Output/Debug/Obj/ECG/nrf_section_iter.o
 .debug_pubtypes
                0x00000000000019a0      0x1f2 Output/Debug/Obj/ECG/nrf_saadc.o
 .debug_pubtypes
                0x0000000000001b92      0x143 Output/Debug/Obj/ECG/ppi.o
 .debug_pubtypes
                0x0000000000001cd5      0x329 Output/Debug/Obj/ECG/adc.o
 .debug_pubtypes
                0x0000000000001ffe      0x17c Output/Debug/Obj/ECG/rtc.o
 .debug_pubtypes
                0x000000000000217a      0x1ba Output/Debug/Obj/ECG/ant.o
 .debug_pubtypes
                0x0000000000002334      0x246 Output/Debug/Obj/ECG/main.o
 .debug_pubtypes
                0x000000000000257a      0x1a7 Output/Debug/Obj/ECG/system_nrf52.o
 .debug_pubtypes
                0x0000000000002721      0x187 Output/Debug/Obj/ECG/nrf_drv_ppi.o

.debug_macro    0x0000000000000000     0x5107
 .debug_macro   0x0000000000000000      0x103 Output/Debug/Obj/ECG/app_error.o
 .debug_macro   0x0000000000000103       0x35 Output/Debug/Obj/ECG/app_error.o
 .debug_macro   0x0000000000000138       0x22 Output/Debug/Obj/ECG/app_error.o
 .debug_macro   0x000000000000015a       0x78 Output/Debug/Obj/ECG/app_error.o
 .debug_macro   0x00000000000001d2       0x2a Output/Debug/Obj/ECG/app_error.o
 .debug_macro   0x00000000000001fc      0x1fa Output/Debug/Obj/ECG/app_error_weak.o
 .debug_macro   0x00000000000003f6       0x31 Output/Debug/Obj/ECG/app_error_weak.o
 .debug_macro   0x0000000000000427       0x10 Output/Debug/Obj/ECG/app_error_weak.o
 .debug_macro   0x0000000000000437      0x167 Output/Debug/Obj/ECG/app_error_weak.o
 .debug_macro   0x000000000000059e       0x68 Output/Debug/Obj/ECG/app_error_weak.o
 .debug_macro   0x0000000000000606       0x28 Output/Debug/Obj/ECG/app_error_weak.o
 .debug_macro   0x000000000000062e       0x22 Output/Debug/Obj/ECG/app_error_weak.o
 .debug_macro   0x0000000000000650       0x10 Output/Debug/Obj/ECG/app_error_weak.o
 .debug_macro   0x0000000000000660       0x7e Output/Debug/Obj/ECG/app_error_weak.o
 .debug_macro   0x00000000000006de       0x8c Output/Debug/Obj/ECG/app_error_weak.o
 .debug_macro   0x000000000000076a       0x10 Output/Debug/Obj/ECG/app_error_weak.o
 .debug_macro   0x000000000000077a       0x1c Output/Debug/Obj/ECG/app_error_weak.o
 .debug_macro   0x0000000000000796      0x11f Output/Debug/Obj/ECG/app_util_platform.o
 .debug_macro   0x00000000000008b5      0x10c Output/Debug/Obj/ECG/nrf_assert.o
 .debug_macro   0x00000000000009c1      0x206 Output/Debug/Obj/ECG/nrf_drv_clock.o
 .debug_macro   0x0000000000000bc7       0x16 Output/Debug/Obj/ECG/nrf_drv_clock.o
 .debug_macro   0x0000000000000bdd       0x28 Output/Debug/Obj/ECG/nrf_drv_clock.o
 .debug_macro   0x0000000000000c05      0x155 Output/Debug/Obj/ECG/nrf_drv_clock.o
 .debug_macro   0x0000000000000d5a      0x181 Output/Debug/Obj/ECG/nrf_drv_common.o
 .debug_macro   0x0000000000000edb       0x1c Output/Debug/Obj/ECG/nrf_drv_common.o
 .debug_macro   0x0000000000000ef7      0x4af Output/Debug/Obj/ECG/nrf_drv_common.o
 .debug_macro   0x00000000000013a6       0x22 Output/Debug/Obj/ECG/nrf_drv_common.o
 .debug_macro   0x00000000000013c8      0x1f1 Output/Debug/Obj/ECG/nrf_drv_rtc.o
 .debug_macro   0x00000000000015b9       0x28 Output/Debug/Obj/ECG/nrf_drv_rtc.o
 .debug_macro   0x00000000000015e1       0x28 Output/Debug/Obj/ECG/nrf_drv_rtc.o
 .debug_macro   0x0000000000001609       0x37 Output/Debug/Obj/ECG/nrf_drv_rtc.o
 .debug_macro   0x0000000000001640      0x161 Output/Debug/Obj/ECG/nrf_drv_rtc.o
 .debug_macro   0x00000000000017a1      0x1fd Output/Debug/Obj/ECG/nrf_drv_saadc.o
 .debug_macro   0x000000000000199e       0x22 Output/Debug/Obj/ECG/nrf_drv_saadc.o
 .debug_macro   0x00000000000019c0      0x22e Output/Debug/Obj/ECG/nrf_drv_uart.o
 .debug_macro   0x0000000000001bee       0x16 Output/Debug/Obj/ECG/nrf_drv_uart.o
 .debug_macro   0x0000000000001c04      0x14b Output/Debug/Obj/ECG/ant_channel_config.o
 .debug_macro   0x0000000000001d4f       0x16 Output/Debug/Obj/ECG/ant_channel_config.o
 .debug_macro   0x0000000000001d65      0xb10 Output/Debug/Obj/ECG/ant_channel_config.o
 .debug_macro   0x0000000000002875       0x18 Output/Debug/Obj/ECG/ant_channel_config.o
 .debug_macro   0x000000000000288d      0x21e Output/Debug/Obj/ECG/nrf_sdh.o
 .debug_macro   0x0000000000002aab       0x11 Output/Debug/Obj/ECG/nrf_sdh.o
 .debug_macro   0x0000000000002abc       0x2a Output/Debug/Obj/ECG/nrf_sdh.o
 .debug_macro   0x0000000000002ae6       0x1c Output/Debug/Obj/ECG/nrf_sdh.o
 .debug_macro   0x0000000000002b02       0x46 Output/Debug/Obj/ECG/nrf_sdh.o
 .debug_macro   0x0000000000002b48       0xa3 Output/Debug/Obj/ECG/nrf_sdh.o
 .debug_macro   0x0000000000002beb      0x122 Output/Debug/Obj/ECG/nrf_sdh.o
 .debug_macro   0x0000000000002d0d      0x15b Output/Debug/Obj/ECG/nrf_sdh.o
 .debug_macro   0x0000000000002e68      0x1f2 Output/Debug/Obj/ECG/nrf_sdh_ant.o
 .debug_macro   0x000000000000305a       0x35 Output/Debug/Obj/ECG/nrf_sdh_ant.o
 .debug_macro   0x000000000000308f       0x30 Output/Debug/Obj/ECG/nrf_sdh_ant.o
 .debug_macro   0x00000000000030bf      0x173 Output/Debug/Obj/ECG/nrf_section_iter.o
 .debug_macro   0x0000000000003232      0x12b Output/Debug/Obj/ECG/nrf_saadc.o
 .debug_macro   0x000000000000335d      0x1f8 Output/Debug/Obj/ECG/ppi.o
 .debug_macro   0x0000000000003555       0x64 Output/Debug/Obj/ECG/ppi.o
 .debug_macro   0x00000000000035b9       0x16 Output/Debug/Obj/ECG/ppi.o
 .debug_macro   0x00000000000035cf       0x2e Output/Debug/Obj/ECG/ppi.o
 .debug_macro   0x00000000000035fd      0x2d8 Output/Debug/Obj/ECG/adc.o
 .debug_macro   0x00000000000038d5       0x16 Output/Debug/Obj/ECG/adc.o
 .debug_macro   0x00000000000038eb       0x16 Output/Debug/Obj/ECG/adc.o
 .debug_macro   0x0000000000003901       0x10 Output/Debug/Obj/ECG/adc.o
 .debug_macro   0x0000000000003911      0x1b2 Output/Debug/Obj/ECG/rtc.o
 .debug_macro   0x0000000000003ac3      0x21b Output/Debug/Obj/ECG/ant.o
 .debug_macro   0x0000000000003cde      0xb0a Output/Debug/Obj/ECG/ant.o