Archive member included to satisfy reference by file (symbol)

C:/Program Files (x86)/SEGGER/SEGGER Embedded Studio for ARM 5.42a/lib/libc_v7em_fpv4_sp_d16_hard_t_le_eabi.a(libc2.o)
                              Output/Debug/Obj/saadc_pca10040/nrf_log_str_formatter.o (isprint)
C:/Program Files (x86)/SEGGER/SEGGER Embedded Studio for ARM 5.42a/lib/libc_v7em_fpv4_sp_d16_hard_t_le_eabi.a(libc2_asm.o)
                              Output/Debug/Obj/saadc_pca10040/nrf_log_frontend.o (memcpy)
C:/Program Files (x86)/SEGGER/SEGGER Embedded Studio for ARM 5.42a/lib/libc_v7em_fpv4_sp_d16_hard_t_le_eabi.a(libvfprintf.o)
                              (__vfprintf_long)
C:/Program Files (x86)/SEGGER/SEGGER Embedded Studio for ARM 5.42a/lib/libc_v7em_fpv4_sp_d16_hard_t_le_eabi.a(libvfscanf.o)
                              (__vfscanf_int)
C:/Program Files (x86)/SEGGER/SEGGER Embedded Studio for ARM 5.42a/lib/libc_v7em_fpv4_sp_d16_hard_t_le_eabi.a(libc.o)
                              C:/Program Files (x86)/SEGGER/SEGGER Embedded Studio for ARM 5.42a/lib/libc_v7em_fpv4_sp_d16_hard_t_le_eabi.a(libc2.o) (__heap_lock)
C:/Program Files (x86)/SEGGER/SEGGER Embedded Studio for ARM 5.42a/lib/libc_v7em_fpv4_sp_d16_hard_t_le_eabi.a(libc_asm.o)
                              C:/Program Files (x86)/SEGGER/SEGGER Embedded Studio for ARM 5.42a/lib/libc_v7em_fpv4_sp_d16_hard_t_le_eabi.a(libc2.o) (__aeabi_uldivmod)
C:/Program Files (x86)/SEGGER/SEGGER Embedded Studio for ARM 5.42a/lib/libdebugio_v7em_fpv4_sp_d16_hard_t_le_eabi.a(libdebugio.o)
                              Output/Debug/Obj/saadc_pca10040/thumb_crt0.o (debug_fopen)
C:/Program Files (x86)/SEGGER/SEGGER Embedded Studio for ARM 5.42a/lib/libdebugio_v7em_fpv4_sp_d16_hard_t_le_eabi.a(do_nv_debug_operation.o)
                              C:/Program Files (x86)/SEGGER/SEGGER Embedded Studio for ARM 5.42a/lib/libdebugio_v7em_fpv4_sp_d16_hard_t_le_eabi.a(libdebugio.o) (__do_nvdebug_operation)
C:/Program Files (x86)/SEGGER/SEGGER Embedded Studio for ARM 5.42a/lib/libdebugio_v7em_fpv4_sp_d16_hard_t_le_eabi.a(mempoll_debug_operations.o)
                              (__do_debug_operation_mempoll)
C:/Program Files (x86)/SEGGER/SEGGER Embedded Studio for ARM 5.42a/lib/libm_v7em_fpv4_sp_d16_hard_t_le_eabi.a(libm_asm.o)
                              C:/Program Files (x86)/SEGGER/SEGGER Embedded Studio for ARM 5.42a/lib/libc_v7em_fpv4_sp_d16_hard_t_le_eabi.a(libc2.o) (__aeabi_dadd)
C:/Program Files (x86)/SEGGER/SEGGER Embedded Studio for ARM 5.42a/lib/libm_v7em_fpv4_sp_d16_hard_t_le_eabi.a(libm2.o)
                              C:/Program Files (x86)/SEGGER/SEGGER Embedded Studio for ARM 5.42a/lib/libc_v7em_fpv4_sp_d16_hard_t_le_eabi.a(libvfprintf.o) (frexp)

Discarded input sections

 .text          0x00000000        0x0 Output/Debug/Obj/saadc_pca10040/thumb_crt0.o
 .data          0x00000000        0x0 Output/Debug/Obj/saadc_pca10040/thumb_crt0.o
 .bss           0x00000000        0x0 Output/Debug/Obj/saadc_pca10040/thumb_crt0.o
 .text.__aeabi_read_tp
                0x00000000        0x8 Output/Debug/Obj/saadc_pca10040/thumb_crt0.o
 .text.abort    0x00000000        0x2 Output/Debug/Obj/saadc_pca10040/thumb_crt0.o
 .text.__assert
                0x00000000        0x2 Output/Debug/Obj/saadc_pca10040/thumb_crt0.o
 .text.__assert_func
                0x00000000        0x2 Output/Debug/Obj/saadc_pca10040/thumb_crt0.o
 .text.__aeabi_assert
                0x00000000        0x2 Output/Debug/Obj/saadc_pca10040/thumb_crt0.o
 .text.__sync_synchronize
                0x00000000        0x2 Output/Debug/Obj/saadc_pca10040/thumb_crt0.o
 .text.__getchar
                0x00000000        0x4 Output/Debug/Obj/saadc_pca10040/thumb_crt0.o
 .text.__putchar
                0x00000000        0x4 Output/Debug/Obj/saadc_pca10040/thumb_crt0.o
 .text.__open   0x00000000        0x4 Output/Debug/Obj/saadc_pca10040/thumb_crt0.o
 .text.__close  0x00000000        0x4 Output/Debug/Obj/saadc_pca10040/thumb_crt0.o
 .text.__write  0x00000000        0xa Output/Debug/Obj/saadc_pca10040/thumb_crt0.o
 .text.__read   0x00000000        0xa Output/Debug/Obj/saadc_pca10040/thumb_crt0.o
 .text.__seek   0x00000000       0x1a Output/Debug/Obj/saadc_pca10040/thumb_crt0.o
 .text.remove   0x00000000        0x4 Output/Debug/Obj/saadc_pca10040/thumb_crt0.o
 .text.rename   0x00000000        0x4 Output/Debug/Obj/saadc_pca10040/thumb_crt0.o
 .bss.__user_locale_name_buffer
                0x00000000        0x4 Output/Debug/Obj/saadc_pca10040/thumb_crt0.o
 .stack         0x00000000        0x0 Output/Debug/Obj/saadc_pca10040/thumb_crt0.o
 .stack_process
                0x00000000        0x0 Output/Debug/Obj/saadc_pca10040/thumb_crt0.o
 .heap          0x00000000        0x0 Output/Debug/Obj/saadc_pca10040/thumb_crt0.o
 .group         0x00000000        0xc Output/Debug/Obj/saadc_pca10040/nrf_log_backend_rtt.o
 .group         0x00000000        0xc Output/Debug/Obj/saadc_pca10040/nrf_log_backend_rtt.o
[...]
Memory Configuration

Name             Origin             Length             Attributes
UNPLACED_SECTIONS 0xffffffff         0x00000000         xw
RAM              0x20000000         0x00010000         xw
FLASH            0x00000000         0x00080000         xw
*default*        0x00000000         0xffffffff

Linker script and memory map

                0x00000000                __do_debug_operation = __do_debug_operation_mempoll
                0x00000000                __vfprintf = __vfprintf_long
                0x00000000                __vfscanf = __vfscanf_int
                0x20000000                __RAM_segment_start__ = 0x20000000
                0x20010000                __RAM_segment_end__ = 0x20010000
                0x00010000                __RAM_segment_size__ = 0x10000
                0x00000000                __FLASH_segment_start__ = 0x0
                0x00080000                __FLASH_segment_end__ = 0x80000
                0x00080000                __FLASH_segment_size__ = 0x80000
                0x00000200                __HEAPSIZE__ = 0x200
                0x00000000                __STACKSIZE_PROCESS__ = 0x0
                0x00000800                __STACKSIZE__ = 0x800
                0x20000000                __vectors_ram_load_start__ = 0x20000000

.vectors_ram    0x20000000        0x0
                0x20000000                __vectors_ram_start__ = .
                0x20000000                __app_ram_start__ = __vectors_ram_start__
 *(.vectors_ram .vectors_ram.*)
                0x20000000                __vectors_ram_end__ = (__vectors_ram_start__ + SIZEOF (.vectors_ram))
                0x00000000                __vectors_ram_size__ = SIZEOF (.vectors_ram)
                0x20000000                __vectors_ram_load_end__ = __vectors_ram_end__
                0x00000001                . = ASSERT (((__vectors_ram_start__ == __vectors_ram_end__) || ((__vectors_ram_end__ - __RAM_segment_start__) <= __RAM_segment_size__)), error: .vectors_ram is too large to fit in RAM memory segment)
                0x20000000                __nrf_sections_run_load_start__ = ALIGN (__vectors_ram_end__, 0x4)

.nrf_sections_run
                0x20000000        0x0
                0x20000000                __nrf_sections_run_start__ = .
                0x20000000                __start_nrf_sections_run = __nrf_sections_run_start__
 *(.nrf_sections_run .nrf_sections_run.*)
                0x20000000                __nrf_sections_run_end__ = (__nrf_sections_run_start__ + SIZEOF (.nrf_sections_run))
                0x00000000                __nrf_sections_run_size__ = SIZEOF (.nrf_sections_run)
                0x20000000                __nrf_sections_run_load_end__ = __nrf_sections_run_end__
                0x00000001                . = ASSERT (((__nrf_sections_run_start__ == __nrf_sections_run_end__) || ((__nrf_sections_run_end__ - __RAM_segment_start__) <= __RAM_segment_size__)), error: .nrf_sections_run is too large to fit in RAM memory segment)
                0x00000000                __vectors_load_start__ = 0x0

.vectors        0x00000000       0xdc
                0x00000000                __vectors_start__ = .
 *(.vectors .vectors.*)
 .vectors       0x00000000       0xdc Output/Debug/Obj/saadc_pca10040/ses_nrf52_Vectors.o
                0x00000000                _vectors
                0x000000dc                __vectors_end__ = (__vectors_start__ + SIZEOF (.vectors))
                0x000000dc                __vectors_size__ = SIZEOF (.vectors)
                0x000000dc                __vectors_load_end__ = __vectors_end__
                0x00000001                . = ASSERT (((__vectors_start__ == __vectors_end__) || ((__vectors_end__ - __FLASH_segment_start__) <= __FLASH_segment_size__)), error: .vectors is too large to fit in FLASH memory segment)
                0x000000dc                __init_load_start__ = ALIGN (__vectors_end__, 0x4)

.init           0x000000dc      0x214
                0x000000dc                __init_start__ = .
 *(.init .init.*)
 .init          0x000000dc      0x15c Output/Debug/Obj/saadc_pca10040/thumb_crt0.o
                0x000000dc                _start
                0x00000190                exit
 .init          0x00000238       0x58 Output/Debug/Obj/saadc_pca10040/ses_nRF_Startup.o
                0x00000238                Reset_Handler
                0x0000025c                InitializeUserMemorySections
 .init          0x00000290       0x60 Output/Debug/Obj/saadc_pca10040/ses_nrf52_Vectors.o
                0x00000290                NMI_Handler
                0x00000292                HardFault_Handler
                0x00000294                MemoryManagement_Handler
                0x00000296                BusFault_Handler
                0x00000298                UsageFault_Handler
                0x0000029a                SVC_Handler
                0x0000029c                DebugMon_Handler
                0x0000029e                PendSV_Handler
                0x000002a0                SysTick_Handler
                0x000002a6                RADIO_IRQHandler
                0x000002aa                SPIM0_SPIS0_TWIM0_TWIS0_SPI0_TWI0_IRQHandler
                0x000002ac                SPIM1_SPIS1_TWIM1_TWIS1_SPI1_TWI1_IRQHandler
                0x000002ae                NFCT_IRQHandler
                0x000002b0                GPIOTE_IRQHandler
                0x000002b6                TIMER1_IRQHandler
                0x000002b8                TIMER2_IRQHandler
                0x000002ba                RTC0_IRQHandler
                0x000002bc                TEMP_IRQHandler
                0x000002be                RNG_IRQHandler
                0x000002c0                ECB_IRQHandler
                0x000002c2                CCM_AAR_IRQHandler
                0x000002c4                WDT_IRQHandler
                0x000002c6                RTC1_IRQHandler
                0x000002c8                QDEC_IRQHandler
                0x000002ca                COMP_LPCOMP_IRQHandler
                0x000002cc                SWI0_EGU0_IRQHandler
                0x000002ce                SWI1_EGU1_IRQHandler
                0x000002d0                SWI2_EGU2_IRQHandler
                0x000002d2                SWI3_EGU3_IRQHandler
                0x000002d4                SWI4_EGU4_IRQHandler
                0x000002d6                SWI5_EGU5_IRQHandler
                0x000002d8                TIMER3_IRQHandler
                0x000002da                TIMER4_IRQHandler
                0x000002dc                PWM0_IRQHandler
                0x000002de                PDM_IRQHandler
                0x000002e0                MWU_IRQHandler
                0x000002e2                PWM1_IRQHandler
                0x000002e4                PWM2_IRQHandler
                0x000002e6                SPIM2_SPIS2_SPI2_IRQHandler
                0x000002e8                RTC2_IRQHandler
                0x000002ea                I2S_IRQHandler
                0x000002ec                FPU_IRQHandler
                0x000002f0                __init_end__ = (__init_start__ + SIZEOF (.init))
                0x00000214                __init_size__ = SIZEOF (.init)
                0x000002f0                __init_load_end__ = __init_end__
                0x00000001                . = ASSERT (((__init_start__ == __init_end__) || ((__init_end__ - __FLASH_segment_start__) <= __FLASH_segment_size__)), error: .init is too large to fit in FLASH memory segment)
                0x000002f0                __init_rodata_load_start__ = ALIGN (__init_end__, 0x4)

.init_rodata    0x000002f0        0x0
                0x000002f0                __init_rodata_start__ = .
 *(.init_rodata .init_rodata.*)
                0x000002f0                __init_rodata_end__ = (__init_rodata_start__ + SIZEOF (.init_rodata))
                0x00000000                __init_rodata_size__ = SIZEOF (.init_rodata)
                0x000002f0                __init_rodata_load_end__ = __init_rodata_end__
                0x00000001                . = ASSERT (((__init_rodata_start__ == __init_rodata_end__) || ((__init_rodata_end__ - __FLASH_segment_start__) <= __FLASH_segment_size__)), error: .init_rodata is too large to fit in FLASH memory segment)
                0x000002f0                __text_load_start__ = ALIGN (__init_rodata_end__, 0x4)

.text           0x000002f0     0x5368
                0x000002f0                __text_start__ = .
 *(.text .text.* .glue_7t .glue_7 .gnu.linkonce.t.* .gcc_except_table .ARM.extab* .gnu.linkonce.armextab.*)
 .glue_7        0x000002f0        0x0 linker stubs
 .glue_7t       0x000002f0        0x0 linker stubs
 .text.nrf_log_backend_serial_put
                0x000002f0      0x14c Output/Debug/Obj/saadc_pca10040/nrf_log_backend_serial.o
                0x000002f0                nrf_log_backend_serial_put
 .text.uart_evt_handler
                0x0000043c       0x18 Output/Debug/Obj/saadc_pca10040/nrf_log_backend_uart.o
 .text.uart_init
                0x00000454       0x88 Output/Debug/Obj/saadc_pca10040/nrf_log_backend_uart.o
 .text.nrf_log_backend_uart_init
                0x000004dc       0x1c Output/Debug/Obj/saadc_pca10040/nrf_log_backend_uart.o
                0x000004dc                nrf_log_backend_uart_init
 .text.serial_tx
                0x000004f8       0x6c Output/Debug/Obj/saadc_pca10040/nrf_log_backend_uart.o
 .text.nrf_log_backend_uart_put
                0x00000564       0x28 Output/Debug/Obj/saadc_pca10040/nrf_log_backend_uart.o
 .text.nrf_log_backend_uart_flush
                0x0000058c        0xa Output/Debug/Obj/saadc_pca10040/nrf_log_backend_uart.o
 *fill*         0x00000596        0x2 
 .text.nrf_log_backend_uart_panic_set
                0x00000598       0x20 Output/Debug/Obj/saadc_pca10040/nrf_log_backend_uart.o
 .text.nrf_log_backend_enable
                0x000005b8       0x10 Output/Debug/Obj/saadc_pca10040/nrf_log_default_backends.o
 .text.nrf_log_default_backends_init
                0x000005c8       0x3c Output/Debug/Obj/saadc_pca10040/nrf_log_default_backends.o
                0x000005c8                nrf_log_default_backends_init
 .text.nrf_log_backend_put
                0x00000604       0x1c Output/Debug/Obj/saadc_pca10040/nrf_log_frontend.o
 .text.nrf_log_backend_panic_set
                0x00000620       0x18 Output/Debug/Obj/saadc_pca10040/nrf_log_frontend.o
 .text.nrf_log_backend_id_set
                0x00000638       0x18 Output/Debug/Obj/saadc_pca10040/nrf_log_frontend.o
 .text.nrf_log_backend_id_get
                0x00000650        0xe Output/Debug/Obj/saadc_pca10040/nrf_log_frontend.o
 .text.nrf_log_backend_enable
                0x0000065e       0x10 Output/Debug/Obj/saadc_pca10040/nrf_log_frontend.o
 .text.nrf_log_backend_is_enabled
                0x0000066e        0xe Output/Debug/Obj/saadc_pca10040/nrf_log_frontend.o
 .text.nrf_atomic_u32_or
                0x0000067c       0x30 Output/Debug/Obj/saadc_pca10040/nrf_log_frontend.o
 .text.nrf_atomic_u32_fetch_and
                0x000006ac       0x30 Output/Debug/Obj/saadc_pca10040/nrf_log_frontend.o
 .text.nrf_atomic_flag_set
                0x000006dc       0x18 Output/Debug/Obj/saadc_pca10040/nrf_log_frontend.o
 .text.nrf_atomic_flag_clear_fetch
                0x000006f4       0x18 Output/Debug/Obj/saadc_pca10040/nrf_log_frontend.o
 .text.nrf_log_init
                0x0000070c       0x98 Output/Debug/Obj/saadc_pca10040/nrf_log_frontend.o
                0x0000070c                nrf_log_init
 .text.nrf_log_module_cnt_get
                0x000007a4       0x14 Output/Debug/Obj/saadc_pca10040/nrf_log_frontend.o
                0x000007a4                nrf_log_module_cnt_get
 .text.module_idx_get
                0x000007b8       0x6c Output/Debug/Obj/saadc_pca10040/nrf_log_frontend.o
 .text.nrf_log_module_name_get
                0x00000824       0x40 Output/Debug/Obj/saadc_pca10040/nrf_log_frontend.o
                0x00000824                nrf_log_module_name_get
 .text.nrf_log_color_id_get
                0x00000864       0x70 Output/Debug/Obj/saadc_pca10040/nrf_log_frontend.o
                0x00000864                nrf_log_color_id_get
 .text.log_skip
                0x000008d4      0x11c Output/Debug/Obj/saadc_pca10040/nrf_log_frontend.o
 .text.std_header_set
                0x000009f0       0xb8 Output/Debug/Obj/saadc_pca10040/nrf_log_frontend.o
 .text.buf_prealloc
                0x00000aa8       0xa8 Output/Debug/Obj/saadc_pca10040/nrf_log_frontend.o
 .text.std_n    0x00000b50       0x90 Output/Debug/Obj/saadc_pca10040/nrf_log_frontend.o
 .text.nrf_log_frontend_std_0
                0x00000be0       0x1c Output/Debug/Obj/saadc_pca10040/nrf_log_frontend.o
                0x00000be0                nrf_log_frontend_std_0
 .text.nrf_log_frontend_std_1
                0x00000bfc       0x22 Output/Debug/Obj/saadc_pca10040/nrf_log_frontend.o
                0x00000bfc                nrf_log_frontend_std_1
 .text.nrf_log_frontend_std_2
                0x00000c1e       0x28 Output/Debug/Obj/saadc_pca10040/nrf_log_frontend.o
                0x00000c1e                nrf_log_frontend_std_2
 .text.nrf_log_frontend_std_4
                0x00000c46       0x30 Output/Debug/Obj/saadc_pca10040/nrf_log_frontend.o
                0x00000c46                nrf_log_frontend_std_4
 *fill*         0x00000c76        0x2 
 .text.buffer_is_empty
                0x00000c78       0x1c Output/Debug/Obj/saadc_pca10040/nrf_log_frontend.o
                0x00000c78                buffer_is_empty
 .text.nrf_log_frontend_dequeue
                0x00000c94      0x378 Output/Debug/Obj/saadc_pca10040/nrf_log_frontend.o
                0x00000c94                nrf_log_frontend_dequeue
 .text.backend_id_assign
                0x0000100c       0x68 Output/Debug/Obj/saadc_pca10040/nrf_log_frontend.o
 .text.nrf_log_backend_add
                0x00001074       0x68 Output/Debug/Obj/saadc_pca10040/nrf_log_frontend.o
                0x00001074                nrf_log_backend_add
 .text.nrf_log_panic
                0x000010dc       0x3c Output/Debug/Obj/saadc_pca10040/nrf_log_frontend.o
                0x000010dc                nrf_log_panic
 .text.prefix_process
                0x00001118       0x80 Output/Debug/Obj/saadc_pca10040/nrf_log_str_formatter.o
 .text.postfix_process
                0x00001198       0x68 Output/Debug/Obj/saadc_pca10040/nrf_log_str_formatter.o
 .text.nrf_log_std_entry_process
                0x00001200      0x144 Output/Debug/Obj/saadc_pca10040/nrf_log_str_formatter.o
                0x00001200                nrf_log_std_entry_process
 .text.nrf_log_hexdump_entry_process
                0x00001344       0xe8 Output/Debug/Obj/saadc_pca10040/nrf_log_str_formatter.o
                0x00001344                nrf_log_hexdump_entry_process
 .text.app_error_handler
                0x0000142c       0x30 Output/Debug/Obj/saadc_pca10040/app_error.o
                0x0000142c                app_error_handler
 .text.app_error_save_and_stop
                0x0000145c       0x9c Output/Debug/Obj/saadc_pca10040/app_error.o
                0x0000145c                app_error_save_and_stop
 .text.app_error_fault_handler
                0x000014f8       0xd4 Output/Debug/Obj/saadc_pca10040/app_error_weak.o
                0x000014f8                app_error_fault_handler
 .text.app_util_disable_irq
                0x000015cc       0x18 Output/Debug/Obj/saadc_pca10040/app_util_platform.o
                0x000015cc                app_util_disable_irq
 .text.app_util_enable_irq
                0x000015e4       0x20 Output/Debug/Obj/saadc_pca10040/app_util_platform.o
                0x000015e4                app_util_enable_irq
 .text.app_util_critical_region_enter
                0x00001604       0x28 Output/Debug/Obj/saadc_pca10040/app_util_platform.o
                0x00001604                app_util_critical_region_enter
 .text.app_util_critical_region_exit
                0x0000162c       0x2c Output/Debug/Obj/saadc_pca10040/app_util_platform.o
                0x0000162c                app_util_critical_region_exit
 .text.privilege_level_get
                0x00001658       0x3a Output/Debug/Obj/saadc_pca10040/app_util_platform.o
                0x00001658                privilege_level_get
 .text.assert_nrf_callback
                0x00001692       0x2e Output/Debug/Obj/saadc_pca10040/nrf_assert.o
                0x00001692                assert_nrf_callback
 .text.nrf_balloc_idx2block
                0x000016c0       0x38 Output/Debug/Obj/saadc_pca10040/nrf_balloc.o
 .text.nrf_balloc_block2idx
                0x000016f8       0x34 Output/Debug/Obj/saadc_pca10040/nrf_balloc.o
 .text.nrf_balloc_init
                0x0000172c       0xb0 Output/Debug/Obj/saadc_pca10040/nrf_balloc.o
                0x0000172c                nrf_balloc_init
 .text.nrf_balloc_alloc
                0x000017dc       0x80 Output/Debug/Obj/saadc_pca10040/nrf_balloc.o
                0x000017dc                nrf_balloc_alloc
 .text.nrf_balloc_free
                0x0000185c       0x58 Output/Debug/Obj/saadc_pca10040/nrf_balloc.o
                0x0000185c                nrf_balloc_free
 .text.nrf_fprintf_buffer_flush
                0x000018b4       0x44 Output/Debug/Obj/saadc_pca10040/nrf_fprintf.o
                0x000018b4                nrf_fprintf_buffer_flush
 .text.nrf_fprintf
                0x000018f8       0x74 Output/Debug/Obj/saadc_pca10040/nrf_fprintf.o
                0x000018f8                nrf_fprintf
 .text.buffer_add
                0x0000196c       0x3c Output/Debug/Obj/saadc_pca10040/nrf_fprintf_format.o
 .text.string_print
                0x000019a8       0xc2 Output/Debug/Obj/saadc_pca10040/nrf_fprintf_format.o
 *fill*         0x00001a6a        0x2 
 .text.unsigned_print
                0x00001a6c      0x130 Output/Debug/Obj/saadc_pca10040/nrf_fprintf_format.o
 .text.int_print
                0x00001b9c      0x11c Output/Debug/Obj/saadc_pca10040/nrf_fprintf_format.o
 .text.nrf_fprintf_fmt
                0x00001cb8      0x388 Output/Debug/Obj/saadc_pca10040/nrf_fprintf_format.o
                0x00001cb8                nrf_fprintf_fmt
 .text.nrf_atomic_u32_add
                0x00002040       0x30 Output/Debug/Obj/saadc_pca10040/nrf_memobj.o
 .text.nrf_atomic_u32_sub
                0x00002070       0x30 Output/Debug/Obj/saadc_pca10040/nrf_memobj.o
 .text.nrf_memobj_pool_init
                0x000020a0       0x16 Output/Debug/Obj/saadc_pca10040/nrf_memobj.o
                0x000020a0                nrf_memobj_pool_init
 .text.nrf_memobj_alloc
                0x000020b6       0xae Output/Debug/Obj/saadc_pca10040/nrf_memobj.o
                0x000020b6                nrf_memobj_alloc
 .text.nrf_memobj_free
                0x00002164       0x74 Output/Debug/Obj/saadc_pca10040/nrf_memobj.o
                0x00002164                nrf_memobj_free
 .text.nrf_memobj_get
                0x000021d8       0x1e Output/Debug/Obj/saadc_pca10040/nrf_memobj.o
                0x000021d8                nrf_memobj_get
 .text.nrf_memobj_put
                0x000021f6       0x34 Output/Debug/Obj/saadc_pca10040/nrf_memobj.o
                0x000021f6                nrf_memobj_put
 *fill*         0x0000222a        0x2 
 .text.memobj_op
                0x0000222c      0x104 Output/Debug/Obj/saadc_pca10040/nrf_memobj.o
 .text.nrf_memobj_write
                0x00002330       0x24 Output/Debug/Obj/saadc_pca10040/nrf_memobj.o
                0x00002330                nrf_memobj_write
 .text.nrf_memobj_read
                0x00002354       0x24 Output/Debug/Obj/saadc_pca10040/nrf_memobj.o
                0x00002354                nrf_memobj_read
 .text.NVIC_ClearPendingIRQ
                0x00002378       0x30 Output/Debug/Obj/saadc_pca10040/nrf_pwr_mgmt.o
 .text.nrf_mtx_init
                0x000023a8       0x2c Output/Debug/Obj/saadc_pca10040/nrf_pwr_mgmt.o
 .text.pwr_mgmt_fpu_sleep_prepare
                0x000023d4       0x54 Output/Debug/Obj/saadc_pca10040/nrf_pwr_mgmt.o
 .text.nrf_pwr_mgmt_init
                0x00002428       0x2c Output/Debug/Obj/saadc_pca10040/nrf_pwr_mgmt.o
                0x00002428                nrf_pwr_mgmt_init
 .text.nrf_pwr_mgmt_run
                0x00002454       0x16 Output/Debug/Obj/saadc_pca10040/nrf_pwr_mgmt.o
                0x00002454                nrf_pwr_mgmt_run
 *fill*         0x0000246a        0x2 
 .text.nrf_section_iter_init
                0x0000246c       0x54 Output/Debug/Obj/saadc_pca10040/nrf_section_iter.o
                0x0000246c                nrf_section_iter_init
 .text.nrf_strerror_get
                0x000024c0       0x28 Output/Debug/Obj/saadc_pca10040/nrf_strerror.o
                0x000024c0                nrf_strerror_get
 .text.nrf_strerror_find
                0x000024e8       0x68 Output/Debug/Obj/saadc_pca10040/nrf_strerror.o
                0x000024e8                nrf_strerror_find
 .text.NVIC_EnableIRQ
                0x00002550       0x2c Output/Debug/Obj/saadc_pca10040/nrf_drv_common.o
 .text.NVIC_ClearPendingIRQ
                0x0000257c       0x30 Output/Debug/Obj/saadc_pca10040/nrf_drv_common.o
 .text.NVIC_SetPriority
                0x000025ac       0x50 Output/Debug/Obj/saadc_pca10040/nrf_drv_common.o
 .text.nrf_drv_common_irq_enable
                0x000025fc       0x54 Output/Debug/Obj/saadc_pca10040/nrf_drv_common.o
                0x000025fc                nrf_drv_common_irq_enable
 .text.nrf_power_regptr_get
                0x00002650       0x10 Output/Debug/Obj/saadc_pca10040/nrf_drv_power.o
 .text.nrf_power_regptr_get_c
                0x00002660       0x10 Output/Debug/Obj/saadc_pca10040/nrf_drv_power.o
 .text.nrf_power_event_clear
                0x00002670       0x22 Output/Debug/Obj/saadc_pca10040/nrf_drv_power.o
 .text.nrf_power_event_check
                0x00002692       0x2a Output/Debug/Obj/saadc_pca10040/nrf_drv_power.o
 .text.nrf_power_event_get_and_clear
                0x000026bc       0x38 Output/Debug/Obj/saadc_pca10040/nrf_drv_power.o
 .text.nrf_power_int_enable_get
                0x000026f4        0xc Output/Debug/Obj/saadc_pca10040/nrf_drv_power.o
 .text.nrf_power_dcdcen_set
                0x00002700       0x24 Output/Debug/Obj/saadc_pca10040/nrf_drv_power.o
 .text.nrf_drv_common_irq_enable_check
                0x00002724       0x38 Output/Debug/Obj/saadc_pca10040/nrf_drv_power.o
 .text.nrf_drv_common_power_clock_irq_init
                0x0000275c       0x20 Output/Debug/Obj/saadc_pca10040/nrf_drv_power.o
 .text.nrf_drv_power_init
                0x0000277c       0x4c Output/Debug/Obj/saadc_pca10040/nrf_drv_power.o
                0x0000277c                nrf_drv_power_init
 .text.POWER_CLOCK_IRQHandler
                0x000027c8       0xb4 Output/Debug/Obj/saadc_pca10040/nrf_drv_power.o
                0x000027c8                POWER_CLOCK_IRQHandler
 .text.nrf_ppi_channel_enable
                0x0000287c       0x24 Output/Debug/Obj/saadc_pca10040/nrf_drv_ppi.o
 .text.nrf_ppi_channel_endpoint_setup
                0x000028a0       0x34 Output/Debug/Obj/saadc_pca10040/nrf_drv_ppi.o
 .text.nrf_drv_ppi_channel_to_mask
                0x000028d4       0x18 Output/Debug/Obj/saadc_pca10040/nrf_drv_ppi.o
 .text.is_programmable_app_channel
                0x000028ec       0x2c Output/Debug/Obj/saadc_pca10040/nrf_drv_ppi.o
 .text.are_app_channels
                0x00002918        0xc Output/Debug/Obj/saadc_pca10040/nrf_drv_ppi.o
 .text.is_app_channel
                0x00002924       0x26 Output/Debug/Obj/saadc_pca10040/nrf_drv_ppi.o
 *fill*         0x0000294a        0x2 
 .text.is_allocated_channel
                0x0000294c       0x34 Output/Debug/Obj/saadc_pca10040/nrf_drv_ppi.o
 .text.channel_allocated_set
                0x00002980       0x2c Output/Debug/Obj/saadc_pca10040/nrf_drv_ppi.o
 .text.nrf_drv_ppi_init
                0x000029ac       0x28 Output/Debug/Obj/saadc_pca10040/nrf_drv_ppi.o
                0x000029ac                nrf_drv_ppi_init
 .text.nrf_drv_ppi_channel_alloc
                0x000029d4       0xa8 Output/Debug/Obj/saadc_pca10040/nrf_drv_ppi.o
                0x000029d4                nrf_drv_ppi_channel_alloc
 .text.nrf_drv_ppi_channel_assign
                0x00002a7c       0x76 Output/Debug/Obj/saadc_pca10040/nrf_drv_ppi.o
                0x00002a7c                nrf_drv_ppi_channel_assign
 .text.nrf_drv_ppi_channel_enable
                0x00002af2       0x6a Output/Debug/Obj/saadc_pca10040/nrf_drv_ppi.o
                0x00002af2                nrf_drv_ppi_channel_enable
 .text.nrf_saadc_task_trigger
                0x00002b5c       0x1e Output/Debug/Obj/saadc_pca10040/nrf_drv_saadc.o
 .text.nrf_saadc_task_address_get
                0x00002b7a       0x1a Output/Debug/Obj/saadc_pca10040/nrf_drv_saadc.o
 .text.nrf_saadc_event_check
                0x00002b94       0x26 Output/Debug/Obj/saadc_pca10040/nrf_drv_saadc.o
 .text.nrf_saadc_event_clear
                0x00002bba       0x30 Output/Debug/Obj/saadc_pca10040/nrf_drv_saadc.o
 *fill*         0x00002bea        0x2 
 .text.nrf_saadc_channel_input_set
                0x00002bec       0x44 Output/Debug/Obj/saadc_pca10040/nrf_drv_saadc.o
 .text.nrf_saadc_int_enable
                0x00002c30       0x18 Output/Debug/Obj/saadc_pca10040/nrf_drv_saadc.o
 .text.nrf_saadc_int_disable
                0x00002c48       0x18 Output/Debug/Obj/saadc_pca10040/nrf_drv_saadc.o
 .text.nrf_saadc_enable
                0x00002c60       0x10 Output/Debug/Obj/saadc_pca10040/nrf_drv_saadc.o
 .text.nrf_saadc_disable
                0x00002c70       0x10 Output/Debug/Obj/saadc_pca10040/nrf_drv_saadc.o
 .text.nrf_saadc_buffer_init
                0x00002c80       0x20 Output/Debug/Obj/saadc_pca10040/nrf_drv_saadc.o
 .text.nrf_saadc_resolution_set
                0x00002ca0       0x1c Output/Debug/Obj/saadc_pca10040/nrf_drv_saadc.o
 .text.nrf_saadc_oversample_set
                0x00002cbc       0x1c Output/Debug/Obj/saadc_pca10040/nrf_drv_saadc.o
 .text.nrf_saadc_oversample_get
                0x00002cd8       0x10 Output/Debug/Obj/saadc_pca10040/nrf_drv_saadc.o
 .text.SAADC_IRQHandler
                0x00002ce8      0x250 Output/Debug/Obj/saadc_pca10040/nrf_drv_saadc.o
                0x00002ce8                SAADC_IRQHandler
 .text.nrf_drv_saadc_init
                0x00002f38       0xd0 Output/Debug/Obj/saadc_pca10040/nrf_drv_saadc.o
                0x00002f38                nrf_drv_saadc_init
 .text.nrf_drv_saadc_channel_init
                0x00003008      0x134 Output/Debug/Obj/saadc_pca10040/nrf_drv_saadc.o
                0x00003008                nrf_drv_saadc_channel_init
 .text.nrf_drv_saadc_sample_task_get
                0x0000313c       0x24 Output/Debug/Obj/saadc_pca10040/nrf_drv_saadc.o
                0x0000313c                nrf_drv_saadc_sample_task_get
 .text.nrf_drv_saadc_buffer_convert
                0x00003160      0x148 Output/Debug/Obj/saadc_pca10040/nrf_drv_saadc.o
                0x00003160                nrf_drv_saadc_buffer_convert
 .text.nrf_timer_task_trigger
                0x000032a8       0x1c Output/Debug/Obj/saadc_pca10040/nrf_drv_timer.o
 .text.nrf_timer_event_clear
                0x000032c4       0x2a Output/Debug/Obj/saadc_pca10040/nrf_drv_timer.o
 .text.nrf_timer_event_check
                0x000032ee       0x24 Output/Debug/Obj/saadc_pca10040/nrf_drv_timer.o
 .text.nrf_timer_shorts_enable
                0x00003312       0x1c Output/Debug/Obj/saadc_pca10040/nrf_drv_timer.o
 .text.nrf_timer_shorts_disable
                0x0000332e       0x1e Output/Debug/Obj/saadc_pca10040/nrf_drv_timer.o
 .text.nrf_timer_int_enable
                0x0000334c       0x14 Output/Debug/Obj/saadc_pca10040/nrf_drv_timer.o
 .text.nrf_timer_int_disable
                0x00003360       0x14 Output/Debug/Obj/saadc_pca10040/nrf_drv_timer.o
 .text.nrf_timer_int_enable_check
                0x00003374       0x20 Output/Debug/Obj/saadc_pca10040/nrf_drv_timer.o
 .text.nrf_timer_mode_set
                0x00003394       0x2a Output/Debug/Obj/saadc_pca10040/nrf_drv_timer.o
 .text.nrf_timer_bit_width_set
                0x000033be       0x2a Output/Debug/Obj/saadc_pca10040/nrf_drv_timer.o
 .text.nrf_timer_frequency_set
                0x000033e8       0x2a Output/Debug/Obj/saadc_pca10040/nrf_drv_timer.o
 .text.nrf_timer_cc_write
                0x00003412       0x22 Output/Debug/Obj/saadc_pca10040/nrf_drv_timer.o
 .text.nrf_timer_compare_event_get
                0x00003434       0x16 Output/Debug/Obj/saadc_pca10040/nrf_drv_timer.o
 .text.nrf_timer_compare_int_get
                0x0000344a       0x14 Output/Debug/Obj/saadc_pca10040/nrf_drv_timer.o
 .text.nrf_drv_get_IRQn
                0x0000345e       0x16 Output/Debug/Obj/saadc_pca10040/nrf_drv_timer.o
 .text.nrf_drv_timer_init
                0x00003474      0x248 Output/Debug/Obj/saadc_pca10040/nrf_drv_timer.o
                0x00003474                nrf_drv_timer_init
 .text.nrf_drv_timer_enable
                0x000036bc       0x5c Output/Debug/Obj/saadc_pca10040/nrf_drv_timer.o
                0x000036bc                nrf_drv_timer_enable
 .text.nrf_drv_timer_compare
                0x00003718       0x5c Output/Debug/Obj/saadc_pca10040/nrf_drv_timer.o
                0x00003718                nrf_drv_timer_compare
 .text.nrf_drv_timer_extended_compare
                0x00003774       0x5e Output/Debug/Obj/saadc_pca10040/nrf_drv_timer.o
                0x00003774                nrf_drv_timer_extended_compare
 .text.irq_handler
                0x000037d2       0x8e Output/Debug/Obj/saadc_pca10040/nrf_drv_timer.o
 .text.TIMER0_IRQHandler
                0x00003860       0x18 Output/Debug/Obj/saadc_pca10040/nrf_drv_timer.o
                0x00003860                TIMER0_IRQHandler
 .text.NVIC_DisableIRQ
                0x00003878       0x30 Output/Debug/Obj/saadc_pca10040/nrf_drv_uart.o
 .text.nrf_uart_event_clear
                0x000038a8       0x2a Output/Debug/Obj/saadc_pca10040/nrf_drv_uart.o
 .text.nrf_uart_event_check
                0x000038d2       0x24 Output/Debug/Obj/saadc_pca10040/nrf_drv_uart.o
 .text.nrf_uart_int_enable
                0x000038f6       0x14 Output/Debug/Obj/saadc_pca10040/nrf_drv_uart.o
 .text.nrf_uart_int_enable_check
                0x0000390a       0x20 Output/Debug/Obj/saadc_pca10040/nrf_drv_uart.o
 .text.nrf_uart_int_disable
                0x0000392a       0x14 Output/Debug/Obj/saadc_pca10040/nrf_drv_uart.o
 .text.nrf_uart_errorsrc_get_and_clear
                0x0000393e       0x1c Output/Debug/Obj/saadc_pca10040/nrf_drv_uart.o
 .text.nrf_uart_enable
                0x0000395a       0x12 Output/Debug/Obj/saadc_pca10040/nrf_drv_uart.o
 .text.nrf_uart_disable
                0x0000396c       0x12 Output/Debug/Obj/saadc_pca10040/nrf_drv_uart.o
 .text.nrf_uart_txrx_pins_set
                0x0000397e       0x1e Output/Debug/Obj/saadc_pca10040/nrf_drv_uart.o
 .text.nrf_uart_txrx_pins_disconnect
                0x0000399c       0x1c Output/Debug/Obj/saadc_pca10040/nrf_drv_uart.o
 .text.nrf_uart_tx_pin_get
                0x000039b8       0x10 Output/Debug/Obj/saadc_pca10040/nrf_drv_uart.o
 .text.nrf_uart_rx_pin_get
                0x000039c8       0x10 Output/Debug/Obj/saadc_pca10040/nrf_drv_uart.o
 .text.nrf_uart_rts_pin_get
                0x000039d8       0x10 Output/Debug/Obj/saadc_pca10040/nrf_drv_uart.o
 .text.nrf_uart_cts_pin_get
                0x000039e8       0x10 Output/Debug/Obj/saadc_pca10040/nrf_drv_uart.o
 .text.nrf_uart_hwfc_pins_set
                0x000039f8       0x1e Output/Debug/Obj/saadc_pca10040/nrf_drv_uart.o
 .text.nrf_uart_hwfc_pins_disconnect
                0x00003a16       0x1c Output/Debug/Obj/saadc_pca10040/nrf_drv_uart.o
 .text.nrf_uart_rxd_get
                0x00003a32       0x12 Output/Debug/Obj/saadc_pca10040/nrf_drv_uart.o
 .text.nrf_uart_txd_set
                0x00003a44       0x1a Output/Debug/Obj/saadc_pca10040/nrf_drv_uart.o
 .text.nrf_uart_task_trigger
                0x00003a5e       0x1c Output/Debug/Obj/saadc_pca10040/nrf_drv_uart.o
 .text.nrf_uart_configure
                0x00003a7a       0x2a Output/Debug/Obj/saadc_pca10040/nrf_drv_uart.o
 .text.nrf_uart_baudrate_set
                0x00003aa4       0x14 Output/Debug/Obj/saadc_pca10040/nrf_drv_uart.o
 .text.nrf_uarte_event_clear
                0x00003ab8       0x2a Output/Debug/Obj/saadc_pca10040/nrf_drv_uart.o
 .text.nrf_uarte_event_check
                0x00003ae2       0x24 Output/Debug/Obj/saadc_pca10040/nrf_drv_uart.o
 .text.nrf_uarte_shorts_disable
                0x00003b06       0x1e Output/Debug/Obj/saadc_pca10040/nrf_drv_uart.o
 .text.nrf_uarte_int_enable
                0x00003b24       0x14 Output/Debug/Obj/saadc_pca10040/nrf_drv_uart.o
 .text.nrf_uarte_int_disable
                0x00003b38       0x14 Output/Debug/Obj/saadc_pca10040/nrf_drv_uart.o
 .text.nrf_uarte_errorsrc_get_and_clear
                0x00003b4c       0x1c Output/Debug/Obj/saadc_pca10040/nrf_drv_uart.o
 .text.nrf_uarte_enable
                0x00003b68       0x12 Output/Debug/Obj/saadc_pca10040/nrf_drv_uart.o
 .text.nrf_uarte_disable
                0x00003b7a       0x12 Output/Debug/Obj/saadc_pca10040/nrf_drv_uart.o
 .text.nrf_uarte_txrx_pins_set
                0x00003b8c       0x1e Output/Debug/Obj/saadc_pca10040/nrf_drv_uart.o
 .text.nrf_uarte_txrx_pins_disconnect
                0x00003baa       0x1c Output/Debug/Obj/saadc_pca10040/nrf_drv_uart.o
 .text.nrf_uarte_tx_pin_get
                0x00003bc6       0x10 Output/Debug/Obj/saadc_pca10040/nrf_drv_uart.o
 .text.nrf_uarte_rx_pin_get
                0x00003bd6       0x10 Output/Debug/Obj/saadc_pca10040/nrf_drv_uart.o
 .text.nrf_uarte_rts_pin_get
                0x00003be6       0x10 Output/Debug/Obj/saadc_pca10040/nrf_drv_uart.o
 .text.nrf_uarte_cts_pin_get
                0x00003bf6       0x10 Output/Debug/Obj/saadc_pca10040/nrf_drv_uart.o
 .text.nrf_uarte_hwfc_pins_set
                0x00003c06       0x1e Output/Debug/Obj/saadc_pca10040/nrf_drv_uart.o
 .text.nrf_uarte_hwfc_pins_disconnect
                0x00003c24       0x1c Output/Debug/Obj/saadc_pca10040/nrf_drv_uart.o
 .text.nrf_uarte_task_trigger
                0x00003c40       0x1c Output/Debug/Obj/saadc_pca10040/nrf_drv_uart.o
 .text.nrf_uarte_configure
                0x00003c5c       0x2a Output/Debug/Obj/saadc_pca10040/nrf_drv_uart.o
 .text.nrf_uarte_baudrate_set
                0x00003c86       0x14 Output/Debug/Obj/saadc_pca10040/nrf_drv_uart.o
 .text.nrf_uarte_tx_buffer_set
                0x00003c9a       0x24 Output/Debug/Obj/saadc_pca10040/nrf_drv_uart.o
 .text.nrf_uarte_tx_amount_get
                0x00003cbe       0x10 Output/Debug/Obj/saadc_pca10040/nrf_drv_uart.o
 .text.nrf_uarte_rx_amount_get
                0x00003cce       0x10 Output/Debug/Obj/saadc_pca10040/nrf_drv_uart.o
 .text.nrf_drv_common_irq_disable
                0x00003cde       0x1c Output/Debug/Obj/saadc_pca10040/nrf_drv_uart.o
 .text.nrf_drv_get_IRQn
                0x00003cfa       0x16 Output/Debug/Obj/saadc_pca10040/nrf_drv_uart.o
 .text.nrf_drv_is_in_RAM
                0x00003d10       0x1c Output/Debug/Obj/saadc_pca10040/nrf_drv_uart.o
 .text.nrf_gpio_pin_port_decode
                0x00003d2c       0x28 Output/Debug/Obj/saadc_pca10040/nrf_drv_uart.o
 .text.nrf_gpio_cfg
                0x00003d54       0x62 Output/Debug/Obj/saadc_pca10040/nrf_drv_uart.o
 .text.nrf_gpio_cfg_output
                0x00003db6       0x22 Output/Debug/Obj/saadc_pca10040/nrf_drv_uart.o
 .text.nrf_gpio_cfg_input
                0x00003dd8       0x2a Output/Debug/Obj/saadc_pca10040/nrf_drv_uart.o
 .text.nrf_gpio_cfg_default
                0x00003e02       0x22 Output/Debug/Obj/saadc_pca10040/nrf_drv_uart.o
 .text.nrf_gpio_pin_set
                0x00003e24       0x28 Output/Debug/Obj/saadc_pca10040/nrf_drv_uart.o
 .text.nrf_gpio_port_out_set
                0x00003e4c       0x14 Output/Debug/Obj/saadc_pca10040/nrf_drv_uart.o
 .text.apply_config
                0x00003e60      0x160 Output/Debug/Obj/saadc_pca10040/nrf_drv_uart.o
 .text.interrupts_enable
                0x00003fc0       0xd4 Output/Debug/Obj/saadc_pca10040/nrf_drv_uart.o
 .text.interrupts_disable
                0x00004094       0x6c Output/Debug/Obj/saadc_pca10040/nrf_drv_uart.o
 .text.pins_to_default
                0x00004100       0xe8 Output/Debug/Obj/saadc_pca10040/nrf_drv_uart.o
 .text.uart_enable
                0x000041e8       0x3c Output/Debug/Obj/saadc_pca10040/nrf_drv_uart.o
 .text.uart_disable
                0x00004224       0x3c Output/Debug/Obj/saadc_pca10040/nrf_drv_uart.o
 .text.nrf_drv_uart_init
                0x00004260       0xa4 Output/Debug/Obj/saadc_pca10040/nrf_drv_uart.o
                0x00004260                nrf_drv_uart_init
 .text.nrf_drv_uart_uninit
                0x00004304       0x44 Output/Debug/Obj/saadc_pca10040/nrf_drv_uart.o
                0x00004304                nrf_drv_uart_uninit
 .text.tx_byte  0x00004348       0x46 Output/Debug/Obj/saadc_pca10040/nrf_drv_uart.o
 *fill*         0x0000438e        0x2 
 .text.nrf_drv_uart_tx_for_uart
                0x00004390       0xe4 Output/Debug/Obj/saadc_pca10040/nrf_drv_uart.o
 .text.nrf_drv_uart_tx_for_uarte
                0x00004474       0xbc Output/Debug/Obj/saadc_pca10040/nrf_drv_uart.o
 .text.nrf_drv_uart_tx
                0x00004530       0xd8 Output/Debug/Obj/saadc_pca10040/nrf_drv_uart.o
                0x00004530                nrf_drv_uart_tx
 .text.nrf_drv_uart_tx_in_progress
                0x00004608       0x28 Output/Debug/Obj/saadc_pca10040/nrf_drv_uart.o
                0x00004608                nrf_drv_uart_tx_in_progress
 .text.rx_byte  0x00004630       0x54 Output/Debug/Obj/saadc_pca10040/nrf_drv_uart.o
 .text.rx_done_event
                0x00004684       0x36 Output/Debug/Obj/saadc_pca10040/nrf_drv_uart.o
 .text.tx_done_event
                0x000046ba       0x3c Output/Debug/Obj/saadc_pca10040/nrf_drv_uart.o
 .text.uart_irq_handler
                0x000046f6      0x1d4 Output/Debug/Obj/saadc_pca10040/nrf_drv_uart.o
 .text.uarte_irq_handler
                0x000048ca      0x160 Output/Debug/Obj/saadc_pca10040/nrf_drv_uart.o
 *fill*         0x00004a2a        0x2 
 .text.UARTE0_UART0_IRQHandler
                0x00004a2c       0x28 Output/Debug/Obj/saadc_pca10040/nrf_drv_uart.o
                0x00004a2c                UARTE0_UART0_IRQHandler
 .text.nrf_saadc_channel_input_set
                0x00004a54       0x44 Output/Debug/Obj/saadc_pca10040/nrf_saadc.o
 .text.nrf_saadc_channel_init
                0x00004a98       0x8c Output/Debug/Obj/saadc_pca10040/nrf_saadc.o
                0x00004a98                nrf_saadc_channel_init
 .text.nrf_timer_event_address_get
                0x00004b24       0x18 Output/Debug/Obj/saadc_pca10040/main.o
 .text.nrf_timer_frequency_get
                0x00004b3c       0x12 Output/Debug/Obj/saadc_pca10040/main.o
 .text.nrf_timer_compare_event_get
                0x00004b4e       0x16 Output/Debug/Obj/saadc_pca10040/main.o
 .text.nrf_timer_ms_to_ticks
                0x00004b64       0x44 Output/Debug/Obj/saadc_pca10040/main.o
 .text.nrf_drv_timer_compare_event_address_get
                0x00004ba8       0x40 Output/Debug/Obj/saadc_pca10040/main.o
 .text.nrf_drv_timer_ms_to_ticks
                0x00004be8       0x26 Output/Debug/Obj/saadc_pca10040/main.o
 .text.timer_handler
                0x00004c0e       0x10 Output/Debug/Obj/saadc_pca10040/main.o
                0x00004c0e                timer_handler
 *fill*         0x00004c1e        0x2 
 .text.saadc_sampling_event_init
                0x00004c20       0xec Output/Debug/Obj/saadc_pca10040/main.o
                0x00004c20                saadc_sampling_event_init
 .text.saadc_sampling_event_enable
                0x00004d0c       0x34 Output/Debug/Obj/saadc_pca10040/main.o
                0x00004d0c                saadc_sampling_event_enable
 .text.saadc_callback
                0x00004d40       0xa0 Output/Debug/Obj/saadc_pca10040/main.o
                0x00004d40                saadc_callback
 .text.saadc_init
                0x00004de0       0xa4 Output/Debug/Obj/saadc_pca10040/main.o
                0x00004de0                saadc_init
 .text.main     0x00004e84       0x98 Output/Debug/Obj/saadc_pca10040/main.o
                0x00004e84                main
 .text.NVIC_SystemReset
                0x00004f1c       0x2c Output/Debug/Obj/saadc_pca10040/system_nrf52.o
 .text.SystemCoreClockUpdate
                0x00004f48       0x14 Output/Debug/Obj/saadc_pca10040/system_nrf52.o
                0x00004f48                SystemCoreClockUpdate
 .text.SystemInit
                0x00004f5c      0x2c0 Output/Debug/Obj/saadc_pca10040/system_nrf52.o
                0x00004f5c                SystemInit
 .text.errata_12
                0x0000521c       0x58 Output/Debug/Obj/saadc_pca10040/system_nrf52.o
 .text.errata_16
                0x00005274       0x38 Output/Debug/Obj/saadc_pca10040/system_nrf52.o
 .text.errata_31
                0x000052ac       0x58 Output/Debug/Obj/saadc_pca10040/system_nrf52.o
 .text.errata_32
                0x00005304       0x38 Output/Debug/Obj/saadc_pca10040/system_nrf52.o
 .text.errata_36
                0x0000533c       0x58 Output/Debug/Obj/saadc_pca10040/system_nrf52.o
 .text.errata_37
                0x00005394       0x38 Output/Debug/Obj/saadc_pca10040/system_nrf52.o
 .text.errata_57
                0x000053cc       0x38 Output/Debug/Obj/saadc_pca10040/system_nrf52.o
 .text.errata_66
                0x00005404       0x38 Output/Debug/Obj/saadc_pca10040/system_nrf52.o
 .text.errata_108
                0x0000543c       0x58 Output/Debug/Obj/saadc_pca10040/system_nrf52.o
 .text.errata_136
                0x00005494       0x58 Output/Debug/Obj/saadc_pca10040/system_nrf52.o
 .text.libc.__RAL_ascii_isctype
                0x000054ec       0x1c C:/Program Files (x86)/SEGGER/SEGGER Embedded Studio for ARM 5.42a/lib/libc_v7em_fpv4_sp_d16_hard_t_le_eabi.a(libc2.o)
 .text.libc.__RAL_ascii_toupper
                0x00005508        0xc C:/Program Files (x86)/SEGGER/SEGGER Embedded Studio for ARM 5.42a/lib/libc_v7em_fpv4_sp_d16_hard_t_le_eabi.a(libc2.o)
 .text.libc.__RAL_ascii_tolower
                0x00005514        0xc C:/Program Files (x86)/SEGGER/SEGGER Embedded Studio for ARM 5.42a/lib/libc_v7em_fpv4_sp_d16_hard_t_le_eabi.a(libc2.o)
 .text.libc.__RAL_ascii_iswctype
                0x00005520       0x1c C:/Program Files (x86)/SEGGER/SEGGER Embedded Studio for ARM 5.42a/lib/libc_v7em_fpv4_sp_d16_hard_t_le_eabi.a(libc2.o)
 .text.libc.__RAL_ascii_towupper
                0x0000553c        0xc C:/Program Files (x86)/SEGGER/SEGGER Embedded Studio for ARM 5.42a/lib/libc_v7em_fpv4_sp_d16_hard_t_le_eabi.a(libc2.o)
 .text.libc.__RAL_ascii_towlower
                0x00005548        0xc C:/Program Files (x86)/SEGGER/SEGGER Embedded Studio for ARM 5.42a/lib/libc_v7em_fpv4_sp_d16_hard_t_le_eabi.a(libc2.o)
 .text.libc.__RAL_ascii_wctomb
                0x00005554        0xe C:/Program Files (x86)/SEGGER/SEGGER Embedded Studio for ARM 5.42a/lib/libc_v7em_fpv4_sp_d16_hard_t_le_eabi.a(libc2.o)
                0x00005554                __RAL_ascii_wctomb
 .text.libc.__RAL_ascii_mbtowc
                0x00005562       0x24 C:/Program Files (x86)/SEGGER/SEGGER Embedded Studio for ARM 5.42a/lib/libc_v7em_fpv4_sp_d16_hard_t_le_eabi.a(libc2.o)
                0x00005562                __RAL_ascii_mbtowc
 *fill*         0x00005586        0x2 
 .text.libc.__RAL_isctype
                0x00005588       0x14 C:/Program Files (x86)/SEGGER/SEGGER Embedded Studio for ARM 5.42a/lib/libc_v7em_fpv4_sp_d16_hard_t_le_eabi.a(libc2.o)
                0x00005588                __RAL_isctype
 .text.libc.isprint
                0x0000559c        0xa C:/Program Files (x86)/SEGGER/SEGGER Embedded Studio for ARM 5.42a/lib/libc_v7em_fpv4_sp_d16_hard_t_le_eabi.a(libc2.o)
                0x0000559c                isprint
 .text.libc.memcpy
                0x000055a6       0x52 C:/Program Files (x86)/SEGGER/SEGGER Embedded Studio for ARM 5.42a/lib/libc_v7em_fpv4_sp_d16_hard_t_le_eabi.a(libc2_asm.o)
                0x000055a6                __aeabi_memcpy
                0x000055a6                memcpy
                0x000055b2                __aeabi_memcpy8
                0x000055b2                __aeabi_memcpy4
 .text.libc.strlen
                0x000055f8       0x60 C:/Program Files (x86)/SEGGER/SEGGER Embedded Studio for ARM 5.42a/lib/libc_v7em_fpv4_sp_d16_hard_t_le_eabi.a(libc2_asm.o)
                0x000055f8                strlen
                0x00005658                __text_end__ = (__text_start__ + SIZEOF (.text))
                0x00005368                __text_size__ = SIZEOF (.text)
                0x00005658                __text_load_end__ = __text_end__

.vfp11_veneer   0x00000000        0x0
 .vfp11_veneer  0x00000000        0x0 linker stubs

.v4_bx          0x00000000        0x0
 .v4_bx         0x00000000        0x0 linker stubs

.iplt           0x00000000        0x0
 .iplt          0x00000000        0x0 Output/Debug/Obj/saadc_pca10040/thumb_crt0.o
                0x00000001                . = ASSERT (((__text_start__ == __text_end__) || ((__text_end__ - __FLASH_segment_start__) <= __FLASH_segment_size__)), error: .text is too large to fit in FLASH memory segment)
                0x00005658                __pwr_mgmt_data_load_start__ = ALIGN (__text_end__, 0x4)

.pwr_mgmt_data  0x00005658        0x0
                0x00005658                __pwr_mgmt_data_start__ = .
                0x00005658                __start_pwr_mgmt_data = __pwr_mgmt_data_start__
 *(SORT_BY_NAME(.pwr_mgmt_data*))
                0x00005658                __pwr_mgmt_data_end__ = (__pwr_mgmt_data_start__ + SIZEOF (.pwr_mgmt_data))
                0x00000000                __pwr_mgmt_data_size__ = SIZEOF (.pwr_mgmt_data)
                0x00005658                __stop_pwr_mgmt_data = __pwr_mgmt_data_end__
                0x00005658                __pwr_mgmt_data_load_end__ = __pwr_mgmt_data_end__
                0x00000001                . = ASSERT (((__pwr_mgmt_data_start__ == __pwr_mgmt_data_end__) || ((__pwr_mgmt_data_end__ - __FLASH_segment_start__) <= __FLASH_segment_size__)), error: .pwr_mgmt_data is too large to fit in FLASH memory segment)
                0x00005658                __log_const_data_load_start__ = ALIGN (__pwr_mgmt_data_end__, 0x4)

.log_const_data
                0x00005658       0x38
                0x00005658                __log_const_data_start__ = .
                0x00005658                __start_log_const_data = __log_const_data_start__
 *(SORT_BY_NAME(.log_const_data*))
 .log_const_data_app
                0x00005658        0x8 Output/Debug/Obj/saadc_pca10040/nrf_log_frontend.o
                0x00005658                m_nrf_log_app_logs_data_const
 .log_const_data_balloc
                0x00005660        0x8 Output/Debug/Obj/saadc_pca10040/nrf_balloc.o
                0x00005660                m_nrf_log_balloc_logs_data_const
 .log_const_data_ppi
                0x00005668        0x8 Output/Debug/Obj/saadc_pca10040/nrf_drv_ppi.o
                0x00005668                m_nrf_log_ppi_logs_data_const
 .log_const_data_pwr_mgmt
                0x00005670        0x8 Output/Debug/Obj/saadc_pca10040/nrf_pwr_mgmt.o
                0x00005670                m_nrf_log_pwr_mgmt_logs_data_const
 .log_const_data_saadc
                0x00005678        0x8 Output/Debug/Obj/saadc_pca10040/nrf_drv_saadc.o
                0x00005678                m_nrf_log_saadc_logs_data_const
 .log_const_data_timer
                0x00005680        0x8 Output/Debug/Obj/saadc_pca10040/nrf_drv_timer.o
                0x00005680                m_nrf_log_timer_logs_data_const
 .log_const_data_uart
                0x00005688        0x8 Output/Debug/Obj/saadc_pca10040/nrf_drv_uart.o
                0x00005688                m_nrf_log_uart_logs_data_const
                0x00005690                __log_const_data_end__ = (__log_const_data_start__ + SIZEOF (.log_const_data))
                0x00000038                __log_const_data_size__ = SIZEOF (.log_const_data)
                0x00005690                __stop_log_const_data = __log_const_data_end__
                0x00005690                __log_const_data_load_end__ = __log_const_data_end__
                0x00000001                . = ASSERT (((__log_const_data_start__ == __log_const_data_end__) || ((__log_const_data_end__ - __FLASH_segment_start__) <= __FLASH_segment_size__)), error: .log_const_data is too large to fit in FLASH memory segment)
                0x00005690                __nrf_sections_load_start__ = ALIGN (__log_const_data_end__, 0x4)

.nrf_sections   0x00005690        0x0
                0x00005690                __nrf_sections_start__ = .
                0x00005690                __start_nrf_sections = __nrf_sections_start__
 *(.nrf_sections .nrf_sections.*)
                0x00005690                __nrf_sections_end__ = (__nrf_sections_start__ + SIZEOF (.nrf_sections))
                0x00000000                __nrf_sections_size__ = SIZEOF (.nrf_sections)
                0x00005690                __nrf_sections_load_end__ = __nrf_sections_end__
                0x00000001                . = ASSERT (((__nrf_sections_start__ == __nrf_sections_end__) || ((__nrf_sections_end__ - __FLASH_segment_start__) <= __FLASH_segment_size__)), error: .nrf_sections is too large to fit in FLASH memory segment)
                0x00005690                __log_dynamic_data_load_start__ = ALIGN (__nrf_sections_end__, 0x4)

.log_dynamic_data
                0x20000000       0x54 load address 0x00005690
                0x20000000                __log_dynamic_data_start__ = .
 *(SORT_BY_NAME(.log_dynamic_data*))
 .log_dynamic_data_app
                0x20000000        0xc Output/Debug/Obj/saadc_pca10040/nrf_log_frontend.o
                0x20000000                m_nrf_log_app_logs_data_dynamic
 .log_dynamic_data_balloc
                0x2000000c        0xc Output/Debug/Obj/saadc_pca10040/nrf_balloc.o
                0x2000000c                m_nrf_log_balloc_logs_data_dynamic
 .log_dynamic_data_ppi
                0x20000018        0xc Output/Debug/Obj/saadc_pca10040/nrf_drv_ppi.o
                0x20000018                m_nrf_log_ppi_logs_data_dynamic
 .log_dynamic_data_pwr_mgmt
                0x20000024        0xc Output/Debug/Obj/saadc_pca10040/nrf_pwr_mgmt.o
                0x20000024                m_nrf_log_pwr_mgmt_logs_data_dynamic
 .log_dynamic_data_saadc
                0x20000030        0xc Output/Debug/Obj/saadc_pca10040/nrf_drv_saadc.o
                0x20000030                m_nrf_log_saadc_logs_data_dynamic
 .log_dynamic_data_timer
                0x2000003c        0xc Output/Debug/Obj/saadc_pca10040/nrf_drv_timer.o
                0x2000003c                m_nrf_log_timer_logs_data_dynamic
 .log_dynamic_data_uart
                0x20000048        0xc Output/Debug/Obj/saadc_pca10040/nrf_drv_uart.o
                0x20000048                m_nrf_log_uart_logs_data_dynamic
                0x20000054                __log_dynamic_data_end__ = (__log_dynamic_data_start__ + SIZEOF (.log_dynamic_data))
                0x00000054                __log_dynamic_data_size__ = SIZEOF (.log_dynamic_data)
                0x000056e4                __log_dynamic_data_load_end__ = (__log_dynamic_data_load_start__ + SIZEOF (.log_dynamic_data))
                0x00000001                . = ASSERT (((__log_dynamic_data_load_start__ == __log_dynamic_data_load_end__) || ((__log_dynamic_data_load_end__ - __FLASH_segment_start__) <= __FLASH_segment_size__)), error: .log_dynamic_data is too large to fit in FLASH memory segment)

.log_dynamic_data_run
                0x20000000        0x0
                0x20000000                __log_dynamic_data_run_start__ = .
                0x20000000                __start_log_dynamic_data = __log_dynamic_data_run_start__
                0x20000054                __log_dynamic_data_run_end__ = (__log_dynamic_data_run_start__ + SIZEOF (.log_dynamic_data))
                0x00000054                __log_dynamic_data_run_size__ = (__log_dynamic_data_run_end__ - __log_dynamic_data_run_start__)
                0x20000054                __stop_log_dynamic_data = __log_dynamic_data_run_end__
                0x20000054                __log_dynamic_data_run_load_end__ = __log_dynamic_data_run_end__
                0x00000001                . = ASSERT (((__log_dynamic_data_run_start__ == __log_dynamic_data_run_end__) || ((__log_dynamic_data_run_end__ - __RAM_segment_start__) <= __RAM_segment_size__)), error: .log_dynamic_data_run is too large to fit in RAM memory segment)
                0x20000054                __nrf_sections_run_end_load_start__ = ALIGN (__log_dynamic_data_run_end__, 0x4)

.nrf_sections_run_end
                0x20000054        0x0
                0x20000054                __nrf_sections_run_end_start__ = .
                0x20000054                __end_nrf_sections_run = __nrf_sections_run_end_start__
 *(.nrf_sections_run_end .nrf_sections_run_end.*)
                0x20000054                __nrf_sections_run_end_end__ = (__nrf_sections_run_end_start__ + SIZEOF (.nrf_sections_run_end))
                0x00000000                __nrf_sections_run_end_size__ = SIZEOF (.nrf_sections_run_end)
                0x20000054                __nrf_sections_run_end_load_end__ = __nrf_sections_run_end_end__
                0x00000001                . = ASSERT (((__nrf_sections_run_end_start__ == __nrf_sections_run_end_end__) || ((__nrf_sections_run_end_end__ - __RAM_segment_start__) <= __RAM_segment_size__)), error: .nrf_sections_run_end is too large to fit in RAM memory segment)
                0x000056e4                __dtors_load_start__ = ALIGN ((__log_dynamic_data_load_start__ + SIZEOF (.log_dynamic_data)), 0x4)

.dtors          0x000056e4        0x0
                0x000056e4                __dtors_start__ = .
 *(SORT_BY_NAME(.dtors.*))
 *(.dtors)
 *(.fini_array)
 *(SORT_BY_NAME(.fini_array.*))
                0x000056e4                __dtors_end__ = (__dtors_start__ + SIZEOF (.dtors))
                0x00000000                __dtors_size__ = SIZEOF (.dtors)
                0x000056e4                __dtors_load_end__ = __dtors_end__
                0x00000001                . = ASSERT (((__dtors_start__ == __dtors_end__) || ((__dtors_end__ - __FLASH_segment_start__) <= __FLASH_segment_size__)), error: .dtors is too large to fit in FLASH memory segment)
                0x000056e4                __ctors_load_start__ = ALIGN (__dtors_end__, 0x4)

.ctors          0x000056e4        0x0
                0x000056e4                __ctors_start__ = .
 *(SORT_BY_NAME(.ctors.*))
 *(.ctors)
 *(.init_array)
 *(SORT_BY_NAME(.init_array.*))
                0x000056e4                __ctors_end__ = (__ctors_start__ + SIZEOF (.ctors))
                0x00000000                __ctors_size__ = SIZEOF (.ctors)
                0x000056e4                __ctors_load_end__ = __ctors_end__
                0x00000001                . = ASSERT (((__ctors_start__ == __ctors_end__) || ((__ctors_end__ - __FLASH_segment_start__) <= __FLASH_segment_size__)), error: .ctors is too large to fit in FLASH memory segment)
                0x000056e4                __rodata_load_start__ = ALIGN (__ctors_end__, 0x4)

.rodata         0x000056e4      0xeda
                0x000056e4                __rodata_start__ = .
 *(.rodata .rodata.* .gnu.linkonce.r.*)
 .rodata        0x000056e4       0x80 Output/Debug/Obj/saadc_pca10040/nrf_log_backend_uart.o
 .rodata.nrf_log_backend_uart_api
                0x00005764        0xc Output/Debug/Obj/saadc_pca10040/nrf_log_backend_uart.o
                0x00005764                nrf_log_backend_uart_api
 .rodata        0x00005770       0x64 Output/Debug/Obj/saadc_pca10040/nrf_log_default_backends.o
 .rodata.mempool
                0x000057d4       0x14 Output/Debug/Obj/saadc_pca10040/nrf_log_frontend.o
 .rodata        0x000057e8       0x6c Output/Debug/Obj/saadc_pca10040/nrf_log_frontend.o
 .rodata        0x00005854       0x92 Output/Debug/Obj/saadc_pca10040/nrf_log_str_formatter.o
 *fill*         0x000058e6        0x2 
 .rodata        0x000058e8       0x4c Output/Debug/Obj/saadc_pca10040/app_error_weak.o
 .rodata        0x00005934       0x4d Output/Debug/Obj/saadc_pca10040/app_util_platform.o
 *fill*         0x00005981        0x3 
 .rodata        0x00005984       0x50 Output/Debug/Obj/saadc_pca10040/nrf_balloc.o
 .rodata        0x000059d4       0x3e Output/Debug/Obj/saadc_pca10040/nrf_fprintf.o
 *fill*         0x00005a12        0x2 
 .rodata        0x00005a14       0x45 Output/Debug/Obj/saadc_pca10040/nrf_fprintf_format.o
 *fill*         0x00005a59        0x3 
 .rodata._aV2C.0
                0x00005a5c       0x10 Output/Debug/Obj/saadc_pca10040/nrf_fprintf_format.o
 .rodata        0x00005a6c       0x55 Output/Debug/Obj/saadc_pca10040/nrf_memobj.o
 *fill*         0x00005ac1        0x3 
 .rodata        0x00005ac4       0xe4 Output/Debug/Obj/saadc_pca10040/nrf_pwr_mgmt.o
 .rodata.pwr_mgmt_data
                0x00005ba8        0xc Output/Debug/Obj/saadc_pca10040/nrf_pwr_mgmt.o
 .rodata        0x00005bb4       0x61 Output/Debug/Obj/saadc_pca10040/nrf_section_iter.o
 *fill*         0x00005c15        0x3 
 .rodata.m_unknown_str
                0x00005c18       0x13 Output/Debug/Obj/saadc_pca10040/nrf_strerror.o
 *fill*         0x00005c2b        0x1 
 .rodata        0x00005c2c      0x308 Output/Debug/Obj/saadc_pca10040/nrf_strerror.o
 .rodata.nrf_strerror_array
                0x00005f34       0xf0 Output/Debug/Obj/saadc_pca10040/nrf_strerror.o
 .rodata        0x00006024       0x4e Output/Debug/Obj/saadc_pca10040/nrf_drv_common.o
 *fill*         0x00006072        0x2 
 .rodata        0x00006074       0x88 Output/Debug/Obj/saadc_pca10040/nrf_drv_power.o
 .rodata.m_drv_power_config_default
                0x000060fc        0x1 Output/Debug/Obj/saadc_pca10040/nrf_drv_power.o
 *fill*         0x000060fd        0x3 
 .rodata        0x00006100        0x4 Output/Debug/Obj/saadc_pca10040/nrf_drv_ppi.o
 .rodata        0x00006104       0x90 Output/Debug/Obj/saadc_pca10040/nrf_drv_saadc.o
 .rodata.m_default_config
                0x00006194        0x4 Output/Debug/Obj/saadc_pca10040/nrf_drv_saadc.o
 .rodata        0x00006198       0x54 Output/Debug/Obj/saadc_pca10040/nrf_drv_timer.o
 .rodata        0x000061ec       0x8a Output/Debug/Obj/saadc_pca10040/nrf_drv_uart.o
 *fill*         0x00006276        0x2 
 .rodata        0x00006278       0xfe Output/Debug/Obj/saadc_pca10040/main.o
 *fill*         0x00006376        0x2 
 .rodata.m_timer
                0x00006378        0x8 Output/Debug/Obj/saadc_pca10040/main.o
 .rodata.libc.__RAL_find_locale.str1.4
                0x00006380        0xa C:/Program Files (x86)/SEGGER/SEGGER Embedded Studio for ARM 5.42a/lib/libc_v7em_fpv4_sp_d16_hard_t_le_eabi.a(libc2.o)
 *fill*         0x0000638a        0x2 
 .rodata.libc.__RAL_ascii_ctype_map
                0x0000638c       0x80 C:/Program Files (x86)/SEGGER/SEGGER Embedded Studio for ARM 5.42a/lib/libc_v7em_fpv4_sp_d16_hard_t_le_eabi.a(libc2.o)
                0x0000638c                __RAL_ascii_ctype_map
 .rodata.libc.__RAL_ascii_ctype_mask
                0x0000640c        0xd C:/Program Files (x86)/SEGGER/SEGGER Embedded Studio for ARM 5.42a/lib/libc_v7em_fpv4_sp_d16_hard_t_le_eabi.a(libc2.o)
 *fill*         0x00006419        0x3 
 .rodata.libc.__RAL_c_locale
                0x0000641c        0xc C:/Program Files (x86)/SEGGER/SEGGER Embedded Studio for ARM 5.42a/lib/libc_v7em_fpv4_sp_d16_hard_t_le_eabi.a(libc2.o)
                0x0000641c                __RAL_c_locale
 .rodata.libc.__RAL_c_locale_abbrev_day_names
                0x00006428       0x1d C:/Program Files (x86)/SEGGER/SEGGER Embedded Studio for ARM 5.42a/lib/libc_v7em_fpv4_sp_d16_hard_t_le_eabi.a(libc2.o)
                0x00006428                __RAL_c_locale_abbrev_day_names
 *fill*         0x00006445        0x3 
 .rodata.libc.__RAL_c_locale_abbrev_month_names
                0x00006448       0x31 C:/Program Files (x86)/SEGGER/SEGGER Embedded Studio for ARM 5.42a/lib/libc_v7em_fpv4_sp_d16_hard_t_le_eabi.a(libc2.o)
                0x00006448                __RAL_c_locale_abbrev_month_names
 *fill*         0x00006479        0x3 
 .rodata.libc.__RAL_c_locale_am_pm_indicator
                0x0000647c        0x7 C:/Program Files (x86)/SEGGER/SEGGER Embedded Studio for ARM 5.42a/lib/libc_v7em_fpv4_sp_d16_hard_t_le_eabi.a(libc2.o)
                0x0000647c                __RAL_c_locale_am_pm_indicator
 *fill*         0x00006483        0x1 
 .rodata.libc.__RAL_c_locale_data
                0x00006484       0x58 C:/Program Files (x86)/SEGGER/SEGGER Embedded Studio for ARM 5.42a/lib/libc_v7em_fpv4_sp_d16_hard_t_le_eabi.a(libc2.o)
                0x00006484                __RAL_c_locale_data
 .rodata.libc.__RAL_c_locale_date_format
                0x000064dc        0x9 C:/Program Files (x86)/SEGGER/SEGGER Embedded Studio for ARM 5.42a/lib/libc_v7em_fpv4_sp_d16_hard_t_le_eabi.a(libc2.o)
                0x000064dc                __RAL_c_locale_date_format
 *fill*         0x000064e5        0x3 
 .rodata.libc.__RAL_c_locale_date_time_format
                0x000064e8        0xf C:/Program Files (x86)/SEGGER/SEGGER Embedded Studio for ARM 5.42a/lib/libc_v7em_fpv4_sp_d16_hard_t_le_eabi.a(libc2.o)
                0x000064e8                __RAL_c_locale_date_time_format
 *fill*         0x000064f7        0x1 
 .rodata.libc.__RAL_c_locale_day_names
                0x000064f8       0x3a C:/Program Files (x86)/SEGGER/SEGGER Embedded Studio for ARM 5.42a/lib/libc_v7em_fpv4_sp_d16_hard_t_le_eabi.a(libc2.o)
                0x000064f8                __RAL_c_locale_day_names
 *fill*         0x00006532        0x2 
 .rodata.libc.__RAL_c_locale_month_names
                0x00006534       0x57 C:/Program Files (x86)/SEGGER/SEGGER Embedded Studio for ARM 5.42a/lib/libc_v7em_fpv4_sp_d16_hard_t_le_eabi.a(libc2.o)
                0x00006534                __RAL_c_locale_month_names
 *fill*         0x0000658b        0x1 
 .rodata.libc.__RAL_c_locale_time_format
                0x0000658c        0x9 C:/Program Files (x86)/SEGGER/SEGGER Embedded Studio for ARM 5.42a/lib/libc_v7em_fpv4_sp_d16_hard_t_le_eabi.a(libc2.o)
                0x0000658c                __RAL_c_locale_time_format
 *fill*         0x00006595        0x3 
 .rodata.libc.__RAL_codeset_ascii
                0x00006598       0x20 C:/Program Files (x86)/SEGGER/SEGGER Embedded Studio for ARM 5.42a/lib/libc_v7em_fpv4_sp_d16_hard_t_le_eabi.a(libc2.o)
                0x00006598                __RAL_codeset_ascii
 .rodata.libc.__RAL_data_empty_string
                0x000065b8        0x1 C:/Program Files (x86)/SEGGER/SEGGER Embedded Studio for ARM 5.42a/lib/libc_v7em_fpv4_sp_d16_hard_t_le_eabi.a(libc2.o)
                0x000065b8                __RAL_data_empty_string
 *fill*         0x000065b9        0x3 
 .rodata.libc.__RAL_data_utf8_period
                0x000065bc        0x2 C:/Program Files (x86)/SEGGER/SEGGER Embedded Studio for ARM 5.42a/lib/libc_v7em_fpv4_sp_d16_hard_t_le_eabi.a(libc2.o)
                0x000065bc                __RAL_data_utf8_period
                0x000065be                __rodata_end__ = (__rodata_start__ + SIZEOF (.rodata))
                0x00000eda                __rodata_size__ = SIZEOF (.rodata)
                0x000065be                __rodata_load_end__ = __rodata_end__

.rel.dyn        0x000065c0        0x0
 .rel.iplt      0x000065c0        0x0 Output/Debug/Obj/saadc_pca10040/thumb_crt0.o
                0x00000001                . = ASSERT (((__rodata_start__ == __rodata_end__) || ((__rodata_end__ - __FLASH_segment_start__) <= __FLASH_segment_size__)), error: .rodata is too large to fit in FLASH memory segment)
                0x000065c0                __ARM.exidx_load_start__ = ALIGN (__rodata_end__, 0x4)

.ARM.exidx      0x000065c0        0x0
                0x000065c0                __ARM.exidx_start__ = .
                0x000065c0                __exidx_start = __ARM.exidx_start__
 *(.ARM.exidx .ARM.exidx.*)
                0x000065c0                __ARM.exidx_end__ = (__ARM.exidx_start__ + SIZEOF (.ARM.exidx))
                0x00000000                __ARM.exidx_size__ = SIZEOF (.ARM.exidx)
                0x000065c0                __exidx_end = __ARM.exidx_end__
                0x000065c0                __ARM.exidx_load_end__ = __ARM.exidx_end__
                0x00000001                . = ASSERT (((__ARM.exidx_start__ == __ARM.exidx_end__) || ((__ARM.exidx_end__ - __FLASH_segment_start__) <= __FLASH_segment_size__)), error: .ARM.exidx is too large to fit in FLASH memory segment)
                0x000065c0                __fast_load_start__ = ALIGN (__ARM.exidx_end__, 0x4)

.fast           0x20000054        0x0 load address 0x000065c0
                0x20000054                __fast_start__ = .
 *(.fast .fast.*)
                0x20000054                __fast_end__ = (__fast_start__ + SIZEOF (.fast))
                0x00000000                __fast_size__ = SIZEOF (.fast)
                0x000065c0                __fast_load_end__ = (__fast_load_start__ + SIZEOF (.fast))
                0x00000001                . = ASSERT (((__fast_load_start__ == __fast_load_end__) || ((__fast_load_end__ - __FLASH_segment_start__) <= __FLASH_segment_size__)), error: .fast is too large to fit in FLASH memory segment)

.fast_run       0x20000054        0x0
                0x20000054                __fast_run_start__ = .
                0x20000054                __fast_run_end__ = (__fast_run_start__ + SIZEOF (.fast))
                0x00000000                __fast_run_size__ = (__fast_run_end__ - __fast_run_start__)
                0x20000054                __fast_run_load_end__ = __fast_run_end__
                0x00000001                . = ASSERT (((__fast_run_start__ == __fast_run_end__) || ((__fast_run_end__ - __RAM_segment_start__) <= __RAM_segment_size__)), error: .fast_run is too large to fit in RAM memory segment)
                0x000065c0                __data_load_start__ = ALIGN ((__fast_load_start__ + SIZEOF (.fast)), 0x4)

.data           0x20000054       0x64 load address 0x000065c0
                0x20000054                __data_start__ = .
 *(.data .data.* .gnu.linkonce.d.*)
 .data.m_uart   0x20000054        0x8 Output/Debug/Obj/saadc_pca10040/nrf_log_backend_uart.o
                0x20000054                m_uart
 .data.uart_log_backend
                0x2000005c        0xc Output/Debug/Obj/saadc_pca10040/nrf_log_default_backends.o
 .data.severity_names
                0x20000068       0x14 Output/Debug/Obj/saadc_pca10040/nrf_log_str_formatter.o
 .data.m_colors
                0x2000007c       0x24 Output/Debug/Obj/saadc_pca10040/nrf_log_str_formatter.o
 .data.SystemCoreClock
                0x200000a0        0x4 Output/Debug/Obj/saadc_pca10040/system_nrf52.o
                0x200000a0                SystemCoreClock
 .data.libc.__RAL_global_locale
                0x200000a4       0x14 C:/Program Files (x86)/SEGGER/SEGGER Embedded Studio for ARM 5.42a/lib/libc_v7em_fpv4_sp_d16_hard_t_le_eabi.a(libc2.o)
                0x200000a4                __RAL_global_locale
                0x200000b8                __data_end__ = (__data_start__ + SIZEOF (.data))
                0x00000064                __data_size__ = SIZEOF (.data)
                0x00006624                __data_load_end__ = (__data_load_start__ + SIZEOF (.data))

.igot.plt       0x00000000        0x0
 .igot.plt      0x00000000        0x0 Output/Debug/Obj/saadc_pca10040/thumb_crt0.o
                0x00000001                . = ASSERT (((__data_load_start__ == __data_load_end__) || ((__data_load_end__ - __FLASH_segment_start__) <= __FLASH_segment_size__)), error: .data is too large to fit in FLASH memory segment)

.data_run       0x20000054        0x0
                0x20000054                __data_run_start__ = .
                0x200000b8                __data_run_end__ = (__data_run_start__ + SIZEOF (.data))
                0x00000064                __data_run_size__ = (__data_run_end__ - __data_run_start__)
                0x200000b8                __data_run_load_end__ = __data_run_end__
                0x00000001                . = ASSERT (((__data_run_start__ == __data_run_end__) || ((__data_run_end__ - __RAM_segment_start__) <= __RAM_segment_size__)), error: .data_run is too large to fit in RAM memory segment)
                0x00006624                __tdata_load_start__ = ALIGN ((__data_load_start__ + SIZEOF (.data)), 0x4)

.tdata          0x200000b8        0x0 load address 0x00006624
                0x200000b8                __tdata_start__ = .
 *(.tdata .tdata.*)
                0x200000b8                __tdata_end__ = (__tdata_start__ + SIZEOF (.tdata))
                0x00000000                __tdata_size__ = SIZEOF (.tdata)
                0x00006624                __tdata_load_end__ = (__tdata_load_start__ + SIZEOF (.tdata))
                0x00006624                __FLASH_segment_used_end__ = (ALIGN ((__data_load_start__ + SIZEOF (.data)), 0x4) + SIZEOF (.tdata))
                0x00006624                __FLASH_segment_used_size__ = (__FLASH_segment_used_end__ - __FLASH_segment_start__)
                0x00000001                . = ASSERT (((__tdata_load_start__ == __tdata_load_end__) || ((__tdata_load_end__ - __FLASH_segment_start__) <= __FLASH_segment_size__)), error: .tdata is too large to fit in FLASH memory segment)

.tdata_run      0x200000b8        0x0
                0x200000b8                __tdata_run_start__ = .
                0x200000b8                __tdata_run_end__ = (__tdata_run_start__ + SIZEOF (.tdata))
                0x00000000                __tdata_run_size__ = (__tdata_run_end__ - __tdata_run_start__)
                0x200000b8                __tdata_run_load_end__ = __tdata_run_end__
                0x00000001                . = ASSERT (((__tdata_run_start__ == __tdata_run_end__) || ((__tdata_run_end__ - __RAM_segment_start__) <= __RAM_segment_size__)), error: .tdata_run is too large to fit in RAM memory segment)
                0x200000b8                __bss_load_start__ = ALIGN (__tdata_run_end__, 0x4)

.bss            0x200000b8      0x5f4
                0x200000b8                __bss_start__ = .
 *(.bss .bss.* .gnu.linkonce.b.*)
 .bss.m_string_buff
                0x200000b8       0x40 Output/Debug/Obj/saadc_pca10040/nrf_log_backend_uart.o
 .bss.m_xfer_done
                0x200000f8        0x1 Output/Debug/Obj/saadc_pca10040/nrf_log_backend_uart.o
 .bss.m_async_mode
                0x200000f9        0x1 Output/Debug/Obj/saadc_pca10040/nrf_log_backend_uart.o
 *fill*         0x200000fa        0x2 
 .bss.mempool_nrf_balloc_pool_stack
                0x200000fc        0x8 Output/Debug/Obj/saadc_pca10040/nrf_log_frontend.o
 .bss.mempool_nrf_balloc_pool_mem
                0x20000104       0xc0 Output/Debug/Obj/saadc_pca10040/nrf_log_frontend.o
 .bss.mempool_nrf_balloc_cb
                0x200001c4        0x8 Output/Debug/Obj/saadc_pca10040/nrf_log_frontend.o
 .bss.m_log_data
                0x200001cc      0x420 Output/Debug/Obj/saadc_pca10040/nrf_log_frontend.o
 .bss.m_error_data.0
                0x200005ec       0x20 Output/Debug/Obj/saadc_pca10040/app_error.o
 .bss.m_in_critical_region
                0x2000060c        0x4 Output/Debug/Obj/saadc_pca10040/app_util_platform.o
 .bss.m_sysoff_mtx
                0x20000610        0x4 Output/Debug/Obj/saadc_pca10040/nrf_pwr_mgmt.o
 .bss.m_shutdown_started
                0x20000614        0x1 Output/Debug/Obj/saadc_pca10040/nrf_pwr_mgmt.o
 *fill*         0x20000615        0x3 
 .bss.m_handlers_iter
                0x20000618        0x8 Output/Debug/Obj/saadc_pca10040/nrf_pwr_mgmt.o
 .bss.m_initialized
                0x20000620        0x1 Output/Debug/Obj/saadc_pca10040/nrf_drv_power.o
 *fill*         0x20000621        0x3 
 .bss.m_pofwarn_handler
                0x20000624        0x4 Output/Debug/Obj/saadc_pca10040/nrf_drv_power.o
 .bss.m_sleepevt_handler
                0x20000628        0x4 Output/Debug/Obj/saadc_pca10040/nrf_drv_power.o
 .bss.m_drv_state
                0x2000062c        0x1 Output/Debug/Obj/saadc_pca10040/nrf_drv_ppi.o
 *fill*         0x2000062d        0x3 
 .bss.m_channels_allocated
                0x20000630        0x4 Output/Debug/Obj/saadc_pca10040/nrf_drv_ppi.o
 .bss.m_cb      0x20000634       0x30 Output/Debug/Obj/saadc_pca10040/nrf_drv_saadc.o
 .bss.m_cb      0x20000664        0xc Output/Debug/Obj/saadc_pca10040/nrf_drv_timer.o
 .bss.m_cb      0x20000670       0x20 Output/Debug/Obj/saadc_pca10040/nrf_drv_uart.o
 .bss.m_buffer_pool
                0x20000690       0x14 Output/Debug/Obj/saadc_pca10040/main.o
 .bss.m_ppi_channel
                0x200006a4        0x1 Output/Debug/Obj/saadc_pca10040/main.o
 *fill*         0x200006a5        0x3 
 .bss.m_adc_evt_counter
                0x200006a8        0x4 Output/Debug/Obj/saadc_pca10040/main.o
 *(COMMON)
                0x200006ac                __bss_end__ = (__bss_start__ + SIZEOF (.bss))
                0x000005f4                __bss_size__ = SIZEOF (.bss)
                0x200006ac                __bss_load_end__ = __bss_end__
                0x00000001                . = ASSERT (((__bss_start__ == __bss_end__) || ((__bss_end__ - __RAM_segment_start__) <= __RAM_segment_size__)), error: .bss is too large to fit in RAM memory segment)
                0x200006ac                __tbss_load_start__ = ALIGN (__bss_end__, 0x4)

.tbss           0x200006ac        0x0
                0x200006ac                __tbss_start__ = .
 *(.tbss .tbss.*)
                0x200006ac                __tbss_end__ = (__tbss_start__ + SIZEOF (.tbss))
                0x00000000                __tbss_size__ = SIZEOF (.tbss)
                0x200006ac                __tbss_load_end__ = __tbss_end__
                0x00000001                . = ASSERT (((__tbss_start__ == __tbss_end__) || ((__tbss_end__ - __RAM_segment_start__) <= __RAM_segment_size__)), error: .tbss is too large to fit in RAM memory segment)
                0x200006ac                __non_init_load_start__ = ALIGN (__tbss_end__, 0x4)

.non_init       0x200006ac        0x0
                0x200006ac                __non_init_start__ = .
 *(.non_init .non_init.*)
                0x200006ac                __non_init_end__ = (__non_init_start__ + SIZEOF (.non_init))
                0x00000000                __non_init_size__ = SIZEOF (.non_init)
                0x200006ac                __non_init_load_end__ = __non_init_end__
                0x00000001                . = ASSERT (((__non_init_start__ == __non_init_end__) || ((__non_init_end__ - __RAM_segment_start__) <= __RAM_segment_size__)), error: .non_init is too large to fit in RAM memory segment)
                0x200006ac                __heap_load_start__ = ALIGN (__non_init_end__, 0x4)

.heap           0x200006ac      0x200
                0x200006ac                __heap_start__ = .
 *(.heap .heap.*)
                0x200008ac                . = ALIGN (MAX ((__heap_start__ + __HEAPSIZE__), .), 0x4)
 *fill*         0x200006ac      0x200 
                0x200008ac                __heap_end__ = (__heap_start__ + SIZEOF (.heap))
                0x00000200                __heap_size__ = SIZEOF (.heap)
                0x200008ac                __heap_load_end__ = __heap_end__
                0x00000001                . = ASSERT (((__heap_start__ == __heap_end__) || ((__heap_end__ - __RAM_segment_start__) <= __RAM_segment_size__)), error: .heap is too large to fit in RAM memory segment)
                0x2000f800                __stack_load_start__ = (__RAM_segment_start__ + (__RAM_segment_size__ - 0x800))

.stack          0x2000f800      0x800
                0x2000f800                __stack_start__ = .
                0x2000f800                __StackLimit = __stack_start__
 *(.stack .stack.*)
                0x20010000                . = ALIGN (MAX ((__stack_start__ + __STACKSIZE__), .), 0x8)
 *fill*         0x2000f800      0x800 
                0x20010000                __stack_end__ = (__stack_start__ + SIZEOF (.stack))
                0x00000800                __stack_size__ = SIZEOF (.stack)
                0x20010000                __StackTop = __stack_end__
                0x20010000                __stack_load_end__ = __stack_end__
                0x00000001                . = ASSERT (((__stack_start__ == __stack_end__) || ((__stack_end__ - __RAM_segment_start__) <= __RAM_segment_size__)), error: .stack is too large to fit in RAM memory segment)
                0x00000001                . = ASSERT ((__heap_end__ <= __stack_start__), error: section .heap overlaps absolute placed section .stack)
                0x20010000                __stack_process_load_start__ = ALIGN (__stack_end__, 0x8)

.stack_process  0x20010000        0x0
                0x20010000                __stack_process_start__ = .
 *(.stack_process .stack_process.*)
                0x20010000                . = ALIGN (MAX ((__stack_process_start__ + __STACKSIZE_PROCESS__), .), 0x8)
                0x20010000                __stack_process_end__ = (__stack_process_start__ + SIZEOF (.stack_process))
                0x00000000                __stack_process_size__ = SIZEOF (.stack_process)
                0x20010000                __stack_process_load_end__ = __stack_process_end__
                0x20010000                __RAM_segment_used_end__ = (ALIGN (__stack_end__, 0x8) + SIZEOF (.stack_process))
                0x00010000                __RAM_segment_used_size__ = (__RAM_segment_used_end__ - __RAM_segment_start__)
                0x00000001                . = ASSERT (((__stack_process_start__ == __stack_process_end__) || ((__stack_process_end__ - __RAM_segment_start__) <= __RAM_segment_size__)), error: .stack_process is too large to fit in RAM memory segment)
START GROUP
LOAD Output/Debug/Obj/saadc_pca10040/thumb_crt0.o
LOAD Output/Debug/Obj/saadc_pca10040/nrf_log_backend_rtt.o
LOAD Output/Debug/Obj/saadc_pca10040/nrf_log_backend_serial.o
LOAD Output/Debug/Obj/saadc_pca10040/nrf_log_backend_uart.o
LOAD Output/Debug/Obj/saadc_pca10040/nrf_log_default_backends.o
LOAD Output/Debug/Obj/saadc_pca10040/nrf_log_frontend.o
LOAD Output/Debug/Obj/saadc_pca10040/nrf_log_str_formatter.o
LOAD Output/Debug/Obj/saadc_pca10040/boards.o
LOAD Output/Debug/Obj/saadc_pca10040/app_error.o
LOAD Output/Debug/Obj/saadc_pca10040/app_error_weak.o
LOAD Output/Debug/Obj/saadc_pca10040/app_util_platform.o
LOAD Output/Debug/Obj/saadc_pca10040/nrf_assert.o
LOAD Output/Debug/Obj/saadc_pca10040/nrf_balloc.o
LOAD Output/Debug/Obj/saadc_pca10040/nrf_fprintf.o
LOAD Output/Debug/Obj/saadc_pca10040/nrf_fprintf_format.o
LOAD Output/Debug/Obj/saadc_pca10040/nrf_memobj.o
LOAD Output/Debug/Obj/saadc_pca10040/nrf_pwr_mgmt.o
LOAD Output/Debug/Obj/saadc_pca10040/nrf_section_iter.o
LOAD Output/Debug/Obj/saadc_pca10040/nrf_strerror.o
LOAD Output/Debug/Obj/saadc_pca10040/nrf_drv_common.o
LOAD Output/Debug/Obj/saadc_pca10040/nrf_drv_power.o
LOAD Output/Debug/Obj/saadc_pca10040/nrf_drv_ppi.o
LOAD Output/Debug/Obj/saadc_pca10040/nrf_drv_saadc.o
LOAD Output/Debug/Obj/saadc_pca10040/nrf_drv_timer.o
LOAD Output/Debug/Obj/saadc_pca10040/nrf_drv_uart.o
LOAD Output/Debug/Obj/saadc_pca10040/nrf_saadc.o
LOAD Output/Debug/Obj/saadc_pca10040/main.o
LOAD Output/Debug/Obj/saadc_pca10040/SEGGER_RTT.o
LOAD Output/Debug/Obj/saadc_pca10040/SEGGER_RTT_Syscalls_SES.o
LOAD Output/Debug/Obj/saadc_pca10040/SEGGER_RTT_printf.o
LOAD Output/Debug/Obj/saadc_pca10040/ses_nRF_Startup.o
LOAD Output/Debug/Obj/saadc_pca10040/ses_nrf52_Vectors.o
LOAD Output/Debug/Obj/saadc_pca10040/system_nrf52.o
LOAD C:/Program Files (x86)/SEGGER/SEGGER Embedded Studio for ARM 5.42a/lib/libm_v7em_fpv4_sp_d16_hard_t_le_eabi.a
LOAD C:/Program Files (x86)/SEGGER/SEGGER Embedded Studio for ARM 5.42a/lib/libc_v7em_fpv4_sp_d16_hard_t_le_eabi.a
LOAD C:/Program Files (x86)/SEGGER/SEGGER Embedded Studio for ARM 5.42a/lib/libdebugio_v7em_fpv4_sp_d16_hard_t_le_eabi.a
END GROUP
OUTPUT(Output/Debug/Exe/saadc_pca10040.elf elf32-littlearm)
LOAD linker stubs

.ARM.attributes
                0x00000000       0x30
 .ARM.attributes
                0x00000000       0x20 Output/Debug/Obj/saadc_pca10040/thumb_crt0.o
 .ARM.attributes
                0x00000020       0x39 Output/Debug/Obj/saadc_pca10040/nrf_log_backend_serial.o
 .ARM.attributes
                0x00000059       0x39 Output/Debug/Obj/saadc_pca10040/nrf_log_backend_uart.o
 .ARM.attributes
                0x00000092       0x39 Output/Debug/Obj/saadc_pca10040/nrf_log_default_backends.o
 .ARM.attributes
                0x000000cb       0x39 Output/Debug/Obj/saadc_pca10040/nrf_log_frontend.o
 .ARM.attributes
                0x00000104       0x39 Output/Debug/Obj/saadc_pca10040/nrf_log_str_formatter.o
 .ARM.attributes
                0x0000013d       0x39 Output/Debug/Obj/saadc_pca10040/app_error.o
 .ARM.attributes
                0x00000176       0x39 Output/Debug/Obj/saadc_pca10040/app_error_weak.o
 .ARM.attributes
                0x000001af       0x39 Output/Debug/Obj/saadc_pca10040/app_util_platform.o
 .ARM.attributes
                0x000001e8       0x39 Output/Debug/Obj/saadc_pca10040/nrf_assert.o
 .ARM.attributes
                0x00000221       0x39 Output/Debug/Obj/saadc_pca10040/nrf_balloc.o
 .ARM.attributes
                0x0000025a       0x39 Output/Debug/Obj/saadc_pca10040/nrf_fprintf.o
 .ARM.attributes
                0x00000293       0x39 Output/Debug/Obj/saadc_pca10040/nrf_fprintf_format.o
 .ARM.attributes
                0x000002cc       0x39 Output/Debug/Obj/saadc_pca10040/nrf_memobj.o
 .ARM.attributes
                0x00000305       0x39 Output/Debug/Obj/saadc_pca10040/nrf_pwr_mgmt.o
 .ARM.attributes
                0x0000033e       0x39 Output/Debug/Obj/saadc_pca10040/nrf_section_iter.o
 .ARM.attributes
                0x00000377       0x39 Output/Debug/Obj/saadc_pca10040/nrf_strerror.o
 .ARM.attributes
                0x000003b0       0x39 Output/Debug/Obj/saadc_pca10040/nrf_drv_common.o
 .ARM.attributes
                0x000003e9       0x39 Output/Debug/Obj/saadc_pca10040/nrf_drv_power.o
 .ARM.attributes
                0x00000422       0x39 Output/Debug/Obj/saadc_pca10040/nrf_drv_ppi.o
 .ARM.attributes
                0x0000045b       0x39 Output/Debug/Obj/saadc_pca10040/nrf_drv_saadc.o
 .ARM.attributes
                0x00000494       0x39 Output/Debug/Obj/saadc_pca10040/nrf_drv_timer.o
 .ARM.attributes
                0x000004cd       0x39 Output/Debug/Obj/saadc_pca10040/nrf_drv_uart.o
 .ARM.attributes
                0x00000506       0x39 Output/Debug/Obj/saadc_pca10040/nrf_saadc.o
 .ARM.attributes
                0x0000053f       0x39 Output/Debug/Obj/saadc_pca10040/main.o
 .ARM.attributes
                0x00000578       0x20 Output/Debug/Obj/saadc_pca10040/ses_nRF_Startup.o
 .ARM.attributes
                0x00000598       0x20 Output/Debug/Obj/saadc_pca10040/ses_nrf52_Vectors.o
 .ARM.attributes
                0x000005b8       0x39 Output/Debug/Obj/saadc_pca10040/system_nrf52.o
 .ARM.attributes
                0x000005f1       0x34 C:/Program Files (x86)/SEGGER/SEGGER Embedded Studio for ARM 5.42a/lib/libc_v7em_fpv4_sp_d16_hard_t_le_eabi.a(libc2.o)
 .ARM.attributes
                0x00000625       0x20 C:/Program Files (x86)/SEGGER/SEGGER Embedded Studio for ARM 5.42a/lib/libc_v7em_fpv4_sp_d16_hard_t_le_eabi.a(libc2_asm.o)

.comment        0x00000000       0x25
 .comment       0x00000000       0x25 Output/Debug/Obj/saadc_pca10040/nrf_log_backend_serial.o
                                 0x26 (size before relaxing)
 .comment       0x00000025       0x26 Output/Debug/Obj/saadc_pca10040/nrf_log_backend_uart.o
 .comment       0x00000025       0x26 Output/Debug/Obj/saadc_pca10040/nrf_log_default_backends.o
 .comment       0x00000025       0x26 Output/Debug/Obj/saadc_pca10040/nrf_log_frontend.o
 .comment       0x00000025       0x26 Output/Debug/Obj/saadc_pca10040/nrf_log_str_formatter.o
 .comment       0x00000025       0x26 Output/Debug/Obj/saadc_pca10040/app_error.o
 .comment       0x00000025       0x26 Output/Debug/Obj/saadc_pca10040/app_error_weak.o
 .comment       0x00000025       0x26 Output/Debug/Obj/saadc_pca10040/app_util_platform.o
 .comment       0x00000025       0x26 Output/Debug/Obj/saadc_pca10040/nrf_assert.o
 .comment       0x00000025       0x26 Output/Debug/Obj/saadc_pca10040/nrf_balloc.o
 .comment       0x00000025       0x26 Output/Debug/Obj/saadc_pca10040/nrf_fprintf.o
 .comment       0x00000025       0x26 Output/Debug/Obj/saadc_pca10040/nrf_fprintf_format.o
 .comment       0x00000025       0x26 Output/Debug/Obj/saadc_pca10040/nrf_memobj.o
 .comment       0x00000025       0x26 Output/Debug/Obj/saadc_pca10040/nrf_pwr_mgmt.o
 .comment       0x00000025       0x26 Output/Debug/Obj/saadc_pca10040/nrf_section_iter.o
 .comment       0x00000025       0x26 Output/Debug/Obj/saadc_pca10040/nrf_strerror.o
 .comment       0x00000025       0x26 Output/Debug/Obj/saadc_pca10040/nrf_drv_common.o
 .comment       0x00000025       0x26 Output/Debug/Obj/saadc_pca10040/nrf_drv_power.o
 .comment       0x00000025       0x26 Output/Debug/Obj/saadc_pca10040/nrf_drv_ppi.o
 .comment       0x00000025       0x26 Output/Debug/Obj/saadc_pca10040/nrf_drv_saadc.o
 .comment       0x00000025       0x26 Output/Debug/Obj/saadc_pca10040/nrf_drv_timer.o
 .comment       0x00000025       0x26 Output/Debug/Obj/saadc_pca10040/nrf_drv_uart.o
 .comment       0x00000025       0x26 Output/Debug/Obj/saadc_pca10040/nrf_saadc.o
 .comment       0x00000025       0x26 Output/Debug/Obj/saadc_pca10040/main.o
 .comment       0x00000025       0x26 Output/Debug/Obj/saadc_pca10040/system_nrf52.o
 .comment       0x00000025       0x26 C:/Program Files (x86)/SEGGER/SEGGER Embedded Studio for ARM 5.42a/lib/libc_v7em_fpv4_sp_d16_hard_t_le_eabi.a(libc2.o)

.debug_line     0x00000000     0xc596
 .debug_line    0x00000000      0x225 Output/Debug/Obj/saadc_pca10040/thumb_crt0.o
 .debug_line    0x00000225      0x617 Output/Debug/Obj/saadc_pca10040/nrf_log_backend_serial.o
 .debug_line    0x0000083c      0x6c1 Output/Debug/Obj/saadc_pca10040/nrf_log_backend_uart.o
 .debug_line    0x00000efd      0x587 Output/Debug/Obj/saadc_pca10040/nrf_log_default_backends.o
 .debug_line    0x00001484      0xfe0 Output/Debug/Obj/saadc_pca10040/nrf_log_frontend.o
 .debug_line    0x00002464      0x6e8 Output/Debug/Obj/saadc_pca10040/nrf_log_str_formatter.o
 .debug_line    0x00002b4c      0x3a4 Output/Debug/Obj/saadc_pca10040/app_error.o
 .debug_line    0x00002ef0      0x609 Output/Debug/Obj/saadc_pca10040/app_error_weak.o
 .debug_line    0x000034f9      0x44b Output/Debug/Obj/saadc_pca10040/app_util_platform.o
 .debug_line    0x00003944      0x307 Output/Debug/Obj/saadc_pca10040/nrf_assert.o
 .debug_line    0x00003c4b      0x659 Output/Debug/Obj/saadc_pca10040/nrf_balloc.o
 .debug_line    0x000042a4      0x432 Output/Debug/Obj/saadc_pca10040/nrf_fprintf.o
 .debug_line    0x000046d6      0x71d Output/Debug/Obj/saadc_pca10040/nrf_fprintf_format.o
 .debug_line    0x00004df3      0x678 Output/Debug/Obj/saadc_pca10040/nrf_memobj.o
 .debug_line    0x0000546b      0x98d Output/Debug/Obj/saadc_pca10040/nrf_pwr_mgmt.o
 .debug_line    0x00005df8      0x44f Output/Debug/Obj/saadc_pca10040/nrf_section_iter.o
 .debug_line    0x00006247      0x3b4 Output/Debug/Obj/saadc_pca10040/nrf_strerror.o
 .debug_line    0x000065fb      0x503 Output/Debug/Obj/saadc_pca10040/nrf_drv_common.o
 .debug_line    0x00006afe      0x777 Output/Debug/Obj/saadc_pca10040/nrf_drv_power.o
 .debug_line    0x00007275      0xc80 Output/Debug/Obj/saadc_pca10040/nrf_drv_ppi.o
 .debug_line    0x00007ef5      0xde4 Output/Debug/Obj/saadc_pca10040/nrf_drv_saadc.o
 .debug_line    0x00008cd9      0xba3 Output/Debug/Obj/saadc_pca10040/nrf_drv_timer.o
 .debug_line    0x0000987c     0x154c Output/Debug/Obj/saadc_pca10040/nrf_drv_uart.o
 .debug_line    0x0000adc8      0x3d0 Output/Debug/Obj/saadc_pca10040/nrf_saadc.o
 .debug_line    0x0000b198      0xac4 Output/Debug/Obj/saadc_pca10040/main.o
 .debug_line    0x0000bc5c       0xa4 Output/Debug/Obj/saadc_pca10040/ses_nRF_Startup.o
 .debug_line    0x0000bd00       0xad Output/Debug/Obj/saadc_pca10040/ses_nrf52_Vectors.o
 .debug_line    0x0000bdad      0x7e9 Output/Debug/Obj/saadc_pca10040/system_nrf52.o

.debug_info     0x00000000     0xfb8e
 .debug_info    0x00000000       0x22 Output/Debug/Obj/saadc_pca10040/thumb_crt0.o
 .debug_info    0x00000022      0x64b Output/Debug/Obj/saadc_pca10040/nrf_log_backend_serial.o
 .debug_info    0x0000066d      0xdc7 Output/Debug/Obj/saadc_pca10040/nrf_log_backend_uart.o
 .debug_info    0x00001434      0x245 Output/Debug/Obj/saadc_pca10040/nrf_log_default_backends.o
 .debug_info    0x00001679     0x17a4 Output/Debug/Obj/saadc_pca10040/nrf_log_frontend.o
 .debug_info    0x00002e1d      0x3c1 Output/Debug/Obj/saadc_pca10040/nrf_log_str_formatter.o
 .debug_info    0x000031de      0x2c3 Output/Debug/Obj/saadc_pca10040/app_error.o
 .debug_info    0x000034a1      0x250 Output/Debug/Obj/saadc_pca10040/app_error_weak.o
 .debug_info    0x000036f1      0x71a Output/Debug/Obj/saadc_pca10040/app_util_platform.o
 .debug_info    0x00003e0b      0x10f Output/Debug/Obj/saadc_pca10040/nrf_assert.o
 .debug_info    0x00003f1a      0x378 Output/Debug/Obj/saadc_pca10040/nrf_balloc.o
 .debug_info    0x00004292      0x1fb Output/Debug/Obj/saadc_pca10040/nrf_fprintf.o
 .debug_info    0x0000448d      0x478 Output/Debug/Obj/saadc_pca10040/nrf_fprintf_format.o
 .debug_info    0x00004905      0x72a Output/Debug/Obj/saadc_pca10040/nrf_memobj.o
 .debug_info    0x0000502f      0xf7c Output/Debug/Obj/saadc_pca10040/nrf_pwr_mgmt.o
 .debug_info    0x00005fab      0x195 Output/Debug/Obj/saadc_pca10040/nrf_section_iter.o
 .debug_info    0x00006140      0x1c8 Output/Debug/Obj/saadc_pca10040/nrf_strerror.o
 .debug_info    0x00006308      0x5ec Output/Debug/Obj/saadc_pca10040/nrf_drv_common.o
 .debug_info    0x000068f4      0xca9 Output/Debug/Obj/saadc_pca10040/nrf_drv_power.o
 .debug_info    0x0000759d      0xe0a Output/Debug/Obj/saadc_pca10040/nrf_drv_ppi.o
 .debug_info    0x000083a7     0x1623 Output/Debug/Obj/saadc_pca10040/nrf_drv_saadc.o
 .debug_info    0x000099ca     0x1191 Output/Debug/Obj/saadc_pca10040/nrf_drv_timer.o
 .debug_info    0x0000ab5b     0x28ac Output/Debug/Obj/saadc_pca10040/nrf_drv_uart.o
 .debug_info    0x0000d407      0x694 Output/Debug/Obj/saadc_pca10040/nrf_saadc.o
 .debug_info    0x0000da9b      0xf51 Output/Debug/Obj/saadc_pca10040/main.o
 .debug_info    0x0000e9ec       0x23 Output/Debug/Obj/saadc_pca10040/ses_nRF_Startup.o
 .debug_info    0x0000ea0f       0x23 Output/Debug/Obj/saadc_pca10040/ses_nrf52_Vectors.o
 .debug_info    0x0000ea32     0x115c Output/Debug/Obj/saadc_pca10040/system_nrf52.o

.debug_abbrev   0x00000000     0x31be
 .debug_abbrev  0x00000000       0x12 Output/Debug/Obj/saadc_pca10040/thumb_crt0.o
 .debug_abbrev  0x00000012      0x1be Output/Debug/Obj/saadc_pca10040/nrf_log_backend_serial.o
 .debug_abbrev  0x000001d0      0x233 Output/Debug/Obj/saadc_pca10040/nrf_log_backend_uart.o
 .debug_abbrev  0x00000403      0x12d Output/Debug/Obj/saadc_pca10040/nrf_log_default_backends.o
 .debug_abbrev  0x00000530      0x43e Output/Debug/Obj/saadc_pca10040/nrf_log_frontend.o
 .debug_abbrev  0x0000096e      0x15e Output/Debug/Obj/saadc_pca10040/nrf_log_str_formatter.o
 .debug_abbrev  0x00000acc      0x114 Output/Debug/Obj/saadc_pca10040/app_error.o
 .debug_abbrev  0x00000be0      0x11b Output/Debug/Obj/saadc_pca10040/app_error_weak.o
 .debug_abbrev  0x00000cfb      0x235 Output/Debug/Obj/saadc_pca10040/app_util_platform.o
 .debug_abbrev  0x00000f30       0xab Output/Debug/Obj/saadc_pca10040/nrf_assert.o
 .debug_abbrev  0x00000fdb      0x1ad Output/Debug/Obj/saadc_pca10040/nrf_balloc.o
 .debug_abbrev  0x00001188      0x106 Output/Debug/Obj/saadc_pca10040/nrf_fprintf.o
 .debug_abbrev  0x0000128e      0x194 Output/Debug/Obj/saadc_pca10040/nrf_fprintf_format.o
 .debug_abbrev  0x00001422      0x1b7 Output/Debug/Obj/saadc_pca10040/nrf_memobj.o
 .debug_abbrev  0x000015d9      0x363 Output/Debug/Obj/saadc_pca10040/nrf_pwr_mgmt.o
 .debug_abbrev  0x0000193c       0xbd Output/Debug/Obj/saadc_pca10040/nrf_section_iter.o
 .debug_abbrev  0x000019f9       0xe6 Output/Debug/Obj/saadc_pca10040/nrf_strerror.o
 .debug_abbrev  0x00001adf      0x191 Output/Debug/Obj/saadc_pca10040/nrf_drv_common.o
 .debug_abbrev  0x00001c70      0x2f9 Output/Debug/Obj/saadc_pca10040/nrf_drv_power.o
 .debug_abbrev  0x00001f69      0x2ca Output/Debug/Obj/saadc_pca10040/nrf_drv_ppi.o
 .debug_abbrev  0x00002233      0x3a7 Output/Debug/Obj/saadc_pca10040/nrf_drv_saadc.o
 .debug_abbrev  0x000025da      0x2cb Output/Debug/Obj/saadc_pca10040/nrf_drv_timer.o
 .debug_abbrev  0x000028a5      0x343 Output/Debug/Obj/saadc_pca10040/nrf_drv_uart.o
 .debug_abbrev  0x00002be8      0x14b Output/Debug/Obj/saadc_pca10040/nrf_saadc.o
 .debug_abbrev  0x00002d33      0x262 Output/Debug/Obj/saadc_pca10040/main.o
 .debug_abbrev  0x00002f95       0x14 Output/Debug/Obj/saadc_pca10040/ses_nRF_Startup.o
 .debug_abbrev  0x00002fa9       0x14 Output/Debug/Obj/saadc_pca10040/ses_nrf52_Vectors.o
 .debug_abbrev  0x00002fbd      0x201 Output/Debug/Obj/saadc_pca10040/system_nrf52.o

.debug_aranges  0x00000000      0xe00
 .debug_aranges
                0x00000000       0x98 Output/Debug/Obj/saadc_pca10040/thumb_crt0.o
 .debug_aranges
                0x00000098       0x20 Output/Debug/Obj/saadc_pca10040/nrf_log_backend_serial.o
 .debug_aranges
                0x000000b8       0x50 Output/Debug/Obj/saadc_pca10040/nrf_log_backend_uart.o
 .debug_aranges
                0x00000108       0x28 Output/Debug/Obj/saadc_pca10040/nrf_log_default_backends.o
 .debug_aranges
                0x00000130      0x148 Output/Debug/Obj/saadc_pca10040/nrf_log_frontend.o
 .debug_aranges
                0x00000278       0x38 Output/Debug/Obj/saadc_pca10040/nrf_log_str_formatter.o
 .debug_aranges
                0x000002b0       0x30 Output/Debug/Obj/saadc_pca10040/app_error.o
 .debug_aranges
                0x000002e0       0x20 Output/Debug/Obj/saadc_pca10040/app_error_weak.o
 .debug_aranges
                0x00000300       0x50 Output/Debug/Obj/saadc_pca10040/app_util_platform.o
 .debug_aranges
                0x00000350       0x20 Output/Debug/Obj/saadc_pca10040/nrf_assert.o
 .debug_aranges
                0x00000370       0x40 Output/Debug/Obj/saadc_pca10040/nrf_balloc.o
 .debug_aranges
                0x000003b0       0x28 Output/Debug/Obj/saadc_pca10040/nrf_fprintf.o
 .debug_aranges
                0x000003d8       0x40 Output/Debug/Obj/saadc_pca10040/nrf_fprintf_format.o
 .debug_aranges
                0x00000418       0x68 Output/Debug/Obj/saadc_pca10040/nrf_memobj.o
 .debug_aranges